Archive member included to satisfy reference by file (symbol)

Middlewares/ST/ARM/DSP/Lib/libCMSISDSP.a(MatrixFunctions.c.o)
                              build/QuaternionEKF.o (arm_mat_add_f32)
Middlewares/ST/ARM/DSP/Lib/libCMSISDSP.a(FastMathFunctions.c.o)
                              build/ins_task.o (arm_cos_f32)
Middlewares/ST/ARM/DSP/Lib/libCMSISDSP.a(BasicMathFunctions.c.o)
                              Middlewares/ST/ARM/DSP/Lib/libCMSISDSP.a(FastMathFunctions.c.o) (arm_abs_q15)
Middlewares/ST/ARM/DSP/Lib/libCMSISDSP.a(CommonTables.c.o)
                              Middlewares/ST/ARM/DSP/Lib/libCMSISDSP.a(FastMathFunctions.c.o) (sqrt_initial_lut_q15)
c:/Users/Sive/AppData/Roaming/Code/User/globalStorage/bmd.stm32-for-vscode/@xpack-dev-tools/arm-none-eabi-gcc/13.2.1-1.1.1/.content/bin/../lib/gcc/arm-none-eabi/13.2.1/../../../../arm-none-eabi/lib/thumb/v7e-m+fp/hard\libc_nano.a(libc_a-atexit.o)
                              c:/Users/Sive/AppData/Roaming/Code/User/globalStorage/bmd.stm32-for-vscode/@xpack-dev-tools/arm-none-eabi-gcc/13.2.1-1.1.1/.content/bin/../lib/gcc/arm-none-eabi/13.2.1/../../../../arm-none-eabi/lib/thumb/v7e-m+fp/hard/crt0.o (atexit)
c:/Users/Sive/AppData/Roaming/Code/User/globalStorage/bmd.stm32-for-vscode/@xpack-dev-tools/arm-none-eabi-gcc/13.2.1-1.1.1/.content/bin/../lib/gcc/arm-none-eabi/13.2.1/../../../../arm-none-eabi/lib/thumb/v7e-m+fp/hard\libc_nano.a(libc_a-exit.o)
                              c:/Users/Sive/AppData/Roaming/Code/User/globalStorage/bmd.stm32-for-vscode/@xpack-dev-tools/arm-none-eabi-gcc/13.2.1-1.1.1/.content/bin/../lib/gcc/arm-none-eabi/13.2.1/../../../../arm-none-eabi/lib/thumb/v7e-m+fp/hard/crt0.o (exit)
c:/Users/Sive/AppData/Roaming/Code/User/globalStorage/bmd.stm32-for-vscode/@xpack-dev-tools/arm-none-eabi-gcc/13.2.1-1.1.1/.content/bin/../lib/gcc/arm-none-eabi/13.2.1/../../../../arm-none-eabi/lib/thumb/v7e-m+fp/hard\libc_nano.a(libc_a-malloc.o)
                              build/bsp_can.o (malloc)
c:/Users/Sive/AppData/Roaming/Code/User/globalStorage/bmd.stm32-for-vscode/@xpack-dev-tools/arm-none-eabi-gcc/13.2.1-1.1.1/.content/bin/../lib/gcc/arm-none-eabi/13.2.1/../../../../arm-none-eabi/lib/thumb/v7e-m+fp/hard\libc_nano.a(libc_a-mallocr.o)
                              c:/Users/Sive/AppData/Roaming/Code/User/globalStorage/bmd.stm32-for-vscode/@xpack-dev-tools/arm-none-eabi-gcc/13.2.1-1.1.1/.content/bin/../lib/gcc/arm-none-eabi/13.2.1/../../../../arm-none-eabi/lib/thumb/v7e-m+fp/hard\libc_nano.a(libc_a-malloc.o) (_malloc_r)
c:/Users/Sive/AppData/Roaming/Code/User/globalStorage/bmd.stm32-for-vscode/@xpack-dev-tools/arm-none-eabi-gcc/13.2.1-1.1.1/.content/bin/../lib/gcc/arm-none-eabi/13.2.1/../../../../arm-none-eabi/lib/thumb/v7e-m+fp/hard\libc_nano.a(libc_a-mlock.o)
                              c:/Users/Sive/AppData/Roaming/Code/User/globalStorage/bmd.stm32-for-vscode/@xpack-dev-tools/arm-none-eabi-gcc/13.2.1-1.1.1/.content/bin/../lib/gcc/arm-none-eabi/13.2.1/../../../../arm-none-eabi/lib/thumb/v7e-m+fp/hard\libc_nano.a(libc_a-mallocr.o) (__malloc_lock)
c:/Users/Sive/AppData/Roaming/Code/User/globalStorage/bmd.stm32-for-vscode/@xpack-dev-tools/arm-none-eabi-gcc/13.2.1-1.1.1/.content/bin/../lib/gcc/arm-none-eabi/13.2.1/../../../../arm-none-eabi/lib/thumb/v7e-m+fp/hard\libc_nano.a(libc_a-findfp.o)
                              c:/Users/Sive/AppData/Roaming/Code/User/globalStorage/bmd.stm32-for-vscode/@xpack-dev-tools/arm-none-eabi-gcc/13.2.1-1.1.1/.content/bin/../lib/gcc/arm-none-eabi/13.2.1/../../../../arm-none-eabi/lib/thumb/v7e-m+fp/hard\libc_nano.a(libc_a-exit.o) (__stdio_exit_handler)
c:/Users/Sive/AppData/Roaming/Code/User/globalStorage/bmd.stm32-for-vscode/@xpack-dev-tools/arm-none-eabi-gcc/13.2.1-1.1.1/.content/bin/../lib/gcc/arm-none-eabi/13.2.1/../../../../arm-none-eabi/lib/thumb/v7e-m+fp/hard\libc_nano.a(libc_a-fwalk.o)
                              c:/Users/Sive/AppData/Roaming/Code/User/globalStorage/bmd.stm32-for-vscode/@xpack-dev-tools/arm-none-eabi-gcc/13.2.1-1.1.1/.content/bin/../lib/gcc/arm-none-eabi/13.2.1/../../../../arm-none-eabi/lib/thumb/v7e-m+fp/hard\libc_nano.a(libc_a-findfp.o) (_fwalk_sglue)
c:/Users/Sive/AppData/Roaming/Code/User/globalStorage/bmd.stm32-for-vscode/@xpack-dev-tools/arm-none-eabi-gcc/13.2.1-1.1.1/.content/bin/../lib/gcc/arm-none-eabi/13.2.1/../../../../arm-none-eabi/lib/thumb/v7e-m+fp/hard\libc_nano.a(libc_a-sprintf.o)
                              build/bsp_log.o (sprintf)
c:/Users/Sive/AppData/Roaming/Code/User/globalStorage/bmd.stm32-for-vscode/@xpack-dev-tools/arm-none-eabi-gcc/13.2.1-1.1.1/.content/bin/../lib/gcc/arm-none-eabi/13.2.1/../../../../arm-none-eabi/lib/thumb/v7e-m+fp/hard\libc_nano.a(libc_a-sscanf.o)
                              build/distance.o (sscanf)
[...]
Memory Configuration

Name             Origin             Length             Attributes
RAM              0x20000000         0x00020000         xrw
CCMRAM           0x10000000         0x00010000         xrw
FLASH            0x08000000         0x00100000         xr
*default*        0x00000000         0xffffffff

Linker script and memory map

LOAD c:/Users/Sive/AppData/Roaming/Code/User/globalStorage/bmd.stm32-for-vscode/@xpack-dev-tools/arm-none-eabi-gcc/13.2.1-1.1.1/.content/bin/../lib/gcc/arm-none-eabi/13.2.1/thumb/v7e-m+fp/hard/crti.o
LOAD c:/Users/Sive/AppData/Roaming/Code/User/globalStorage/bmd.stm32-for-vscode/@xpack-dev-tools/arm-none-eabi-gcc/13.2.1-1.1.1/.content/bin/../lib/gcc/arm-none-eabi/13.2.1/thumb/v7e-m+fp/hard/crtbegin.o
LOAD c:/Users/Sive/AppData/Roaming/Code/User/globalStorage/bmd.stm32-for-vscode/@xpack-dev-tools/arm-none-eabi-gcc/13.2.1-1.1.1/.content/bin/../lib/gcc/arm-none-eabi/13.2.1/../../../../arm-none-eabi/lib/thumb/v7e-m+fp/hard/crt0.o
LOAD build/can.o
LOAD build/dma.o
LOAD build/freertos.o
LOAD build/gpio.o
LOAD build/i2c.o
LOAD build/main.o
LOAD build/spi.o
LOAD build/stm32f4xx_hal_msp.o
LOAD build/stm32f4xx_it.o
LOAD build/system_stm32f4xx.o
LOAD build/tim.o
LOAD build/usart.o
LOAD build/stm32f4xx_hal.o
LOAD build/stm32f4xx_hal_can.o
LOAD build/stm32f4xx_hal_cortex.o
LOAD build/stm32f4xx_hal_dma.o
LOAD build/stm32f4xx_hal_dma_ex.o
LOAD build/stm32f4xx_hal_exti.o
LOAD build/stm32f4xx_hal_flash.o
LOAD build/stm32f4xx_hal_flash_ex.o
LOAD build/stm32f4xx_hal_flash_ramfunc.o
LOAD build/stm32f4xx_hal_gpio.o
LOAD build/stm32f4xx_hal_i2c.o
LOAD build/stm32f4xx_hal_i2c_ex.o
LOAD build/stm32f4xx_hal_pwr.o
LOAD build/stm32f4xx_hal_pwr_ex.o
LOAD build/stm32f4xx_hal_rcc.o
LOAD build/stm32f4xx_hal_rcc_ex.o
LOAD build/stm32f4xx_hal_spi.o
LOAD build/stm32f4xx_hal_tim.o
LOAD build/stm32f4xx_hal_tim_ex.o
LOAD build/stm32f4xx_hal_uart.o
LOAD build/cmsis_os.o
LOAD build/croutine.o
LOAD build/event_groups.o
LOAD build/list.o
LOAD build/port.o
LOAD build/heap_4.o
LOAD build/queue.o
LOAD build/stream_buffer.o
LOAD build/tasks.o
LOAD build/timers.o
LOAD build/SEGGER_RTT.o
LOAD build/SEGGER_RTT_printf.o
LOAD build/chassis.o
LOAD build/robot_cmd.o
LOAD build/paw.o
LOAD build/robot.o
LOAD build/shoot.o
LOAD build/bsp_delay.o
LOAD build/bsp_spi.o
LOAD build/bsp_can.o
LOAD build/bsp_dwt.o
LOAD build/bsp_log.o
LOAD build/bsp_pwm.o
LOAD build/bsp_usart.o
LOAD build/buzzer.o
LOAD build/MahonyAHRS.o
LOAD build/QuaternionEKF.o
LOAD build/controller.o
LOAD build/kalman_filter.o
LOAD build/pid.o
LOAD build/user_lib.o
LOAD build/daemon.o
LOAD build/distance.o
LOAD build/BMI088Middleware.o
LOAD build/BMI088driver.o
LOAD build/ins_task.o
LOAD build/message_center.o
LOAD build/dji_motor.o
LOAD build/motor_task.o
LOAD build/remote_control.o
LOAD build/SEGGER_RTT_ASM_ARMv7M.o
LOAD build/startup_stm32f407xx.o
LOAD Middlewares/ST/ARM/DSP/Lib/libCMSISDSP.a
LOAD c:/Users/Sive/AppData/Roaming/Code/User/globalStorage/bmd.stm32-for-vscode/@xpack-dev-tools/arm-none-eabi-gcc/13.2.1-1.1.1/.content/bin/../lib/gcc/arm-none-eabi/13.2.1/../../../../arm-none-eabi/lib/thumb/v7e-m+fp/hard\libc_nano.a
LOAD c:/Users/Sive/AppData/Roaming/Code/User/globalStorage/bmd.stm32-for-vscode/@xpack-dev-tools/arm-none-eabi-gcc/13.2.1-1.1.1/.content/bin/../lib/gcc/arm-none-eabi/13.2.1/../../../../arm-none-eabi/lib/thumb/v7e-m+fp/hard\libm.a
LOAD c:/Users/Sive/AppData/Roaming/Code/User/globalStorage/bmd.stm32-for-vscode/@xpack-dev-tools/arm-none-eabi-gcc/13.2.1-1.1.1/.content/bin/../lib/gcc/arm-none-eabi/13.2.1/../../../../arm-none-eabi/lib/thumb/v7e-m+fp/hard\libnosys.a
START GROUP
LOAD c:/Users/Sive/AppData/Roaming/Code/User/globalStorage/bmd.stm32-for-vscode/@xpack-dev-tools/arm-none-eabi-gcc/13.2.1-1.1.1/.content/bin/../lib/gcc/arm-none-eabi/13.2.1/thumb/v7e-m+fp/hard\libgcc.a
LOAD c:/Users/Sive/AppData/Roaming/Code/User/globalStorage/bmd.stm32-for-vscode/@xpack-dev-tools/arm-none-eabi-gcc/13.2.1-1.1.1/.content/bin/../lib/gcc/arm-none-eabi/13.2.1/../../../../arm-none-eabi/lib/thumb/v7e-m+fp/hard\libc_nano.a
END GROUP
START GROUP
LOAD c:/Users/Sive/AppData/Roaming/Code/User/globalStorage/bmd.stm32-for-vscode/@xpack-dev-tools/arm-none-eabi-gcc/13.2.1-1.1.1/.content/bin/../lib/gcc/arm-none-eabi/13.2.1/thumb/v7e-m+fp/hard\libgcc.a
LOAD c:/Users/Sive/AppData/Roaming/Code/User/globalStorage/bmd.stm32-for-vscode/@xpack-dev-tools/arm-none-eabi-gcc/13.2.1-1.1.1/.content/bin/../lib/gcc/arm-none-eabi/13.2.1/../../../../arm-none-eabi/lib/thumb/v7e-m+fp/hard\libc_nano.a
END GROUP
LOAD c:/Users/Sive/AppData/Roaming/Code/User/globalStorage/bmd.stm32-for-vscode/@xpack-dev-tools/arm-none-eabi-gcc/13.2.1-1.1.1/.content/bin/../lib/gcc/arm-none-eabi/13.2.1/thumb/v7e-m+fp/hard/crtend.o
LOAD c:/Users/Sive/AppData/Roaming/Code/User/globalStorage/bmd.stm32-for-vscode/@xpack-dev-tools/arm-none-eabi-gcc/13.2.1-1.1.1/.content/bin/../lib/gcc/arm-none-eabi/13.2.1/thumb/v7e-m+fp/hard/crtn.o
                0x20020000                        _estack = (ORIGIN (RAM) + LENGTH (RAM))
                0x00000200                        _Min_Heap_Size = 0x200
                0x00000400                        _Min_Stack_Size = 0x400

.isr_vector     0x08000000      0x188
                0x08000000                        . = ALIGN (0x4)
 *(.isr_vector)
 .isr_vector    0x08000000      0x188 build/startup_stm32f407xx.o
                0x08000000                g_pfnVectors
                0x08000188                        . = ALIGN (0x4)

.text           0x08000190     0xdad0
                0x08000190                        . = ALIGN (0x4)
 *(.text)
 .text          0x08000190       0x14 c:/Users/Sive/AppData/Roaming/Code/User/globalStorage/bmd.stm32-for-vscode/@xpack-dev-tools/arm-none-eabi-gcc/13.2.1-1.1.1/.content/bin/../lib/gcc/arm-none-eabi/13.2.1/../../../../arm-none-eabi/lib/thumb/v7e-m+fp/hard\libc_nano.a(libc_a-strcmp.o)
                0x08000190                strcmp
 .text          0x080001a4       0x10 c:/Users/Sive/AppData/Roaming/Code/User/globalStorage/bmd.stm32-for-vscode/@xpack-dev-tools/arm-none-eabi-gcc/13.2.1-1.1.1/.content/bin/../lib/gcc/arm-none-eabi/13.2.1/../../../../arm-none-eabi/lib/thumb/v7e-m+fp/hard\libc_nano.a(libc_a-strlen.o)
                0x080001a4                strlen
 *fill*         0x080001b4        0xc 
 .text          0x080001c0       0xa0 c:/Users/Sive/AppData/Roaming/Code/User/globalStorage/bmd.stm32-for-vscode/@xpack-dev-tools/arm-none-eabi-gcc/13.2.1-1.1.1/.content/bin/../lib/gcc/arm-none-eabi/13.2.1/../../../../arm-none-eabi/lib/thumb/v7e-m+fp/hard\libc_nano.a(libc_a-memchr.o)
                0x080001c0                memchr
 .text          0x08000260      0x378 c:/Users/Sive/AppData/Roaming/Code/User/globalStorage/bmd.stm32-for-vscode/@xpack-dev-tools/arm-none-eabi-gcc/13.2.1-1.1.1/.content/bin/../lib/gcc/arm-none-eabi/13.2.1/thumb/v7e-m+fp/hard\libgcc.a(_arm_addsubdf3.o)
                0x08000260                __aeabi_drsub
                0x08000268                __aeabi_dsub
                0x08000268                __subdf3
                0x0800026c                __aeabi_dadd
                0x0800026c                __adddf3
                0x080004e4                __floatunsidf
                0x080004e4                __aeabi_ui2d
                0x08000504                __floatsidf
                0x08000504                __aeabi_i2d
                0x08000528                __aeabi_f2d
                0x08000528                __extendsfdf2
                0x0800056c                __floatundidf
                0x0800056c                __aeabi_ul2d
                0x0800057c                __floatdidf
                0x0800057c                __aeabi_l2d
 .text          0x080005d8      0x424 c:/Users/Sive/AppData/Roaming/Code/User/globalStorage/bmd.stm32-for-vscode/@xpack-dev-tools/arm-none-eabi-gcc/13.2.1-1.1.1/.content/bin/../lib/gcc/arm-none-eabi/13.2.1/thumb/v7e-m+fp/hard\libgcc.a(_arm_muldivdf3.o)
                0x080005d8                __aeabi_dmul
                0x080005d8                __muldf3
                0x0800082c                __divdf3
                0x0800082c                __aeabi_ddiv
 .text          0x080009fc       0x50 c:/Users/Sive/AppData/Roaming/Code/User/globalStorage/bmd.stm32-for-vscode/@xpack-dev-tools/arm-none-eabi-gcc/13.2.1-1.1.1/.content/bin/../lib/gcc/arm-none-eabi/13.2.1/thumb/v7e-m+fp/hard\libgcc.a(_arm_fixdfsi.o)
                0x080009fc                __aeabi_d2iz
                0x080009fc                __fixdfsi
 .text          0x08000a4c       0xa0 c:/Users/Sive/AppData/Roaming/Code/User/globalStorage/bmd.stm32-for-vscode/@xpack-dev-tools/arm-none-eabi-gcc/13.2.1-1.1.1/.content/bin/../lib/gcc/arm-none-eabi/13.2.1/thumb/v7e-m+fp/hard\libgcc.a(_arm_truncdfsf2.o)
                0x08000a4c                __truncdfsf2
                0x08000a4c                __aeabi_d2f
 .text          0x08000aec       0x30 c:/Users/Sive/AppData/Roaming/Code/User/globalStorage/bmd.stm32-for-vscode/@xpack-dev-tools/arm-none-eabi-gcc/13.2.1-1.1.1/.content/bin/../lib/gcc/arm-none-eabi/13.2.1/thumb/v7e-m+fp/hard\libgcc.a(_aeabi_uldivmod.o)
                0x08000aec                __aeabi_uldivmod
 .text          0x08000b1c        0x4 c:/Users/Sive/AppData/Roaming/Code/User/globalStorage/bmd.stm32-for-vscode/@xpack-dev-tools/arm-none-eabi-gcc/13.2.1-1.1.1/.content/bin/../lib/gcc/arm-none-eabi/13.2.1/thumb/v7e-m+fp/hard\libgcc.a(_dvmd_tls.o)
                0x08000b1c                __aeabi_idiv0
                0x08000b1c                __aeabi_ldiv0
 *(.text*)
 .text.__do_global_dtors_aux
                0x08000b20       0x24 c:/Users/Sive/AppData/Roaming/Code/User/globalStorage/bmd.stm32-for-vscode/@xpack-dev-tools/arm-none-eabi-gcc/13.2.1-1.1.1/.content/bin/../lib/gcc/arm-none-eabi/13.2.1/thumb/v7e-m+fp/hard/crtbegin.o
 .text.frame_dummy
                0x08000b44       0x1c c:/Users/Sive/AppData/Roaming/Code/User/globalStorage/bmd.stm32-for-vscode/@xpack-dev-tools/arm-none-eabi-gcc/13.2.1-1.1.1/.content/bin/../lib/gcc/arm-none-eabi/13.2.1/thumb/v7e-m+fp/hard/crtbegin.o
 .text.MX_CAN1_Init
                0x08000b60       0x40 build/can.o
                0x08000b60                MX_CAN1_Init
 .text.MX_CAN2_Init
                0x08000ba0       0x40 build/can.o
                0x08000ba0                MX_CAN2_Init
 .text.HAL_CAN_MspInit
                0x08000be0      0x180 build/can.o
                0x08000be0                HAL_CAN_MspInit
 .text.MX_DMA_Init
                0x08000d60       0xa8 build/dma.o
                0x08000d60                MX_DMA_Init
 .text.vApplicationGetIdleTaskMemory
                0x08000e08       0x18 build/freertos.o
                0x08000e08                vApplicationGetIdleTaskMemory
 .text.vApplicationGetTimerTaskMemory
                0x08000e20       0x18 build/freertos.o
                0x08000e20                vApplicationGetTimerTaskMemory
 .text.MX_FREERTOS_Init
                0x08000e38        0x2 build/freertos.o
                0x08000e38                MX_FREERTOS_Init
 *fill*         0x08000e3a        0x2 
 .text.MX_GPIO_Init
                0x08000e3c      0x184 build/gpio.o
                0x08000e3c                MX_GPIO_Init
 .text.MX_I2C3_Init
                0x08000fc0       0x3c build/i2c.o
                0x08000fc0                MX_I2C3_Init
 .text.HAL_I2C_MspInit
                0x08000ffc       0xa8 build/i2c.o
                0x08000ffc                HAL_I2C_MspInit
 .text.Error_Handler
                0x080010a4        0x4 build/main.o
                0x080010a4                Error_Handler
 .text.SystemClock_Config
                0x080010a8       0xa8 build/main.o
                0x080010a8                SystemClock_Config
 .text.main     0x08001150       0x4c build/main.o
                0x08001150                main
 .text.MX_SPI1_Init
                0x0800119c       0x48 build/spi.o
                0x0800119c                MX_SPI1_Init
 .text.HAL_SPI_MspInit
                0x080011e4      0x130 build/spi.o
                0x080011e4                HAL_SPI_MspInit
 .text.HAL_MspInit
                0x08001314       0x44 build/stm32f4xx_hal_msp.o
                0x08001314                HAL_MspInit
 .text.NMI_Handler
                0x08001358        0x2 build/stm32f4xx_it.o
                0x08001358                NMI_Handler
 .text.HardFault_Handler
                0x0800135a        0x2 build/stm32f4xx_it.o
                0x0800135a                HardFault_Handler
 .text.MemManage_Handler
                0x0800135c        0x2 build/stm32f4xx_it.o
                0x0800135c                MemManage_Handler
 .text.BusFault_Handler
                0x0800135e        0x2 build/stm32f4xx_it.o
                0x0800135e                BusFault_Handler
 .text.UsageFault_Handler
                0x08001360        0x2 build/stm32f4xx_it.o
                0x08001360                UsageFault_Handler
 .text.DebugMon_Handler
                0x08001362        0x2 build/stm32f4xx_it.o
                0x08001362                DebugMon_Handler
 .text.SysTick_Handler
                0x08001364       0x16 build/stm32f4xx_it.o
                0x08001364                SysTick_Handler
 .text.EXTI0_IRQHandler
                0x0800137a        0xa build/stm32f4xx_it.o
                0x0800137a                EXTI0_IRQHandler
 .text.EXTI3_IRQHandler
                0x08001384        0xa build/stm32f4xx_it.o
                0x08001384                EXTI3_IRQHandler
 .text.EXTI4_IRQHandler
                0x0800138e        0xa build/stm32f4xx_it.o
                0x0800138e                EXTI4_IRQHandler
 .text.DMA1_Stream1_IRQHandler
                0x08001398       0x10 build/stm32f4xx_it.o
                0x08001398                DMA1_Stream1_IRQHandler
 .text.CAN1_TX_IRQHandler
                0x080013a8       0x10 build/stm32f4xx_it.o
                0x080013a8                CAN1_TX_IRQHandler
 .text.CAN1_RX0_IRQHandler
                0x080013b8       0x10 build/stm32f4xx_it.o
                0x080013b8                CAN1_RX0_IRQHandler
 .text.CAN1_RX1_IRQHandler
                0x080013c8       0x10 build/stm32f4xx_it.o
                0x080013c8                CAN1_RX1_IRQHandler
 .text.CAN1_SCE_IRQHandler
                0x080013d8       0x10 build/stm32f4xx_it.o
                0x080013d8                CAN1_SCE_IRQHandler
 .text.EXTI9_5_IRQHandler
                0x080013e8        0xa build/stm32f4xx_it.o
                0x080013e8                EXTI9_5_IRQHandler
 *fill*         0x080013f2        0x2 
 .text.USART1_IRQHandler
                0x080013f4       0x10 build/stm32f4xx_it.o
                0x080013f4                USART1_IRQHandler
 .text.USART3_IRQHandler
                0x08001404       0x10 build/stm32f4xx_it.o
                0x08001404                USART3_IRQHandler
 .text.DMA2_Stream1_IRQHandler
                0x08001414       0x10 build/stm32f4xx_it.o
                0x08001414                DMA2_Stream1_IRQHandler
 .text.DMA2_Stream2_IRQHandler
                0x08001424       0x10 build/stm32f4xx_it.o
                0x08001424                DMA2_Stream2_IRQHandler
 .text.DMA2_Stream3_IRQHandler
                0x08001434       0x10 build/stm32f4xx_it.o
                0x08001434                DMA2_Stream3_IRQHandler
 .text.CAN2_TX_IRQHandler
                0x08001444       0x10 build/stm32f4xx_it.o
                0x08001444                CAN2_TX_IRQHandler
 .text.CAN2_RX0_IRQHandler
                0x08001454       0x10 build/stm32f4xx_it.o
                0x08001454                CAN2_RX0_IRQHandler
 .text.CAN2_RX1_IRQHandler
                0x08001464       0x10 build/stm32f4xx_it.o
                0x08001464                CAN2_RX1_IRQHandler
 .text.CAN2_SCE_IRQHandler
                0x08001474       0x10 build/stm32f4xx_it.o
                0x08001474                CAN2_SCE_IRQHandler
 .text.DMA2_Stream5_IRQHandler
                0x08001484       0x10 build/stm32f4xx_it.o
                0x08001484                DMA2_Stream5_IRQHandler
 .text.DMA2_Stream6_IRQHandler
                0x08001494       0x10 build/stm32f4xx_it.o
                0x08001494                DMA2_Stream6_IRQHandler
 .text.DMA2_Stream7_IRQHandler
                0x080014a4       0x10 build/stm32f4xx_it.o
                0x080014a4                DMA2_Stream7_IRQHandler
 .text.USART6_IRQHandler
                0x080014b4       0x10 build/stm32f4xx_it.o
                0x080014b4                USART6_IRQHandler
 .text.SystemInit
                0x080014c4       0x14 build/system_stm32f4xx.o
                0x080014c4                SystemInit
 .text.HAL_TIM_Base_MspInit
                0x080014d8       0x78 build/tim.o
                0x080014d8                HAL_TIM_Base_MspInit
 .text.HAL_TIM_MspPostInit
                0x08001550       0xe0 build/tim.o
                0x08001550                HAL_TIM_MspPostInit
 .text.MX_TIM4_Init
                0x08001630       0xb0 build/tim.o
                0x08001630                MX_TIM4_Init
 .text.MX_TIM5_Init
                0x080016e0       0xd4 build/tim.o
                0x080016e0                MX_TIM5_Init
 .text.MX_TIM10_Init
                0x080017b4       0x74 build/tim.o
                0x080017b4                MX_TIM10_Init
 .text.MX_USART1_UART_Init
                0x08001828       0x34 build/usart.o
                0x08001828                MX_USART1_UART_Init
 .text.MX_USART3_UART_Init
                0x0800185c       0x3c build/usart.o
                0x0800185c                MX_USART3_UART_Init
 .text.MX_USART6_UART_Init
                0x08001898       0x34 build/usart.o
                0x08001898                MX_USART6_UART_Init
 .text.HAL_UART_MspInit
                0x080018cc      0x2c4 build/usart.o
                0x080018cc                HAL_UART_MspInit
 .text.HAL_InitTick
                0x08001b90       0x4c build/stm32f4xx_hal.o
                0x08001b90                HAL_InitTick
 .text.HAL_Init
                0x08001bdc       0x34 build/stm32f4xx_hal.o
                0x08001bdc                HAL_Init
 .text.HAL_IncTick
                0x08001c10       0x18 build/stm32f4xx_hal.o
                0x08001c10                HAL_IncTick
 .text.HAL_GetTick
                0x08001c28        0xc build/stm32f4xx_hal.o
                0x08001c28                HAL_GetTick
 .text.HAL_CAN_Init
                0x08001c34      0x14c build/stm32f4xx_hal_can.o
                0x08001c34                HAL_CAN_Init
 .text.HAL_CAN_ConfigFilter
                0x08001d80      0x138 build/stm32f4xx_hal_can.o
                0x08001d80                HAL_CAN_ConfigFilter
 .text.HAL_CAN_Start
                0x08001eb8       0x5c build/stm32f4xx_hal_can.o
                0x08001eb8                HAL_CAN_Start
 .text.HAL_CAN_AddTxMessage
                0x08001f14       0xea build/stm32f4xx_hal_can.o
                0x08001f14                HAL_CAN_AddTxMessage
 .text.HAL_CAN_GetTxMailboxesFreeLevel
                0x08001ffe       0x32 build/stm32f4xx_hal_can.o
                0x08001ffe                HAL_CAN_GetTxMailboxesFreeLevel
 .text.HAL_CAN_GetRxMessage
                0x08002030      0x16a build/stm32f4xx_hal_can.o
                0x08002030                HAL_CAN_GetRxMessage
 .text.HAL_CAN_GetRxFifoFillLevel
                0x0800219a       0x26 build/stm32f4xx_hal_can.o
                0x0800219a                HAL_CAN_GetRxFifoFillLevel
 .text.HAL_CAN_ActivateNotification
                0x080021c0       0x24 build/stm32f4xx_hal_can.o
                0x080021c0                HAL_CAN_ActivateNotification
 .text.HAL_CAN_TxMailbox0CompleteCallback
                0x080021e4        0x2 build/stm32f4xx_hal_can.o
                0x080021e4                HAL_CAN_TxMailbox0CompleteCallback
 .text.HAL_CAN_TxMailbox1CompleteCallback
                0x080021e6        0x2 build/stm32f4xx_hal_can.o
                0x080021e6                HAL_CAN_TxMailbox1CompleteCallback
 .text.HAL_CAN_TxMailbox2CompleteCallback
                0x080021e8        0x2 build/stm32f4xx_hal_can.o
                0x080021e8                HAL_CAN_TxMailbox2CompleteCallback
 .text.HAL_CAN_TxMailbox0AbortCallback
                0x080021ea        0x2 build/stm32f4xx_hal_can.o
                0x080021ea                HAL_CAN_TxMailbox0AbortCallback
 .text.HAL_CAN_TxMailbox1AbortCallback
                0x080021ec        0x2 build/stm32f4xx_hal_can.o
                0x080021ec                HAL_CAN_TxMailbox1AbortCallback
 .text.HAL_CAN_TxMailbox2AbortCallback
                0x080021ee        0x2 build/stm32f4xx_hal_can.o
                0x080021ee                HAL_CAN_TxMailbox2AbortCallback
 .text.HAL_CAN_RxFifo0FullCallback
                0x080021f0        0x2 build/stm32f4xx_hal_can.o
                0x080021f0                HAL_CAN_RxFifo0FullCallback
 .text.HAL_CAN_RxFifo1FullCallback
                0x080021f2        0x2 build/stm32f4xx_hal_can.o
                0x080021f2                HAL_CAN_RxFifo1FullCallback
 .text.HAL_CAN_SleepCallback
                0x080021f4        0x2 build/stm32f4xx_hal_can.o
                0x080021f4                HAL_CAN_SleepCallback
 .text.HAL_CAN_WakeUpFromRxMsgCallback
                0x080021f6        0x2 build/stm32f4xx_hal_can.o
                0x080021f6                HAL_CAN_WakeUpFromRxMsgCallback
 .text.HAL_CAN_ErrorCallback
                0x080021f8        0x2 build/stm32f4xx_hal_can.o
                0x080021f8                HAL_CAN_ErrorCallback
 .text.HAL_CAN_IRQHandler
                0x080021fa      0x250 build/stm32f4xx_hal_can.o
                0x080021fa                HAL_CAN_IRQHandler
 *fill*         0x0800244a        0x2 
 .text.__NVIC_EnableIRQ
                0x0800244c       0x1c build/stm32f4xx_hal_cortex.o
 .text.__NVIC_SetPriority
                0x08002468       0x28 build/stm32f4xx_hal_cortex.o
 .text.NVIC_EncodePriority
                0x08002490       0x3e build/stm32f4xx_hal_cortex.o
 *fill*         0x080024ce        0x2 
 .text.HAL_NVIC_SetPriorityGrouping
                0x080024d0       0x24 build/stm32f4xx_hal_cortex.o
                0x080024d0                HAL_NVIC_SetPriorityGrouping
 .text.HAL_NVIC_SetPriority
                0x080024f4       0x20 build/stm32f4xx_hal_cortex.o
                0x080024f4                HAL_NVIC_SetPriority
 .text.HAL_NVIC_EnableIRQ
                0x08002514        0x8 build/stm32f4xx_hal_cortex.o
                0x08002514                HAL_NVIC_EnableIRQ
 .text.HAL_SYSTICK_Config
                0x0800251c       0x28 build/stm32f4xx_hal_cortex.o
                0x0800251c                HAL_SYSTICK_Config
 .text.DMA_SetConfig
                0x08002544       0x2c build/stm32f4xx_hal_dma.o
 .text.DMA_CalcBaseAndBitshift
                0x08002570       0x3c build/stm32f4xx_hal_dma.o
 .text.DMA_CheckFifoParam
                0x080025ac       0x8e build/stm32f4xx_hal_dma.o
 *fill*         0x0800263a        0x2 
 .text.HAL_DMA_Init
                0x0800263c       0xcc build/stm32f4xx_hal_dma.o
                0x0800263c                HAL_DMA_Init
 .text.HAL_DMA_Start_IT
                0x08002708       0x6a build/stm32f4xx_hal_dma.o
                0x08002708                HAL_DMA_Start_IT
 .text.HAL_DMA_Abort
                0x08002772       0x94 build/stm32f4xx_hal_dma.o
                0x08002772                HAL_DMA_Abort
 .text.HAL_DMA_Abort_IT
                0x08002806       0x26 build/stm32f4xx_hal_dma.o
                0x08002806                HAL_DMA_Abort_IT
 .text.HAL_DMA_IRQHandler
                0x0800282c      0x1dc build/stm32f4xx_hal_dma.o
                0x0800282c                HAL_DMA_IRQHandler
 .text.HAL_GPIO_Init
                0x08002a08      0x1ec build/stm32f4xx_hal_gpio.o
                0x08002a08                HAL_GPIO_Init
 .text.HAL_GPIO_WritePin
                0x08002bf4        0xc build/stm32f4xx_hal_gpio.o
                0x08002bf4                HAL_GPIO_WritePin
 .text.HAL_GPIO_EXTI_Callback
                0x08002c00        0x2 build/stm32f4xx_hal_gpio.o
                0x08002c00                HAL_GPIO_EXTI_Callback
 *fill*         0x08002c02        0x2 
 .text.HAL_GPIO_EXTI_IRQHandler
                0x08002c04       0x1c build/stm32f4xx_hal_gpio.o
                0x08002c04                HAL_GPIO_EXTI_IRQHandler
 .text.HAL_I2C_Init
                0x08002c20      0x1bc build/stm32f4xx_hal_i2c.o
                0x08002c20                HAL_I2C_Init
 .text.HAL_RCC_OscConfig
                0x08002ddc      0x3f8 build/stm32f4xx_hal_rcc.o
                0x08002ddc                HAL_RCC_OscConfig
 .text.HAL_RCC_GetSysClockFreq
                0x080031d4       0xa8 build/stm32f4xx_hal_rcc.o
                0x080031d4                HAL_RCC_GetSysClockFreq
 .text.HAL_RCC_ClockConfig
                0x0800327c      0x160 build/stm32f4xx_hal_rcc.o
                0x0800327c                HAL_RCC_ClockConfig
 .text.HAL_RCC_GetHCLKFreq
                0x080033dc        0xc build/stm32f4xx_hal_rcc.o
                0x080033dc                HAL_RCC_GetHCLKFreq
 .text.HAL_RCC_GetPCLK1Freq
                0x080033e8       0x20 build/stm32f4xx_hal_rcc.o
                0x080033e8                HAL_RCC_GetPCLK1Freq
 .text.HAL_RCC_GetPCLK2Freq
                0x08003408       0x20 build/stm32f4xx_hal_rcc.o
                0x08003408                HAL_RCC_GetPCLK2Freq
 .text.SPI_WaitFlagStateUntilTimeout
                0x08003428       0xc8 build/stm32f4xx_hal_spi.o
 .text.SPI_EndRxTxTransaction
                0x080034f0       0x80 build/stm32f4xx_hal_spi.o
 .text.HAL_SPI_Init
                0x08003570       0xbe build/stm32f4xx_hal_spi.o
                0x08003570                HAL_SPI_Init
 .text.HAL_SPI_TransmitReceive
                0x0800362e      0x244 build/stm32f4xx_hal_spi.o
                0x0800362e                HAL_SPI_TransmitReceive
 *fill*         0x08003872        0x2 
 .text.TIM_OC1_SetConfig
                0x08003874       0x70 build/stm32f4xx_hal_tim.o
 .text.TIM_OC3_SetConfig
                0x080038e4       0x70 build/stm32f4xx_hal_tim.o
 .text.TIM_OC4_SetConfig
                0x08003954       0x50 build/stm32f4xx_hal_tim.o
 .text.TIM_TI1_ConfigInputStage
                0x080039a4       0x26 build/stm32f4xx_hal_tim.o
 .text.TIM_TI2_ConfigInputStage
                0x080039ca       0x28 build/stm32f4xx_hal_tim.o
 .text.TIM_ITRx_SetConfig
                0x080039f2       0x10 build/stm32f4xx_hal_tim.o
 .text.HAL_TIM_PWM_MspInit
                0x08003a02        0x2 build/stm32f4xx_hal_tim.o
                0x08003a02                HAL_TIM_PWM_MspInit
 .text.TIM_Base_SetConfig
                0x08003a04       0xd8 build/stm32f4xx_hal_tim.o
                0x08003a04                TIM_Base_SetConfig
 .text.HAL_TIM_Base_Init
                0x08003adc       0x58 build/stm32f4xx_hal_tim.o
                0x08003adc                HAL_TIM_Base_Init
 .text.HAL_TIM_PWM_Init
                0x08003b34       0x58 build/stm32f4xx_hal_tim.o
                0x08003b34                HAL_TIM_PWM_Init
 .text.TIM_OC2_SetConfig
                0x08003b8c       0x70 build/stm32f4xx_hal_tim.o
                0x08003b8c                TIM_OC2_SetConfig
 .text.HAL_TIM_PWM_ConfigChannel
                0x08003bfc       0xdc build/stm32f4xx_hal_tim.o
                0x08003bfc                HAL_TIM_PWM_ConfigChannel
 .text.TIM_ETR_SetConfig
                0x08003cd8       0x1a build/stm32f4xx_hal_tim.o
                0x08003cd8                TIM_ETR_SetConfig
 .text.HAL_TIM_ConfigClockSource
                0x08003cf2       0xfe build/stm32f4xx_hal_tim.o
                0x08003cf2                HAL_TIM_ConfigClockSource
 .text.TIM_CCxChannelCmd
                0x08003df0       0x1e build/stm32f4xx_hal_tim.o
                0x08003df0                TIM_CCxChannelCmd
 *fill*         0x08003e0e        0x2 
 .text.HAL_TIM_PWM_Start
                0x08003e10      0x104 build/stm32f4xx_hal_tim.o
                0x08003e10                HAL_TIM_PWM_Start
 .text.HAL_TIMEx_MasterConfigSynchronization
                0x08003f14       0x8c build/stm32f4xx_hal_tim_ex.o
                0x08003f14                HAL_TIMEx_MasterConfigSynchronization
 .text.UART_EndTxTransfer
                0x08003fa0       0x20 build/stm32f4xx_hal_uart.o
 .text.UART_EndRxTransfer
                0x08003fc0       0x5c build/stm32f4xx_hal_uart.o
 .text.UART_Transmit_IT
                0x0800401c       0x60 build/stm32f4xx_hal_uart.o
 .text.UART_SetConfig
                0x0800407c      0x110 build/stm32f4xx_hal_uart.o
 .text.HAL_UART_Init
                0x0800418c       0x60 build/stm32f4xx_hal_uart.o
                0x0800418c                HAL_UART_Init
 .text.HAL_UART_TxCpltCallback
                0x080041ec        0x2 build/stm32f4xx_hal_uart.o
                0x080041ec                HAL_UART_TxCpltCallback
 .text.UART_EndTransmit_IT
                0x080041ee       0x1a build/stm32f4xx_hal_uart.o
 .text.HAL_UART_RxCpltCallback
                0x08004208        0x2 build/stm32f4xx_hal_uart.o
                0x08004208                HAL_UART_RxCpltCallback
 .text.HAL_UART_RxHalfCpltCallback
                0x0800420a        0x2 build/stm32f4xx_hal_uart.o
                0x0800420a                HAL_UART_RxHalfCpltCallback
 .text.UART_DMAError
                0x0800420c       0x58 build/stm32f4xx_hal_uart.o
 .text.UART_DMAAbortOnError
                0x08004264       0x10 build/stm32f4xx_hal_uart.o
 .text.UART_Receive_IT
                0x08004274       0xe6 build/stm32f4xx_hal_uart.o
 *fill*         0x0800435a        0x2 
 .text.HAL_UART_IRQHandler
                0x0800435c      0x284 build/stm32f4xx_hal_uart.o
                0x0800435c                HAL_UART_IRQHandler
 .text.UART_DMARxHalfCplt
                0x080045e0       0x1e build/stm32f4xx_hal_uart.o
 .text.UART_DMAReceiveCplt
                0x080045fe       0x9a build/stm32f4xx_hal_uart.o
 .text.UART_Start_Receive_DMA
                0x08004698       0xa4 build/stm32f4xx_hal_uart.o
                0x08004698                UART_Start_Receive_DMA
 .text.HAL_UARTEx_ReceiveToIdle_DMA
                0x0800473c       0x66 build/stm32f4xx_hal_uart.o
                0x0800473c                HAL_UARTEx_ReceiveToIdle_DMA
 .text.makeFreeRtosPriority
                0x080047a2        0xc build/cmsis_os.o
 .text.osKernelStart
                0x080047ae        0xa build/cmsis_os.o
                0x080047ae                osKernelStart
 .text.osThreadCreate
                0x080047b8       0x66 build/cmsis_os.o
                0x080047b8                osThreadCreate
 .text.osDelay  0x0800481e        0xe build/cmsis_os.o
                0x0800481e                osDelay
 .text.vListInitialise
                0x0800482c       0x16 build/list.o
                0x0800482c                vListInitialise
 .text.vListInitialiseItem
                0x08004842        0x6 build/list.o
                0x08004842                vListInitialiseItem
 .text.vListInsertEnd
                0x08004848       0x16 build/list.o
                0x08004848                vListInsertEnd
 .text.vListInsert
                0x0800485e       0x32 build/list.o
                0x0800485e                vListInsert
 .text.uxListRemove
                0x08004890       0x26 build/list.o
                0x08004890                uxListRemove
 *fill*         0x080048b6        0x2 
 .text.prvTaskExitError
                0x080048b8       0x40 build/port.o
 .text.prvPortStartFirstTask
                0x080048f8       0x28 build/port.o
 .text.vPortEnableVFP
                0x08004920       0x14 build/port.o
 .text.pxPortInitialiseStack
                0x08004934       0x2c build/port.o
                0x08004934                pxPortInitialiseStack
 .text.SVC_Handler
                0x08004960       0x24 build/port.o
                0x08004960                SVC_Handler
 .text.vPortEnterCritical
                0x08004984       0x44 build/port.o
                0x08004984                vPortEnterCritical
 .text.vPortExitCritical
                0x080049c8       0x2c build/port.o
                0x080049c8                vPortExitCritical
 *fill*         0x080049f4        0xc 
 .text.PendSV_Handler
                0x08004a00       0x64 build/port.o
                0x08004a00                PendSV_Handler
 .text.xPortSysTickHandler
                0x08004a64       0x2c build/port.o
                0x08004a64                xPortSysTickHandler
 .text.vPortSetupTimerInterrupt
                0x08004a90       0x28 build/port.o
                0x08004a90                vPortSetupTimerInterrupt
 .text.xPortStartScheduler
                0x08004ab8      0x118 build/port.o
                0x08004ab8                xPortStartScheduler
 .text.vPortValidateInterruptPriority
                0x08004bd0       0x5c build/port.o
                0x08004bd0                vPortValidateInterruptPriority
 .text.prvHeapInit
                0x08004c2c       0x64 build/heap_4.o
 .text.prvInsertBlockIntoFreeList
                0x08004c90       0x64 build/heap_4.o
 .text.pvPortMalloc
                0x08004cf4      0x104 build/heap_4.o
                0x08004cf4                pvPortMalloc
 .text.vPortFree
                0x08004df8       0x7c build/heap_4.o
                0x08004df8                vPortFree
 .text.prvIsQueueFull
                0x08004e74       0x1e build/queue.o
 .text.prvIsQueueEmpty
                0x08004e92       0x1a build/queue.o
 .text.prvCopyDataToQueue
                0x08004eac       0x76 build/queue.o
 .text.prvCopyDataFromQueue
                0x08004f22       0x24 build/queue.o
 .text.prvUnlockQueue
                0x08004f46       0x6e build/queue.o
 .text.xQueueGenericReset
                0x08004fb4       0x84 build/queue.o
                0x08004fb4                xQueueGenericReset
 .text.prvInitialiseNewQueue
                0x08005038       0x1c build/queue.o
 .text.xQueueGenericCreateStatic
                0x08005054       0x94 build/queue.o
                0x08005054                xQueueGenericCreateStatic
 .text.xQueueGenericSend
                0x080050e8      0x188 build/queue.o
                0x080050e8                xQueueGenericSend
 .text.xQueueGenericSendFromISR
                0x08005270       0xce build/queue.o
                0x08005270                xQueueGenericSendFromISR
 .text.xQueueReceive
                0x0800533e      0x15e build/queue.o
                0x0800533e                xQueueReceive
 .text.vQueueAddToRegistry
                0x0800549c       0x28 build/queue.o
                0x0800549c                vQueueAddToRegistry
 .text.vQueueWaitForMessageRestricted
                0x080054c4       0x52 build/queue.o
                0x080054c4                vQueueWaitForMessageRestricted
 *fill*         0x08005516        0x2 
 .text.prvResetNextTaskUnblockTime
                0x08005518       0x2c build/tasks.o
 .text.prvInitialiseNewTask
                0x08005544       0xa6 build/tasks.o
 *fill*         0x080055ea        0x2 
 .text.prvInitialiseTaskLists
                0x080055ec       0x68 build/tasks.o
 .text.prvAddNewTaskToReadyList
                0x08005654       0xa8 build/tasks.o
 .text.prvDeleteTCB
                0x080056fc       0x38 build/tasks.o
 .text.prvCheckTasksWaitingTermination
                0x08005734       0x4c build/tasks.o
 .text.prvIdleTask
                0x08005780       0x28 build/tasks.o
 .text.prvAddCurrentTaskToDelayedList
                0x080057a8       0xa0 build/tasks.o
 .text.xTaskCreateStatic
                0x08005848       0x76 build/tasks.o
                0x08005848                xTaskCreateStatic
 .text.xTaskCreate
                0x080058be       0x64 build/tasks.o
                0x080058be                xTaskCreate
 *fill*         0x08005922        0x2 
 .text.vTaskStartScheduler
                0x08005924       0x98 build/tasks.o
                0x08005924                vTaskStartScheduler
 .text.vTaskSuspendAll
                0x080059bc       0x10 build/tasks.o
                0x080059bc                vTaskSuspendAll
 .text.xTaskGetTickCount
                0x080059cc        0xc build/tasks.o
                0x080059cc                xTaskGetTickCount
 .text.xTaskIncrementTick
                0x080059d8      0x118 build/tasks.o
                0x080059d8                xTaskIncrementTick
 .text.xTaskResumeAll
                0x08005af0       0xf8 build/tasks.o
                0x08005af0                xTaskResumeAll
 .text.vTaskDelay
                0x08005be8       0x4c build/tasks.o
                0x08005be8                vTaskDelay
 .text.vTaskSwitchContext
                0x08005c34       0x98 build/tasks.o
                0x08005c34                vTaskSwitchContext
 .text.vTaskPlaceOnEventList
                0x08005ccc       0x30 build/tasks.o
                0x08005ccc                vTaskPlaceOnEventList
 .text.vTaskPlaceOnEventListRestricted
                0x08005cfc       0x38 build/tasks.o
                0x08005cfc                vTaskPlaceOnEventListRestricted
 .text.xTaskRemoveFromEventList
                0x08005d34       0x8c build/tasks.o
                0x08005d34                xTaskRemoveFromEventList
 .text.vTaskInternalSetTimeOutState
                0x08005dc0       0x18 build/tasks.o
                0x08005dc0                vTaskInternalSetTimeOutState
 .text.xTaskCheckForTimeOut
                0x08005dd8       0xa0 build/tasks.o
                0x08005dd8                xTaskCheckForTimeOut
 .text.vTaskMissedYield
                0x08005e78        0xc build/tasks.o
                0x08005e78                vTaskMissedYield
 .text.xTaskGetSchedulerState
                0x08005e84       0x20 build/tasks.o
                0x08005e84                xTaskGetSchedulerState
 .text.xTaskPriorityDisinherit
                0x08005ea4       0xb0 build/tasks.o
                0x08005ea4                xTaskPriorityDisinherit
 .text.prvGetNextExpireTime
                0x08005f54       0x20 build/timers.o
 .text.prvInsertTimerInActiveList
                0x08005f74       0x48 build/timers.o
 .text.prvCheckForValidListAndQueue
                0x08005fbc       0x70 build/timers.o
 .text.xTimerCreateTimerTask
                0x0800602c       0x64 build/timers.o
                0x0800602c                xTimerCreateTimerTask
 .text.xTimerGenericCommand
                0x08006090       0x6c build/timers.o
                0x08006090                xTimerGenericCommand
 .text.prvSwitchTimerLists
                0x080060fc       0x7c build/timers.o
 .text.prvSampleTimeNow
                0x08006178       0x2c build/timers.o
 .text.prvProcessExpiredTimer
                0x080061a4       0x6c build/timers.o
 .text.prvProcessTimerOrBlockTask
                0x08006210       0x74 build/timers.o
 .text.prvProcessReceivedCommands
                0x08006284      0x10c build/timers.o
 .text.prvTimerTask
                0x08006390       0x16 build/timers.o
 *fill*         0x080063a6        0x2 
 .text._DoInit  0x080063a8       0x6c build/SEGGER_RTT.o
 .text.SEGGER_RTT_Init
                0x08006414        0x8 build/SEGGER_RTT.o
                0x08006414                SEGGER_RTT_Init
 .text.MecanumCalculate
                0x0800641c       0x6c build/chassis.o
 .text.EstimateChassisAngle
                0x08006488       0x18 build/chassis.o
 .text.LimitChassisOutput
                0x080064a0       0x5c build/chassis.o
 .text.ChassisInit
                0x080064fc      0x100 build/chassis.o
                0x080064fc                ChassisInit
 *fill*         0x080065fc        0x4 
 .text.ChassisTask
                0x08006600       0xf0 build/chassis.o
                0x08006600                ChassisTask
 .text.EmergencyHandler
                0x080066f0       0x5c build/robot_cmd.o
 .text.RemoteControlSet
                0x0800674c      0x128 build/robot_cmd.o
 .text.RobotCMDInit
                0x08006874       0xac build/robot_cmd.o
                0x08006874                RobotCMDInit
 .text.RobotCMDTask
                0x08006920       0x68 build/robot_cmd.o
                0x08006920                RobotCMDTask
 .text.PawInit  0x08006988      0x144 build/paw.o
                0x08006988                PawInit
 .text.PawTask  0x08006acc      0x160 build/paw.o
                0x08006acc                PawTask
 .text.StartINSTASK
                0x08006c2c       0x38 build/robot.o
                0x08006c2c                StartINSTASK
 .text.StartMOTORTASK
                0x08006c64       0x34 build/robot.o
                0x08006c64                StartMOTORTASK
 .text.StartDAEMONTASK
                0x08006c98       0x3c build/robot.o
                0x08006c98                StartDAEMONTASK
 .text.OSTaskInit
                0x08006cd4       0xac build/robot.o
                0x08006cd4                OSTaskInit
 .text.BSPInit  0x08006d80        0xe build/robot.o
                0x08006d80                BSPInit
 .text.RobotInit
                0x08006d8e       0x20 build/robot.o
                0x08006d8e                RobotInit
 .text.RobotTask
                0x08006dae       0x14 build/robot.o
                0x08006dae                RobotTask
 *fill*         0x08006dc2        0x2 
 .text.StartROBOTTASK
                0x08006dc4       0x34 build/robot.o
                0x08006dc4                StartROBOTTASK
 .text.ShootInit
                0x08006df8      0x124 build/shoot.o
                0x08006df8                ShootInit
 .text.ShootTask
                0x08006f1c      0x170 build/shoot.o
                0x08006f1c                ShootTask
 .text.delay_init
                0x0800708c       0x34 build/bsp_delay.o
                0x0800708c                delay_init
 .text.CANServiceInit
                0x080070c0       0x3c build/bsp_can.o
 .text.CANAddFilter
                0x080070fc       0x60 build/bsp_can.o
 .text.CANFIFOxCallback
                0x0800715c       0x78 build/bsp_can.o
 .text.CANRegister
                0x080071d4       0x98 build/bsp_can.o
                0x080071d4                CANRegister
 .text.CANTransmit
                0x0800726c       0x78 build/bsp_can.o
                0x0800726c                CANTransmit
 .text.HAL_CAN_RxFifo0MsgPendingCallback
                0x080072e4        0xa build/bsp_can.o
                0x080072e4                HAL_CAN_RxFifo0MsgPendingCallback
 .text.HAL_CAN_RxFifo1MsgPendingCallback
                0x080072ee        0xa build/bsp_can.o
                0x080072ee                HAL_CAN_RxFifo1MsgPendingCallback
 .text.DWT_CNT_Update
                0x080072f8       0x4c build/bsp_dwt.o
 .text.DWT_Init
                0x08007344       0x70 build/bsp_dwt.o
                0x08007344                DWT_Init
 .text.DWT_GetDeltaT
                0x080073b4       0x48 build/bsp_dwt.o
                0x080073b4                DWT_GetDeltaT
 .text.DWT_SysTimeUpdate
                0x080073fc       0xd4 build/bsp_dwt.o
                0x080073fc                DWT_SysTimeUpdate
 .text.DWT_GetTimeline_s
                0x080074d0       0x4c build/bsp_dwt.o
                0x080074d0                DWT_GetTimeline_s
 .text.DWT_GetTimeline_ms
                0x0800751c       0x3c build/bsp_dwt.o
                0x0800751c                DWT_GetTimeline_ms
 .text.DWT_Delay
                0x08007558       0x34 build/bsp_dwt.o
                0x08007558                DWT_Delay
 .text.BSPLogInit
                0x0800758c        0x8 build/bsp_log.o
                0x0800758c                BSPLogInit
 .text.PWMSelectTclk
                0x08007594       0x74 build/bsp_pwm.o
 .text.PWMSetPeriod
                0x08007608       0x44 build/bsp_pwm.o
                0x08007608                PWMSetPeriod
 .text.PWMSetDutyRatio
                0x0800764c       0x74 build/bsp_pwm.o
                0x0800764c                PWMSetDutyRatio
 .text.PWMRegister
                0x080076c0       0x7c build/bsp_pwm.o
                0x080076c0                PWMRegister
 .text.USARTServiceInit
                0x0800773c       0x24 build/bsp_usart.o
                0x0800773c                USARTServiceInit
 .text.USARTRegister
                0x08007760       0x70 build/bsp_usart.o
                0x08007760                USARTRegister
 .text.HAL_UARTEx_RxEventCallback
                0x080077d0       0x6c build/bsp_usart.o
                0x080077d0                HAL_UARTEx_RxEventCallback
 .text.HAL_UART_ErrorCallback
                0x0800783c       0x4c build/bsp_usart.o
                0x0800783c                HAL_UART_ErrorCallback
 .text.BuzzerInit
                0x08007888       0x3c build/buzzer.o
                0x08007888                BuzzerInit
 .text.BuzzerTask
                0x080078c4       0xd4 build/buzzer.o
                0x080078c4                BuzzerTask
 .text.invSqrt  0x08007998       0x30 build/QuaternionEKF.o
 .text.IMU_QuaternionEKF_F_Linearization_P_Fading
                0x080079c8      0x1a0 build/QuaternionEKF.o
 .text.IMU_QuaternionEKF_Observe
                0x08007b68       0x38 build/QuaternionEKF.o
 .text.IMU_QuaternionEKF_xhatUpdate
                0x08007ba0      0x444 build/QuaternionEKF.o
 .text.IMU_QuaternionEKF_SetH
                0x08007fe4       0xe4 build/QuaternionEKF.o
 .text.IMU_QuaternionEKF_Init
                0x080080c8       0xe4 build/QuaternionEKF.o
                0x080080c8                IMU_QuaternionEKF_Init
 .text.IMU_QuaternionEKF_Update
                0x080081ac      0x420 build/QuaternionEKF.o
                0x080081ac                IMU_QuaternionEKF_Update
 .text.f_Trapezoid_Intergral
                0x080085cc       0x2a build/controller.o
 .text.f_Changing_Integration_Rate
                0x080085f6       0x66 build/controller.o
 .text.f_Integral_Limit
                0x0800865c       0x94 build/controller.o
 .text.f_Derivative_On_Measurement
                0x080086f0       0x22 build/controller.o
 .text.f_Derivative_Filter
                0x08008712       0x2e build/controller.o
 .text.f_Output_Filter
                0x08008740       0x2e build/controller.o
 .text.f_Output_Limit
                0x0800876e       0x2e build/controller.o
 .text.f_PID_ErrorHandle
                0x0800879c       0x90 build/controller.o
 .text.PIDInit  0x0800882c       0x4a build/controller.o
                0x0800882c                PIDInit
 .text.PIDCalculate
                0x08008876      0x140 build/controller.o
                0x08008876                PIDCalculate
 *fill*         0x080089b6        0x2 
 .text.H_K_R_Adjustment
                0x080089b8      0x114 build/kalman_filter.o
 .text.Kalman_Filter_Init
                0x08008acc      0x42c build/kalman_filter.o
                0x08008acc                Kalman_Filter_Init
 .text.Kalman_Filter_Measure
                0x08008ef8       0x4c build/kalman_filter.o
                0x08008ef8                Kalman_Filter_Measure
 .text.Kalman_Filter_xhatMinusUpdate
                0x08008f44       0x76 build/kalman_filter.o
                0x08008f44                Kalman_Filter_xhatMinusUpdate
 .text.Kalman_Filter_PminusUpdate
                0x08008fba       0x68 build/kalman_filter.o
                0x08008fba                Kalman_Filter_PminusUpdate
 .text.Kalman_Filter_SetK
                0x08009022       0xcc build/kalman_filter.o
                0x08009022                Kalman_Filter_SetK
 .text.Kalman_Filter_xhatUpdate
                0x080090ee       0x82 build/kalman_filter.o
                0x080090ee                Kalman_Filter_xhatUpdate
 .text.Kalman_Filter_P_Update
                0x08009170       0x64 build/kalman_filter.o
                0x08009170                Kalman_Filter_P_Update
 .text.Kalman_Filter_Update
                0x080091d4       0xf8 build/kalman_filter.o
                0x080091d4                Kalman_Filter_Update
 .text.Sqrt     0x080092cc       0x5c build/user_lib.o
                0x080092cc                Sqrt
 .text.float_constrain
                0x08009328       0x20 build/user_lib.o
                0x08009328                float_constrain
 .text.float_rounding
                0x08009348       0x40 build/user_lib.o
                0x08009348                float_rounding
 .text.Norm3d   0x08009388       0x4c build/user_lib.o
                0x08009388                Norm3d
 .text.Cross3d  0x080093d4       0x62 build/user_lib.o
                0x080093d4                Cross3d
 .text.Dot3d    0x08009436       0x2e build/user_lib.o
                0x08009436                Dot3d
 .text.DaemonRegister
                0x08009464       0x48 build/daemon.o
                0x08009464                DaemonRegister
 .text.DaemonReload
                0x080094ac        0x6 build/daemon.o
                0x080094ac                DaemonReload
 *fill*         0x080094b2        0x2 
 .text.DaemonTask
                0x080094b4       0x34 build/daemon.o
                0x080094b4                DaemonTask
 .text.dtLostCallback
                0x080094e8       0x20 build/distance.o
 .text.data_to_distance
                0x08009508       0x2c build/distance.o
 .text.dtRxCallback
                0x08009534       0x1c build/distance.o
 .text.dtInit   0x08009550       0x5c build/distance.o
                0x08009550                dtInit
 .text.BMI088_ACCEL_NS_L
                0x080095ac       0x14 build/BMI088Middleware.o
                0x080095ac                BMI088_ACCEL_NS_L
 .text.BMI088_ACCEL_NS_H
                0x080095c0       0x14 build/BMI088Middleware.o
                0x080095c0                BMI088_ACCEL_NS_H
 .text.BMI088_GYRO_NS_L
                0x080095d4       0x14 build/BMI088Middleware.o
                0x080095d4                BMI088_GYRO_NS_L
 .text.BMI088_GYRO_NS_H
                0x080095e8       0x14 build/BMI088Middleware.o
                0x080095e8                BMI088_GYRO_NS_H
 .text.BMI088_read_write_byte
                0x080095fc       0x30 build/BMI088Middleware.o
                0x080095fc                BMI088_read_write_byte
 .text.BMI088_read_muli_reg
                0x0800962c       0x24 build/BMI088driver.o
 .text.BMI088_write_single_reg
                0x08009650       0x10 build/BMI088driver.o
 .text.BMI088_read_single_reg
                0x08009660       0x16 build/BMI088driver.o
 *fill*         0x08009676        0x2 
 .text.Calibrate_MPU_Offset
                0x08009678      0x480 build/BMI088driver.o
 .text.bmi088_accel_init
                0x08009af8      0x168 build/BMI088driver.o
                0x08009af8                bmi088_accel_init
 .text.bmi088_gyro_init
                0x08009c60      0x13c build/BMI088driver.o
                0x08009c60                bmi088_gyro_init
 .text.BMI088Init
                0x08009d9c       0x6c build/BMI088driver.o
                0x08009d9c                BMI088Init
 .text.BMI088_Read
                0x08009e08      0x1f0 build/BMI088driver.o
                0x08009e08                BMI088_Read
 .text.IMUPWMSet
                0x08009ff8        0xc build/ins_task.o
 .text.InitQuaternion
                0x0800a004      0x108 build/ins_task.o
 .text.IMU_Param_Correction
                0x0800a10c      0x2c8 build/ins_task.o
 .text.IMU_Temperature_Ctrl
                0x0800a3d4       0x54 build/ins_task.o
 .text.INS_Init
                0x0800a428      0x104 build/ins_task.o
                0x0800a428                INS_Init
 .text.BodyFrameToEarthFrame
                0x0800a52c      0x126 build/ins_task.o
                0x0800a52c                BodyFrameToEarthFrame
 .text.EarthFrameToBodyFrame
                0x0800a652      0x126 build/ins_task.o
                0x0800a652                EarthFrameToBodyFrame
 .text.INS_Task
                0x0800a778      0x20c build/ins_task.o
                0x0800a778                INS_Task
 .text.CheckLen
                0x0800a984        0x8 build/message_center.o
 .text.CheckName
                0x0800a98c       0x10 build/message_center.o
 .text.PubRegister
                0x0800a99c       0x60 build/message_center.o
                0x0800a99c                PubRegister
 .text.SubRegister
                0x0800a9fc       0x42 build/message_center.o
                0x0800a9fc                SubRegister
 .text.SubGetMessage
                0x0800aa3e       0x2e build/message_center.o
                0x0800aa3e                SubGetMessage
 .text.PubPushMessage
                0x0800aa6c       0x4c build/message_center.o
                0x0800aa6c                PubPushMessage
 .text.MotorSenderGrouping
                0x0800aab8      0x118 build/dji_motor.o
 .text.DJIMotorLostCallback
                0x0800abd0        0x2 build/dji_motor.o
 *fill*         0x0800abd2        0x2 
 .text.DecodeDJIMotor
                0x0800abd4      0x10c build/dji_motor.o
 .text.DJIMotorStop
                0x0800ace0        0x8 build/dji_motor.o
                0x0800ace0                DJIMotorStop
 .text.DJIMotorEnable
                0x0800ace8        0x8 build/dji_motor.o
                0x0800ace8                DJIMotorEnable
 .text.DJIMotorInit
                0x0800acf0       0xd4 build/dji_motor.o
                0x0800acf0                DJIMotorInit
 .text.DJIMotorOuterLoop
                0x0800adc4        0x6 build/dji_motor.o
                0x0800adc4                DJIMotorOuterLoop
 .text.DJIMotorSetRef
                0x0800adca        0x6 build/dji_motor.o
                0x0800adca                DJIMotorSetRef
 .text.DJIMotorControl
                0x0800add0      0x178 build/dji_motor.o
                0x0800add0                DJIMotorControl
 .text.MotorControlTask
                0x0800af48        0x8 build/motor_task.o
                0x0800af48                MotorControlTask
 .text.RectifyRCjoystick
                0x0800af50       0x6c build/remote_control.o
 .text.sbus_to_rc
                0x0800afbc      0x1a4 build/remote_control.o
 .text.RCLostCallback
                0x0800b160       0x20 build/remote_control.o
 .text.RemoteControlRxCallback
                0x0800b180       0x48 build/remote_control.o
 .text.RemoteControlInit
                0x0800b1c8       0x5c build/remote_control.o
                0x0800b1c8                RemoteControlInit
 .text.Reset_Handler
                0x0800b224       0x50 build/startup_stm32f407xx.o
                0x0800b224                Reset_Handler
 .text.Default_Handler
                0x0800b274        0x2 build/startup_stm32f407xx.o
                0x0800b274                RTC_Alarm_IRQHandler
                0x0800b274                HASH_RNG_IRQHandler
                0x0800b274                EXTI2_IRQHandler
                0x0800b274                TIM8_CC_IRQHandler
                0x0800b274                TIM1_CC_IRQHandler
                0x0800b274                DMA1_Stream5_IRQHandler
                0x0800b274                PVD_IRQHandler
                0x0800b274                SDIO_IRQHandler
                0x0800b274                TAMP_STAMP_IRQHandler
                0x0800b274                TIM8_TRG_COM_TIM14_IRQHandler
                0x0800b274                TIM1_UP_TIM10_IRQHandler
                0x0800b274                TIM8_UP_TIM13_IRQHandler
                0x0800b274                I2C3_ER_IRQHandler
                0x0800b274                I2C2_EV_IRQHandler
                0x0800b274                DMA1_Stream2_IRQHandler
                0x0800b274                FPU_IRQHandler
                0x0800b274                OTG_HS_WKUP_IRQHandler
                0x0800b274                SPI1_IRQHandler
                0x0800b274                TIM6_DAC_IRQHandler
                0x0800b274                TIM1_BRK_TIM9_IRQHandler
                0x0800b274                DCMI_IRQHandler
                0x0800b274                UART5_IRQHandler
                0x0800b274                DMA2_Stream0_IRQHandler
                0x0800b274                TIM4_IRQHandler
                0x0800b274                I2C1_EV_IRQHandler
                0x0800b274                DMA1_Stream6_IRQHandler
                0x0800b274                UART4_IRQHandler
                0x0800b274                TIM3_IRQHandler
                0x0800b274                RCC_IRQHandler
                0x0800b274                TIM8_BRK_TIM12_IRQHandler
                0x0800b274                Default_Handler
                0x0800b274                EXTI15_10_IRQHandler
                0x0800b274                ADC_IRQHandler
                0x0800b274                DMA1_Stream7_IRQHandler
                0x0800b274                TIM7_IRQHandler
                0x0800b274                TIM5_IRQHandler
                0x0800b274                I2C3_EV_IRQHandler
                0x0800b274                RTC_WKUP_IRQHandler
                0x0800b274                ETH_WKUP_IRQHandler
                0x0800b274                SPI2_IRQHandler
                0x0800b274                OTG_HS_EP1_IN_IRQHandler
                0x0800b274                DMA1_Stream0_IRQHandler
                0x0800b274                FSMC_IRQHandler
                0x0800b274                ETH_IRQHandler
                0x0800b274                OTG_HS_EP1_OUT_IRQHandler
                0x0800b274                WWDG_IRQHandler
                0x0800b274                TIM2_IRQHandler
                0x0800b274                OTG_FS_WKUP_IRQHandler
                0x0800b274                TIM1_TRG_COM_TIM11_IRQHandler
                0x0800b274                OTG_HS_IRQHandler
                0x0800b274                EXTI1_IRQHandler
                0x0800b274                USART2_IRQHandler
                0x0800b274                I2C2_ER_IRQHandler
                0x0800b274                FLASH_IRQHandler
                0x0800b274                DMA2_Stream4_IRQHandler
                0x0800b274                OTG_FS_IRQHandler
                0x0800b274                SPI3_IRQHandler
                0x0800b274                DMA1_Stream4_IRQHandler
                0x0800b274                I2C1_ER_IRQHandler
                0x0800b274                DMA1_Stream3_IRQHandler
 *fill*         0x0800b276        0x2 
 .text.arm_mat_add_f32
                0x0800b278       0x2c Middlewares/ST/ARM/DSP/Lib/libCMSISDSP.a(MatrixFunctions.c.o)
                0x0800b278                arm_mat_add_f32
 .text.arm_mat_init_f32
                0x0800b2a4        0x8 Middlewares/ST/ARM/DSP/Lib/libCMSISDSP.a(MatrixFunctions.c.o)
                0x0800b2a4                arm_mat_init_f32
 .text.arm_mat_inverse_f32
                0x0800b2ac      0x2ec Middlewares/ST/ARM/DSP/Lib/libCMSISDSP.a(MatrixFunctions.c.o)
                0x0800b2ac                arm_mat_inverse_f32
 .text.arm_mat_mult_f32
                0x0800b598       0xa8 Middlewares/ST/ARM/DSP/Lib/libCMSISDSP.a(MatrixFunctions.c.o)
                0x0800b598                arm_mat_mult_f32
 .text.arm_mat_sub_f32
                0x0800b640       0x2c Middlewares/ST/ARM/DSP/Lib/libCMSISDSP.a(MatrixFunctions.c.o)
                0x0800b640                arm_mat_sub_f32
 .text.arm_mat_trans_f32
                0x0800b66c       0x5c Middlewares/ST/ARM/DSP/Lib/libCMSISDSP.a(MatrixFunctions.c.o)
                0x0800b66c                arm_mat_trans_f32
 .text.arm_cos_f32
                0x0800b6c8       0xa4 Middlewares/ST/ARM/DSP/Lib/libCMSISDSP.a(FastMathFunctions.c.o)
                0x0800b6c8                arm_cos_f32
 .text.arm_sin_f32
                0x0800b76c       0x98 Middlewares/ST/ARM/DSP/Lib/libCMSISDSP.a(FastMathFunctions.c.o)
                0x0800b76c                arm_sin_f32
 .text.malloc   0x0800b804       0x10 c:/Users/Sive/AppData/Roaming/Code/User/globalStorage/bmd.stm32-for-vscode/@xpack-dev-tools/arm-none-eabi-gcc/13.2.1-1.1.1/.content/bin/../lib/gcc/arm-none-eabi/13.2.1/../../../../arm-none-eabi/lib/thumb/v7e-m+fp/hard\libc_nano.a(libc_a-malloc.o)
                0x0800b804                malloc
 .text.sbrk_aligned
                0x0800b814       0x44 c:/Users/Sive/AppData/Roaming/Code/User/globalStorage/bmd.stm32-for-vscode/@xpack-dev-tools/arm-none-eabi-gcc/13.2.1-1.1.1/.content/bin/../lib/gcc/arm-none-eabi/13.2.1/../../../../arm-none-eabi/lib/thumb/v7e-m+fp/hard\libc_nano.a(libc_a-mallocr.o)
 .text._malloc_r
                0x0800b858      0x100 c:/Users/Sive/AppData/Roaming/Code/User/globalStorage/bmd.stm32-for-vscode/@xpack-dev-tools/arm-none-eabi-gcc/13.2.1-1.1.1/.content/bin/../lib/gcc/arm-none-eabi/13.2.1/../../../../arm-none-eabi/lib/thumb/v7e-m+fp/hard\libc_nano.a(libc_a-mallocr.o)
                0x0800b858                _malloc_r
 .text.__malloc_lock
                0x0800b958        0xc c:/Users/Sive/AppData/Roaming/Code/User/globalStorage/bmd.stm32-for-vscode/@xpack-dev-tools/arm-none-eabi-gcc/13.2.1-1.1.1/.content/bin/../lib/gcc/arm-none-eabi/13.2.1/../../../../arm-none-eabi/lib/thumb/v7e-m+fp/hard\libc_nano.a(libc_a-mlock.o)
                0x0800b958                __malloc_lock
 .text.__malloc_unlock
                0x0800b964        0xc c:/Users/Sive/AppData/Roaming/Code/User/globalStorage/bmd.stm32-for-vscode/@xpack-dev-tools/arm-none-eabi-gcc/13.2.1-1.1.1/.content/bin/../lib/gcc/arm-none-eabi/13.2.1/../../../../arm-none-eabi/lib/thumb/v7e-m+fp/hard\libc_nano.a(libc_a-mlock.o)
                0x0800b964                __malloc_unlock
 .text.sscanf   0x0800b970       0x54 c:/Users/Sive/AppData/Roaming/Code/User/globalStorage/bmd.stm32-for-vscode/@xpack-dev-tools/arm-none-eabi-gcc/13.2.1-1.1.1/.content/bin/../lib/gcc/arm-none-eabi/13.2.1/../../../../arm-none-eabi/lib/thumb/v7e-m+fp/hard\libc_nano.a(libc_a-sscanf.o)
                0x0800b970                siscanf
                0x0800b970                sscanf
 .text.__seofread
                0x0800b9c4        0x4 c:/Users/Sive/AppData/Roaming/Code/User/globalStorage/bmd.stm32-for-vscode/@xpack-dev-tools/arm-none-eabi-gcc/13.2.1-1.1.1/.content/bin/../lib/gcc/arm-none-eabi/13.2.1/../../../../arm-none-eabi/lib/thumb/v7e-m+fp/hard\libc_nano.a(libc_a-stdio.o)
                0x0800b9c4                __seofread
 .text.memset   0x0800b9c8       0x10 c:/Users/Sive/AppData/Roaming/Code/User/globalStorage/bmd.stm32-for-vscode/@xpack-dev-tools/arm-none-eabi-gcc/13.2.1-1.1.1/.content/bin/../lib/gcc/arm-none-eabi/13.2.1/../../../../arm-none-eabi/lib/thumb/v7e-m+fp/hard\libc_nano.a(libc_a-memset.o)
                0x0800b9c8                memset
 .text.strnlen  0x0800b9d8       0x18 c:/Users/Sive/AppData/Roaming/Code/User/globalStorage/bmd.stm32-for-vscode/@xpack-dev-tools/arm-none-eabi-gcc/13.2.1-1.1.1/.content/bin/../lib/gcc/arm-none-eabi/13.2.1/../../../../arm-none-eabi/lib/thumb/v7e-m+fp/hard\libc_nano.a(libc_a-strnlen.o)
                0x0800b9d8                strnlen
 .text._sbrk_r  0x0800b9f0       0x20 c:/Users/Sive/AppData/Roaming/Code/User/globalStorage/bmd.stm32-for-vscode/@xpack-dev-tools/arm-none-eabi-gcc/13.2.1-1.1.1/.content/bin/../lib/gcc/arm-none-eabi/13.2.1/../../../../arm-none-eabi/lib/thumb/v7e-m+fp/hard\libc_nano.a(libc_a-sbrkr.o)
                0x0800b9f0                _sbrk_r
 .text.__libc_init_array
                0x0800ba10       0x48 c:/Users/Sive/AppData/Roaming/Code/User/globalStorage/bmd.stm32-for-vscode/@xpack-dev-tools/arm-none-eabi-gcc/13.2.1-1.1.1/.content/bin/../lib/gcc/arm-none-eabi/13.2.1/../../../../arm-none-eabi/lib/thumb/v7e-m+fp/hard\libc_nano.a(libc_a-init.o)
                0x0800ba10                __libc_init_array
 .text.__retarget_lock_acquire_recursive
                0x0800ba58        0x2 c:/Users/Sive/AppData/Roaming/Code/User/globalStorage/bmd.stm32-for-vscode/@xpack-dev-tools/arm-none-eabi-gcc/13.2.1-1.1.1/.content/bin/../lib/gcc/arm-none-eabi/13.2.1/../../../../arm-none-eabi/lib/thumb/v7e-m+fp/hard\libc_nano.a(libc_a-lock.o)
                0x0800ba58                __retarget_lock_acquire_recursive
 .text.__retarget_lock_release_recursive
                0x0800ba5a        0x2 c:/Users/Sive/AppData/Roaming/Code/User/globalStorage/bmd.stm32-for-vscode/@xpack-dev-tools/arm-none-eabi-gcc/13.2.1-1.1.1/.content/bin/../lib/gcc/arm-none-eabi/13.2.1/../../../../arm-none-eabi/lib/thumb/v7e-m+fp/hard\libc_nano.a(libc_a-lock.o)
                0x0800ba5a                __retarget_lock_release_recursive
 .text.strcpy   0x0800ba5c       0x10 c:/Users/Sive/AppData/Roaming/Code/User/globalStorage/bmd.stm32-for-vscode/@xpack-dev-tools/arm-none-eabi-gcc/13.2.1-1.1.1/.content/bin/../lib/gcc/arm-none-eabi/13.2.1/../../../../arm-none-eabi/lib/thumb/v7e-m+fp/hard\libc_nano.a(libc_a-strcpy.o)
                0x0800ba5c                strcpy
 .text.memcpy   0x0800ba6c       0x1c c:/Users/Sive/AppData/Roaming/Code/User/globalStorage/bmd.stm32-for-vscode/@xpack-dev-tools/arm-none-eabi-gcc/13.2.1-1.1.1/.content/bin/../lib/gcc/arm-none-eabi/13.2.1/../../../../arm-none-eabi/lib/thumb/v7e-m+fp/hard\libc_nano.a(libc_a-memcpy-stub.o)
                0x0800ba6c                memcpy
 .text._free_r  0x0800ba88       0x94 c:/Users/Sive/AppData/Roaming/Code/User/globalStorage/bmd.stm32-for-vscode/@xpack-dev-tools/arm-none-eabi-gcc/13.2.1-1.1.1/.content/bin/../lib/gcc/arm-none-eabi/13.2.1/../../../../arm-none-eabi/lib/thumb/v7e-m+fp/hard\libc_nano.a(libc_a-freer.o)
                0x0800ba88                _free_r
 .text._sungetc_r
                0x0800bb1c       0x7a c:/Users/Sive/AppData/Roaming/Code/User/globalStorage/bmd.stm32-for-vscode/@xpack-dev-tools/arm-none-eabi-gcc/13.2.1-1.1.1/.content/bin/../lib/gcc/arm-none-eabi/13.2.1/../../../../arm-none-eabi/lib/thumb/v7e-m+fp/hard\libc_nano.a(libc_a-nano-svfscanf.o)
                0x0800bb1c                _sungetc_r
 .text.__ssrefill_r
                0x0800bb96       0x3a c:/Users/Sive/AppData/Roaming/Code/User/globalStorage/bmd.stm32-for-vscode/@xpack-dev-tools/arm-none-eabi-gcc/13.2.1-1.1.1/.content/bin/../lib/gcc/arm-none-eabi/13.2.1/../../../../arm-none-eabi/lib/thumb/v7e-m+fp/hard\libc_nano.a(libc_a-nano-svfscanf.o)
                0x0800bb96                __ssrefill_r
 .text.__ssvfscanf_r
                0x0800bbd0      0x2ec c:/Users/Sive/AppData/Roaming/Code/User/globalStorage/bmd.stm32-for-vscode/@xpack-dev-tools/arm-none-eabi-gcc/13.2.1-1.1.1/.content/bin/../lib/gcc/arm-none-eabi/13.2.1/../../../../arm-none-eabi/lib/thumb/v7e-m+fp/hard\libc_nano.a(libc_a-nano-svfscanf.o)
                0x0800bbd0                __ssvfiscanf_r
                0x0800bbd0                __ssvfscanf_r
 .text._scanf_chars
                0x0800bebc       0xb4 c:/Users/Sive/AppData/Roaming/Code/User/globalStorage/bmd.stm32-for-vscode/@xpack-dev-tools/arm-none-eabi-gcc/13.2.1-1.1.1/.content/bin/../lib/gcc/arm-none-eabi/13.2.1/../../../../arm-none-eabi/lib/thumb/v7e-m+fp/hard\libc_nano.a(libc_a-nano-vfscanf_i.o)
                0x0800bebc                _scanf_chars
 .text._scanf_i
                0x0800bf70      0x1e8 c:/Users/Sive/AppData/Roaming/Code/User/globalStorage/bmd.stm32-for-vscode/@xpack-dev-tools/arm-none-eabi-gcc/13.2.1-1.1.1/.content/bin/../lib/gcc/arm-none-eabi/13.2.1/../../../../arm-none-eabi/lib/thumb/v7e-m+fp/hard\libc_nano.a(libc_a-nano-vfscanf_i.o)
                0x0800bf70                _scanf_i
 .text.__sccl   0x0800c158       0x72 c:/Users/Sive/AppData/Roaming/Code/User/globalStorage/bmd.stm32-for-vscode/@xpack-dev-tools/arm-none-eabi-gcc/13.2.1-1.1.1/.content/bin/../lib/gcc/arm-none-eabi/13.2.1/../../../../arm-none-eabi/lib/thumb/v7e-m+fp/hard\libc_nano.a(libc_a-sccl.o)
                0x0800c158                __sccl
 .text.__submore
                0x0800c1ca       0x74 c:/Users/Sive/AppData/Roaming/Code/User/globalStorage/bmd.stm32-for-vscode/@xpack-dev-tools/arm-none-eabi-gcc/13.2.1-1.1.1/.content/bin/../lib/gcc/arm-none-eabi/13.2.1/../../../../arm-none-eabi/lib/thumb/v7e-m+fp/hard\libc_nano.a(libc_a-ungetc.o)
                0x0800c1ca                __submore
 .text._realloc_r
                0x0800c23e       0x5c c:/Users/Sive/AppData/Roaming/Code/User/globalStorage/bmd.stm32-for-vscode/@xpack-dev-tools/arm-none-eabi-gcc/13.2.1-1.1.1/.content/bin/../lib/gcc/arm-none-eabi/13.2.1/../../../../arm-none-eabi/lib/thumb/v7e-m+fp/hard\libc_nano.a(libc_a-reallocr.o)
                0x0800c23e                _realloc_r
 *fill*         0x0800c29a        0x2 
 .text._strtol_l.isra.0
                0x0800c29c       0xf4 c:/Users/Sive/AppData/Roaming/Code/User/globalStorage/bmd.stm32-for-vscode/@xpack-dev-tools/arm-none-eabi-gcc/13.2.1-1.1.1/.content/bin/../lib/gcc/arm-none-eabi/13.2.1/../../../../arm-none-eabi/lib/thumb/v7e-m+fp/hard\libc_nano.a(libc_a-strtol.o)
 .text._strtol_r
                0x0800c390        0x4 c:/Users/Sive/AppData/Roaming/Code/User/globalStorage/bmd.stm32-for-vscode/@xpack-dev-tools/arm-none-eabi-gcc/13.2.1-1.1.1/.content/bin/../lib/gcc/arm-none-eabi/13.2.1/../../../../arm-none-eabi/lib/thumb/v7e-m+fp/hard\libc_nano.a(libc_a-strtol.o)
                0x0800c390                _strtol_r
 .text._strtoul_l.isra.0
                0x0800c394       0xdc c:/Users/Sive/AppData/Roaming/Code/User/globalStorage/bmd.stm32-for-vscode/@xpack-dev-tools/arm-none-eabi-gcc/13.2.1-1.1.1/.content/bin/../lib/gcc/arm-none-eabi/13.2.1/../../../../arm-none-eabi/lib/thumb/v7e-m+fp/hard\libc_nano.a(libc_a-strtoul.o)
 .text._strtoul_r
                0x0800c470        0x4 c:/Users/Sive/AppData/Roaming/Code/User/globalStorage/bmd.stm32-for-vscode/@xpack-dev-tools/arm-none-eabi-gcc/13.2.1-1.1.1/.content/bin/../lib/gcc/arm-none-eabi/13.2.1/../../../../arm-none-eabi/lib/thumb/v7e-m+fp/hard\libc_nano.a(libc_a-strtoul.o)
                0x0800c470                _strtoul_r
 .text.__errno  0x0800c474        0xc c:/Users/Sive/AppData/Roaming/Code/User/globalStorage/bmd.stm32-for-vscode/@xpack-dev-tools/arm-none-eabi-gcc/13.2.1-1.1.1/.content/bin/../lib/gcc/arm-none-eabi/13.2.1/../../../../arm-none-eabi/lib/thumb/v7e-m+fp/hard\libc_nano.a(libc_a-errno.o)
                0x0800c474                __errno
 .text._malloc_usable_size_r
                0x0800c480       0x10 c:/Users/Sive/AppData/Roaming/Code/User/globalStorage/bmd.stm32-for-vscode/@xpack-dev-tools/arm-none-eabi-gcc/13.2.1-1.1.1/.content/bin/../lib/gcc/arm-none-eabi/13.2.1/../../../../arm-none-eabi/lib/thumb/v7e-m+fp/hard\libc_nano.a(libc_a-msizer.o)
                0x0800c480                _malloc_usable_size_r
 .text.acosf    0x0800c490       0x58 c:/Users/Sive/AppData/Roaming/Code/User/globalStorage/bmd.stm32-for-vscode/@xpack-dev-tools/arm-none-eabi-gcc/13.2.1-1.1.1/.content/bin/../lib/gcc/arm-none-eabi/13.2.1/../../../../arm-none-eabi/lib/thumb/v7e-m+fp/hard\libm.a(libm_a-wf_acos.o)
                0x0800c490                acosf
 .text.asinf    0x0800c4e8       0x58 c:/Users/Sive/AppData/Roaming/Code/User/globalStorage/bmd.stm32-for-vscode/@xpack-dev-tools/arm-none-eabi-gcc/13.2.1-1.1.1/.content/bin/../lib/gcc/arm-none-eabi/13.2.1/../../../../arm-none-eabi/lib/thumb/v7e-m+fp/hard\libm.a(libm_a-wf_asin.o)
                0x0800c4e8                asinf
 .text.atan2f   0x0800c540        0x4 c:/Users/Sive/AppData/Roaming/Code/User/globalStorage/bmd.stm32-for-vscode/@xpack-dev-tools/arm-none-eabi-gcc/13.2.1-1.1.1/.content/bin/../lib/gcc/arm-none-eabi/13.2.1/../../../../arm-none-eabi/lib/thumb/v7e-m+fp/hard\libm.a(libm_a-wf_atan2.o)
                0x0800c540                atan2f
 .text.sqrtf    0x0800c544       0x44 c:/Users/Sive/AppData/Roaming/Code/User/globalStorage/bmd.stm32-for-vscode/@xpack-dev-tools/arm-none-eabi-gcc/13.2.1-1.1.1/.content/bin/../lib/gcc/arm-none-eabi/13.2.1/../../../../arm-none-eabi/lib/thumb/v7e-m+fp/hard\libm.a(libm_a-wf_sqrt.o)
                0x0800c544                sqrtf
 .text.cosf     0x0800c588       0x70 c:/Users/Sive/AppData/Roaming/Code/User/globalStorage/bmd.stm32-for-vscode/@xpack-dev-tools/arm-none-eabi-gcc/13.2.1-1.1.1/.content/bin/../lib/gcc/arm-none-eabi/13.2.1/../../../../arm-none-eabi/lib/thumb/v7e-m+fp/hard\libm.a(libm_a-sf_cos.o)
                0x0800c588                cosf
 .text.fabsf    0x0800c5f8       0x10 c:/Users/Sive/AppData/Roaming/Code/User/globalStorage/bmd.stm32-for-vscode/@xpack-dev-tools/arm-none-eabi-gcc/13.2.1-1.1.1/.content/bin/../lib/gcc/arm-none-eabi/13.2.1/../../../../arm-none-eabi/lib/thumb/v7e-m+fp/hard\libm.a(libm_a-sf_fabs.o)
                0x0800c5f8                fabsf
 .text.sinf     0x0800c608       0x74 c:/Users/Sive/AppData/Roaming/Code/User/globalStorage/bmd.stm32-for-vscode/@xpack-dev-tools/arm-none-eabi-gcc/13.2.1-1.1.1/.content/bin/../lib/gcc/arm-none-eabi/13.2.1/../../../../arm-none-eabi/lib/thumb/v7e-m+fp/hard\libm.a(libm_a-sf_sin.o)
                0x0800c608                sinf
 .text.nanf     0x0800c67c        0xc c:/Users/Sive/AppData/Roaming/Code/User/globalStorage/bmd.stm32-for-vscode/@xpack-dev-tools/arm-none-eabi-gcc/13.2.1-1.1.1/.content/bin/../lib/gcc/arm-none-eabi/13.2.1/../../../../arm-none-eabi/lib/thumb/v7e-m+fp/hard\libm.a(libm_a-sf_nan.o)
                0x0800c67c                nanf
 .text.__ieee754_sqrtf
                0x0800c688        0x8 c:/Users/Sive/AppData/Roaming/Code/User/globalStorage/bmd.stm32-for-vscode/@xpack-dev-tools/arm-none-eabi-gcc/13.2.1-1.1.1/.content/bin/../lib/gcc/arm-none-eabi/13.2.1/../../../../arm-none-eabi/lib/thumb/v7e-m+fp/hard\libm.a(libm_a-ef_sqrt.o)
                0x0800c688                __ieee754_sqrtf
 .text.__kernel_cosf
                0x0800c690      0x104 c:/Users/Sive/AppData/Roaming/Code/User/globalStorage/bmd.stm32-for-vscode/@xpack-dev-tools/arm-none-eabi-gcc/13.2.1-1.1.1/.content/bin/../lib/gcc/arm-none-eabi/13.2.1/../../../../arm-none-eabi/lib/thumb/v7e-m+fp/hard\libm.a(libm_a-kf_cos.o)
                0x0800c690                __kernel_cosf
 .text.__kernel_sinf
                0x0800c794       0x90 c:/Users/Sive/AppData/Roaming/Code/User/globalStorage/bmd.stm32-for-vscode/@xpack-dev-tools/arm-none-eabi-gcc/13.2.1-1.1.1/.content/bin/../lib/gcc/arm-none-eabi/13.2.1/../../../../arm-none-eabi/lib/thumb/v7e-m+fp/hard\libm.a(libm_a-kf_sin.o)
                0x0800c794                __kernel_sinf
 .text.__ieee754_acosf
                0x0800c824      0x244 c:/Users/Sive/AppData/Roaming/Code/User/globalStorage/bmd.stm32-for-vscode/@xpack-dev-tools/arm-none-eabi-gcc/13.2.1-1.1.1/.content/bin/../lib/gcc/arm-none-eabi/13.2.1/../../../../arm-none-eabi/lib/thumb/v7e-m+fp/hard\libm.a(libm_a-ef_acos.o)
                0x0800c824                __ieee754_acosf
 .text.__ieee754_asinf
                0x0800ca68      0x1f8 c:/Users/Sive/AppData/Roaming/Code/User/globalStorage/bmd.stm32-for-vscode/@xpack-dev-tools/arm-none-eabi-gcc/13.2.1-1.1.1/.content/bin/../lib/gcc/arm-none-eabi/13.2.1/../../../../arm-none-eabi/lib/thumb/v7e-m+fp/hard\libm.a(libm_a-ef_asin.o)
                0x0800ca68                __ieee754_asinf
 .text.__ieee754_atan2f
                0x0800cc60      0x150 c:/Users/Sive/AppData/Roaming/Code/User/globalStorage/bmd.stm32-for-vscode/@xpack-dev-tools/arm-none-eabi-gcc/13.2.1-1.1.1/.content/bin/../lib/gcc/arm-none-eabi/13.2.1/../../../../arm-none-eabi/lib/thumb/v7e-m+fp/hard\libm.a(libm_a-ef_atan2.o)
                0x0800cc60                __ieee754_atan2f
 .text.__ieee754_rem_pio2f
                0x0800cdb0      0x260 c:/Users/Sive/AppData/Roaming/Code/User/globalStorage/bmd.stm32-for-vscode/@xpack-dev-tools/arm-none-eabi-gcc/13.2.1-1.1.1/.content/bin/../lib/gcc/arm-none-eabi/13.2.1/../../../../arm-none-eabi/lib/thumb/v7e-m+fp/hard\libm.a(libm_a-ef_rem_pio2.o)
                0x0800cdb0                __ieee754_rem_pio2f
 .text.atanf    0x0800d010      0x1ac c:/Users/Sive/AppData/Roaming/Code/User/globalStorage/bmd.stm32-for-vscode/@xpack-dev-tools/arm-none-eabi-gcc/13.2.1-1.1.1/.content/bin/../lib/gcc/arm-none-eabi/13.2.1/../../../../arm-none-eabi/lib/thumb/v7e-m+fp/hard\libm.a(libm_a-sf_atan.o)
                0x0800d010                atanf
 .text.__kernel_rem_pio2f
                0x0800d1bc      0x63c c:/Users/Sive/AppData/Roaming/Code/User/globalStorage/bmd.stm32-for-vscode/@xpack-dev-tools/arm-none-eabi-gcc/13.2.1-1.1.1/.content/bin/../lib/gcc/arm-none-eabi/13.2.1/../../../../arm-none-eabi/lib/thumb/v7e-m+fp/hard\libm.a(libm_a-kf_rem_pio2.o)
                0x0800d1bc                __kernel_rem_pio2f
 .text.scalbnf  0x0800d7f8       0xe4 c:/Users/Sive/AppData/Roaming/Code/User/globalStorage/bmd.stm32-for-vscode/@xpack-dev-tools/arm-none-eabi-gcc/13.2.1-1.1.1/.content/bin/../lib/gcc/arm-none-eabi/13.2.1/../../../../arm-none-eabi/lib/thumb/v7e-m+fp/hard\libm.a(libm_a-sf_scalbn.o)
                0x0800d7f8                scalbnf
 .text.floorf   0x0800d8dc       0x94 c:/Users/Sive/AppData/Roaming/Code/User/globalStorage/bmd.stm32-for-vscode/@xpack-dev-tools/arm-none-eabi-gcc/13.2.1-1.1.1/.content/bin/../lib/gcc/arm-none-eabi/13.2.1/../../../../arm-none-eabi/lib/thumb/v7e-m+fp/hard\libm.a(libm_a-sf_floor.o)
                0x0800d8dc                floorf
 .text._sbrk    0x0800d970       0x1c c:/Users/Sive/AppData/Roaming/Code/User/globalStorage/bmd.stm32-for-vscode/@xpack-dev-tools/arm-none-eabi-gcc/13.2.1-1.1.1/.content/bin/../lib/gcc/arm-none-eabi/13.2.1/../../../../arm-none-eabi/lib/thumb/v7e-m+fp/hard\libnosys.a(sbrk.o)
                0x0800d970                _sbrk
 .text.__udivmoddi4
                0x0800d98c      0x2bc c:/Users/Sive/AppData/Roaming/Code/User/globalStorage/bmd.stm32-for-vscode/@xpack-dev-tools/arm-none-eabi-gcc/13.2.1-1.1.1/.content/bin/../lib/gcc/arm-none-eabi/13.2.1/thumb/v7e-m+fp/hard\libgcc.a(_udivmoddi4.o)
                0x0800d98c                __udivmoddi4
 *(.glue_7)
 .glue_7        0x0800dc48        0x0 linker stubs
 *(.glue_7t)
 .glue_7t       0x0800dc48        0x0 linker stubs
 *(.eh_frame)
 .eh_frame      0x0800dc48        0x0 c:/Users/Sive/AppData/Roaming/Code/User/globalStorage/bmd.stm32-for-vscode/@xpack-dev-tools/arm-none-eabi-gcc/13.2.1-1.1.1/.content/bin/../lib/gcc/arm-none-eabi/13.2.1/thumb/v7e-m+fp/hard/crtbegin.o
 *(.init)
 .init          0x0800dc48        0x4 c:/Users/Sive/AppData/Roaming/Code/User/globalStorage/bmd.stm32-for-vscode/@xpack-dev-tools/arm-none-eabi-gcc/13.2.1-1.1.1/.content/bin/../lib/gcc/arm-none-eabi/13.2.1/thumb/v7e-m+fp/hard/crti.o
                0x0800dc48                _init
 .init          0x0800dc4c        0x8 c:/Users/Sive/AppData/Roaming/Code/User/globalStorage/bmd.stm32-for-vscode/@xpack-dev-tools/arm-none-eabi-gcc/13.2.1-1.1.1/.content/bin/../lib/gcc/arm-none-eabi/13.2.1/thumb/v7e-m+fp/hard/crtn.o
 *(.fini)
 .fini          0x0800dc54        0x4 c:/Users/Sive/AppData/Roaming/Code/User/globalStorage/bmd.stm32-for-vscode/@xpack-dev-tools/arm-none-eabi-gcc/13.2.1-1.1.1/.content/bin/../lib/gcc/arm-none-eabi/13.2.1/thumb/v7e-m+fp/hard/crti.o
                0x0800dc54                _fini
 .fini          0x0800dc58        0x8 c:/Users/Sive/AppData/Roaming/Code/User/globalStorage/bmd.stm32-for-vscode/@xpack-dev-tools/arm-none-eabi-gcc/13.2.1-1.1.1/.content/bin/../lib/gcc/arm-none-eabi/13.2.1/thumb/v7e-m+fp/hard/crtn.o
                0x0800dc60                        . = ALIGN (0x4)
                0x0800dc60                        _etext = .

.vfp11_veneer   0x0800dc60        0x0
 .vfp11_veneer  0x0800dc60        0x0 linker stubs

.v4_bx          0x0800dc60        0x0
 .v4_bx         0x0800dc60        0x0 linker stubs

.iplt           0x0800dc60        0x0
 .iplt          0x0800dc60        0x0 c:/Users/Sive/AppData/Roaming/Code/User/globalStorage/bmd.stm32-for-vscode/@xpack-dev-tools/arm-none-eabi-gcc/13.2.1-1.1.1/.content/bin/../lib/gcc/arm-none-eabi/13.2.1/thumb/v7e-m+fp/hard/crtbegin.o

.rodata         0x0800dc60      0xf5c
                0x0800dc60                        . = ALIGN (0x4)
 *(.rodata)
 .rodata        0x0800dc60       0x70 build/robot.o
 .rodata        0x0800dcd0        0xc c:/Users/Sive/AppData/Roaming/Code/User/globalStorage/bmd.stm32-for-vscode/@xpack-dev-tools/arm-none-eabi-gcc/13.2.1-1.1.1/.content/bin/../lib/gcc/arm-none-eabi/13.2.1/../../../../arm-none-eabi/lib/thumb/v7e-m+fp/hard\libc_nano.a(libc_a-nano-vfscanf_i.o)
 *(.rodata*)
 .rodata.APBPrescTable
                0x0800dcdc        0x8 build/system_stm32f4xx.o
                0x0800dcdc                APBPrescTable
 .rodata.AHBPrescTable
                0x0800dce4       0x10 build/system_stm32f4xx.o
                0x0800dce4                AHBPrescTable
 .rodata.flagBitshiftOffset.0
                0x0800dcf4        0x8 build/stm32f4xx_hal_dma.o
 .rodata.vTaskStartScheduler.str1.4
                0x0800dcfc       0xa2 build/tasks.o
                                  0x5 (size before relaxing)
 .rodata.prvCheckForValidListAndQueue.str1.4
                0x0800dd9e        0x5 build/timers.o
 .rodata.xTimerCreateTimerTask.str1.4
                0x0800dd9e        0x8 build/timers.o
 .rodata._DoInit.str1.4
                0x0800dd9e        0x9 build/SEGGER_RTT.o
 *fill*         0x0800dd9e        0x2 
 .rodata._aInitStr.0
                0x0800dda0       0x11 build/SEGGER_RTT.o
 .rodata.ChassisInit.str1.4
                0x0800ddb1       0x19 build/chassis.o
 .rodata.RobotCMDInit.str1.4
                0x0800ddb1       0x45 build/robot_cmd.o
 .rodata.PawInit.str1.4
                0x0800ddb1       0x14 build/paw.o
 .rodata.str1.4
                0x0800ddb1       0x2c build/robot.o
 .rodata.ShootInit.str1.4
                0x0800ddb1       0x16 build/shoot.o
 *fill*         0x0800ddb1        0x3 
 .rodata.IMU_QuaternionEKF_F
                0x0800ddb4       0x90 build/QuaternionEKF.o
                0x0800ddb4                IMU_QuaternionEKF_F
 .rodata.data_to_distance.str1.4
                0x0800de44        0xa build/distance.o
 .rodata.BMI088_Gyro_Init_Table
                0x0800de44       0x12 build/BMI088driver.o
 *fill*         0x0800de56        0x2 
 .rodata.BMI088_Accel_Init_Table
                0x0800de58       0x12 build/BMI088driver.o
 *fill*         0x0800de6a        0x2 
 .rodata.zb     0x0800de6c        0xc build/ins_task.o
                0x0800de6c                zb
 .rodata.yb     0x0800de78        0xc build/ins_task.o
                0x0800de78                yb
 .rodata.xb     0x0800de84        0xc build/ins_task.o
                0x0800de84                xb
 .rodata.sinTable_f32
                0x0800de90      0x804 Middlewares/ST/ARM/DSP/Lib/libCMSISDSP.a(CommonTables.c.o)
                0x0800de90                sinTable_f32
 .rodata.__ssvfscanf_r.str1.1
                0x0800e694       0x1f c:/Users/Sive/AppData/Roaming/Code/User/globalStorage/bmd.stm32-for-vscode/@xpack-dev-tools/arm-none-eabi-gcc/13.2.1-1.1.1/.content/bin/../lib/gcc/arm-none-eabi/13.2.1/../../../../arm-none-eabi/lib/thumb/v7e-m+fp/hard\libc_nano.a(libc_a-nano-svfscanf.o)
                                  0x4 (size before relaxing)
 .rodata._scanf_i.str1.1
                0x0800e6b3       0x12 c:/Users/Sive/AppData/Roaming/Code/User/globalStorage/bmd.stm32-for-vscode/@xpack-dev-tools/arm-none-eabi-gcc/13.2.1-1.1.1/.content/bin/../lib/gcc/arm-none-eabi/13.2.1/../../../../arm-none-eabi/lib/thumb/v7e-m+fp/hard\libc_nano.a(libc_a-nano-vfscanf_i.o)
 .rodata.str1.1
                0x0800e6b3        0x9 c:/Users/Sive/AppData/Roaming/Code/User/globalStorage/bmd.stm32-for-vscode/@xpack-dev-tools/arm-none-eabi-gcc/13.2.1-1.1.1/.content/bin/../lib/gcc/arm-none-eabi/13.2.1/../../../../arm-none-eabi/lib/thumb/v7e-m+fp/hard\libc_nano.a(libc_a-nano-vfscanf_i.o)
 .rodata._ctype_
                0x0800e6b3      0x101 c:/Users/Sive/AppData/Roaming/Code/User/globalStorage/bmd.stm32-for-vscode/@xpack-dev-tools/arm-none-eabi-gcc/13.2.1-1.1.1/.content/bin/../lib/gcc/arm-none-eabi/13.2.1/../../../../arm-none-eabi/lib/thumb/v7e-m+fp/hard\libc_nano.a(libc_a-ctype_.o)
                0x0800e6b3                _ctype_
 .rodata.acosf.str1.4
                0x0800e7b4        0x1 c:/Users/Sive/AppData/Roaming/Code/User/globalStorage/bmd.stm32-for-vscode/@xpack-dev-tools/arm-none-eabi-gcc/13.2.1-1.1.1/.content/bin/../lib/gcc/arm-none-eabi/13.2.1/../../../../arm-none-eabi/lib/thumb/v7e-m+fp/hard\libm.a(libm_a-wf_acos.o)
 .rodata.asinf.str1.4
                0x0800e7b4        0x1 c:/Users/Sive/AppData/Roaming/Code/User/globalStorage/bmd.stm32-for-vscode/@xpack-dev-tools/arm-none-eabi-gcc/13.2.1-1.1.1/.content/bin/../lib/gcc/arm-none-eabi/13.2.1/../../../../arm-none-eabi/lib/thumb/v7e-m+fp/hard\libm.a(libm_a-wf_asin.o)
 .rodata.CSWTCH.9
                0x0800e7b4        0xc c:/Users/Sive/AppData/Roaming/Code/User/globalStorage/bmd.stm32-for-vscode/@xpack-dev-tools/arm-none-eabi-gcc/13.2.1-1.1.1/.content/bin/../lib/gcc/arm-none-eabi/13.2.1/../../../../arm-none-eabi/lib/thumb/v7e-m+fp/hard\libm.a(libm_a-ef_atan2.o)
 .rodata.CSWTCH.8
                0x0800e7c0        0xc c:/Users/Sive/AppData/Roaming/Code/User/globalStorage/bmd.stm32-for-vscode/@xpack-dev-tools/arm-none-eabi-gcc/13.2.1-1.1.1/.content/bin/../lib/gcc/arm-none-eabi/13.2.1/../../../../arm-none-eabi/lib/thumb/v7e-m+fp/hard\libm.a(libm_a-ef_atan2.o)
 .rodata.npio2_hw
                0x0800e7cc       0x80 c:/Users/Sive/AppData/Roaming/Code/User/globalStorage/bmd.stm32-for-vscode/@xpack-dev-tools/arm-none-eabi-gcc/13.2.1-1.1.1/.content/bin/../lib/gcc/arm-none-eabi/13.2.1/../../../../arm-none-eabi/lib/thumb/v7e-m+fp/hard\libm.a(libm_a-ef_rem_pio2.o)
 .rodata.two_over_pi
                0x0800e84c      0x318 c:/Users/Sive/AppData/Roaming/Code/User/globalStorage/bmd.stm32-for-vscode/@xpack-dev-tools/arm-none-eabi-gcc/13.2.1-1.1.1/.content/bin/../lib/gcc/arm-none-eabi/13.2.1/../../../../arm-none-eabi/lib/thumb/v7e-m+fp/hard\libm.a(libm_a-ef_rem_pio2.o)
 .rodata.atanlo
                0x0800eb64       0x10 c:/Users/Sive/AppData/Roaming/Code/User/globalStorage/bmd.stm32-for-vscode/@xpack-dev-tools/arm-none-eabi-gcc/13.2.1-1.1.1/.content/bin/../lib/gcc/arm-none-eabi/13.2.1/../../../../arm-none-eabi/lib/thumb/v7e-m+fp/hard\libm.a(libm_a-sf_atan.o)
 .rodata.atanhi
                0x0800eb74       0x10 c:/Users/Sive/AppData/Roaming/Code/User/globalStorage/bmd.stm32-for-vscode/@xpack-dev-tools/arm-none-eabi-gcc/13.2.1-1.1.1/.content/bin/../lib/gcc/arm-none-eabi/13.2.1/../../../../arm-none-eabi/lib/thumb/v7e-m+fp/hard\libm.a(libm_a-sf_atan.o)
 .rodata.PIo2   0x0800eb84       0x2c c:/Users/Sive/AppData/Roaming/Code/User/globalStorage/bmd.stm32-for-vscode/@xpack-dev-tools/arm-none-eabi-gcc/13.2.1-1.1.1/.content/bin/../lib/gcc/arm-none-eabi/13.2.1/../../../../arm-none-eabi/lib/thumb/v7e-m+fp/hard\libm.a(libm_a-kf_rem_pio2.o)
 .rodata.init_jk
                0x0800ebb0        0xc c:/Users/Sive/AppData/Roaming/Code/User/globalStorage/bmd.stm32-for-vscode/@xpack-dev-tools/arm-none-eabi-gcc/13.2.1-1.1.1/.content/bin/../lib/gcc/arm-none-eabi/13.2.1/../../../../arm-none-eabi/lib/thumb/v7e-m+fp/hard\libm.a(libm_a-kf_rem_pio2.o)
                0x0800ebbc                        . = ALIGN (0x4)

.ARM.extab
 *(.ARM.extab* .gnu.linkonce.armextab.*)

.ARM            0x0800ebbc        0x8
                0x0800ebbc                        __exidx_start = .
 *(.ARM.exidx*)
 .ARM.exidx     0x0800ebbc        0x8 c:/Users/Sive/AppData/Roaming/Code/User/globalStorage/bmd.stm32-for-vscode/@xpack-dev-tools/arm-none-eabi-gcc/13.2.1-1.1.1/.content/bin/../lib/gcc/arm-none-eabi/13.2.1/../../../../arm-none-eabi/lib/thumb/v7e-m+fp/hard\libc_nano.a(libc_a-strcmp.o)
 .ARM.exidx     0x0800ebc4        0x0 c:/Users/Sive/AppData/Roaming/Code/User/globalStorage/bmd.stm32-for-vscode/@xpack-dev-tools/arm-none-eabi-gcc/13.2.1-1.1.1/.content/bin/../lib/gcc/arm-none-eabi/13.2.1/../../../../arm-none-eabi/lib/thumb/v7e-m+fp/hard\libc_nano.a(libc_a-strlen.o)
                                  0x8 (size before relaxing)
 .ARM.exidx     0x0800ebc4        0x0 c:/Users/Sive/AppData/Roaming/Code/User/globalStorage/bmd.stm32-for-vscode/@xpack-dev-tools/arm-none-eabi-gcc/13.2.1-1.1.1/.content/bin/../lib/gcc/arm-none-eabi/13.2.1/../../../../arm-none-eabi/lib/thumb/v7e-m+fp/hard\libc_nano.a(libc_a-memchr.o)
                                  0x8 (size before relaxing)
 .ARM.exidx.text.__udivmoddi4
                0x0800ebc4        0x0 c:/Users/Sive/AppData/Roaming/Code/User/globalStorage/bmd.stm32-for-vscode/@xpack-dev-tools/arm-none-eabi-gcc/13.2.1-1.1.1/.content/bin/../lib/gcc/arm-none-eabi/13.2.1/thumb/v7e-m+fp/hard\libgcc.a(_udivmoddi4.o)
                                  0x8 (size before relaxing)
                0x0800ebc4                        __exidx_end = .

.rel.dyn        0x0800ebc4        0x0
 .rel.iplt      0x0800ebc4        0x0 c:/Users/Sive/AppData/Roaming/Code/User/globalStorage/bmd.stm32-for-vscode/@xpack-dev-tools/arm-none-eabi-gcc/13.2.1-1.1.1/.content/bin/../lib/gcc/arm-none-eabi/13.2.1/thumb/v7e-m+fp/hard/crtbegin.o

.preinit_array  0x0800ebc4        0x0
                0x0800ebc4                        PROVIDE (__preinit_array_start = .)
 *(.preinit_array*)
                0x0800ebc4                        PROVIDE (__preinit_array_end = .)

.init_array     0x0800ebc4        0x4
                0x0800ebc4                        PROVIDE (__init_array_start = .)
 *(SORT_BY_NAME(.init_array.*))
 *(.init_array*)
 .init_array    0x0800ebc4        0x4 c:/Users/Sive/AppData/Roaming/Code/User/globalStorage/bmd.stm32-for-vscode/@xpack-dev-tools/arm-none-eabi-gcc/13.2.1-1.1.1/.content/bin/../lib/gcc/arm-none-eabi/13.2.1/thumb/v7e-m+fp/hard/crtbegin.o
                0x0800ebc8                        PROVIDE (__init_array_end = .)

.fini_array     0x0800ebc8        0x4
                0x0800ebc8                        PROVIDE (__fini_array_start = .)
 *(SORT_BY_NAME(.fini_array.*))
 *(.fini_array*)
 .fini_array    0x0800ebc8        0x4 c:/Users/Sive/AppData/Roaming/Code/User/globalStorage/bmd.stm32-for-vscode/@xpack-dev-tools/arm-none-eabi-gcc/13.2.1-1.1.1/.content/bin/../lib/gcc/arm-none-eabi/13.2.1/thumb/v7e-m+fp/hard/crtbegin.o
                0x0800ebcc                        PROVIDE (__fini_array_end = .)
                0x0800ebcc                        _sidata = LOADADDR (.data)

.data           0x20000000      0x2b8 load address 0x0800ebcc
                0x20000000                        . = ALIGN (0x4)
                0x20000000                        _sdata = .
 *(.data)
 *(.data*)
 .data.SystemCoreClock
                0x20000000        0x4 build/system_stm32f4xx.o
                0x20000000                SystemCoreClock
 .data.uwTickFreq
                0x20000004        0x1 build/stm32f4xx_hal.o
                0x20000004                uwTickFreq
 *fill*         0x20000005        0x3 
 .data.uwTickPrio
                0x20000008        0x4 build/stm32f4xx_hal.o
                0x20000008                uwTickPrio
 .data.uxCriticalNesting
                0x2000000c        0x4 build/port.o
 .data.can2_filter_idx.3
                0x20000010        0x1 build/bsp_can.o
 *fill*         0x20000011        0x3 
 .data.IMU_QuaternionEKF_P
                0x20000014       0x90 build/QuaternionEKF.o
                0x20000014                IMU_QuaternionEKF_P
 .data.caliOffset
                0x200000a4        0x1 build/BMI088driver.o
                0x200000a4                caliOffset
 *fill*         0x200000a5        0x3 
 .data.BMI088_GYRO_SEN
                0x200000a8        0x4 build/BMI088driver.o
                0x200000a8                BMI088_GYRO_SEN
 .data.BMI088_ACCEL_SEN
                0x200000ac        0x4 build/BMI088driver.o
                0x200000ac                BMI088_ACCEL_SEN
 .data.message_center
                0x200000b0       0x30 build/message_center.o
 .data.sender_assignment
                0x200000e0      0x186 build/dji_motor.o
 *fill*         0x20000266        0x2 
 .data._impure_ptr
                0x20000268        0x4 c:/Users/Sive/AppData/Roaming/Code/User/globalStorage/bmd.stm32-for-vscode/@xpack-dev-tools/arm-none-eabi-gcc/13.2.1-1.1.1/.content/bin/../lib/gcc/arm-none-eabi/13.2.1/../../../../arm-none-eabi/lib/thumb/v7e-m+fp/hard\libc_nano.a(libc_a-impure.o)
                0x20000268                _impure_ptr
 .data._impure_data
                0x2000026c       0x4c c:/Users/Sive/AppData/Roaming/Code/User/globalStorage/bmd.stm32-for-vscode/@xpack-dev-tools/arm-none-eabi-gcc/13.2.1-1.1.1/.content/bin/../lib/gcc/arm-none-eabi/13.2.1/../../../../arm-none-eabi/lib/thumb/v7e-m+fp/hard\libc_nano.a(libc_a-impure.o)
                0x2000026c                _impure_data
                0x200002b8                        . = ALIGN (0x4)
                0x200002b8                        _edata = .
                0x0800ee84                        _siccmram = LOADADDR (.ccmram)

.igot.plt       0x200002b8        0x0 load address 0x0800ee84
 .igot.plt      0x200002b8        0x0 c:/Users/Sive/AppData/Roaming/Code/User/globalStorage/bmd.stm32-for-vscode/@xpack-dev-tools/arm-none-eabi-gcc/13.2.1-1.1.1/.content/bin/../lib/gcc/arm-none-eabi/13.2.1/thumb/v7e-m+fp/hard/crtbegin.o

.ccmram         0x10000000        0x0 load address 0x0800ee84
                0x10000000                        . = ALIGN (0x4)
                0x10000000                        _sccmram = .
 *(.ccmram)
 *(.ccmram*)
                0x10000000                        . = ALIGN (0x4)
                0x10000000                        _eccmram = .
                0x10000000                        . = ALIGN (0x4)

.bss            0x200002b8     0x59d4
                0x200002b8                        _sbss = .
                0x200002b8                        __bss_start__ = _sbss
 *(.bss)
 *(.bss*)
 .bss.completed.1
                0x200002b8        0x1 c:/Users/Sive/AppData/Roaming/Code/User/globalStorage/bmd.stm32-for-vscode/@xpack-dev-tools/arm-none-eabi-gcc/13.2.1-1.1.1/.content/bin/../lib/gcc/arm-none-eabi/13.2.1/thumb/v7e-m+fp/hard/crtbegin.o
 *fill*         0x200002b9        0x3 
 .bss.object.0  0x200002bc       0x18 c:/Users/Sive/AppData/Roaming/Code/User/globalStorage/bmd.stm32-for-vscode/@xpack-dev-tools/arm-none-eabi-gcc/13.2.1-1.1.1/.content/bin/../lib/gcc/arm-none-eabi/13.2.1/thumb/v7e-m+fp/hard/crtbegin.o
 .bss.HAL_RCC_CAN1_CLK_ENABLED
                0x200002d4        0x4 build/can.o
 .bss.hcan2     0x200002d8       0x28 build/can.o
                0x200002d8                hcan2
 .bss.hcan1     0x20000300       0x28 build/can.o
                0x20000300                hcan1
 .bss.xTimerStack
                0x20000328      0x400 build/freertos.o
 .bss.xTimerTaskTCBBuffer
                0x20000728       0x54 build/freertos.o
 .bss.xIdleStack
                0x2000077c      0x200 build/freertos.o
 .bss.xIdleTaskTCBBuffer
                0x2000097c       0x54 build/freertos.o
 .bss.hi2c3     0x200009d0       0x54 build/i2c.o
                0x200009d0                hi2c3
 .bss.hdma_spi1_tx
                0x20000a24       0x60 build/spi.o
                0x20000a24                hdma_spi1_tx
 .bss.hdma_spi1_rx
                0x20000a84       0x60 build/spi.o