Archive member included to satisfy reference by file (symbol)

Middlewares/ST/ARM/DSP/Lib/libCMSISDSP.a(MatrixFunctions.c.o)
                              build/QuaternionEKF.o (arm_mat_add_f32)
Middlewares/ST/ARM/DSP/Lib/libCMSISDSP.a(FastMathFunctions.c.o)
                              build/ins_task.o (arm_cos_f32)
Middlewares/ST/ARM/DSP/Lib/libCMSISDSP.a(BasicMathFunctions.c.o)
                              Middlewares/ST/ARM/DSP/Lib/libCMSISDSP.a(FastMathFunctions.c.o) (arm_abs_q15)
Middlewares/ST/ARM/DSP/Lib/libCMSISDSP.a(CommonTables.c.o)
                              Middlewares/ST/ARM/DSP/Lib/libCMSISDSP.a(FastMathFunctions.c.o) (sqrt_initial_lut_q15)
c:/Users/Sive/AppData/Roaming/Code/User/globalStorage/bmd.stm32-for-vscode/@xpack-dev-tools/arm-none-eabi-gcc/13.2.1-1.1.1/.content/bin/../lib/gcc/arm-none-eabi/13.2.1/../../../../arm-none-eabi/lib/thumb/v7e-m+fp/hard\libc_nano.a(libc_a-atexit.o)
                              c:/Users/Sive/AppData/Roaming/Code/User/globalStorage/bmd.stm32-for-vscode/@xpack-dev-tools/arm-none-eabi-gcc/13.2.1-1.1.1/.content/bin/../lib/gcc/arm-none-eabi/13.2.1/../../../../arm-none-eabi/lib/thumb/v7e-m+fp/hard/crt0.o (atexit)
c:/Users/Sive/AppData/Roaming/Code/User/globalStorage/bmd.stm32-for-vscode/@xpack-dev-tools/arm-none-eabi-gcc/13.2.1-1.1.1/.content/bin/../lib/gcc/arm-none-eabi/13.2.1/../../../../arm-none-eabi/lib/thumb/v7e-m+fp/hard\libc_nano.a(libc_a-exit.o)
                              c:/Users/Sive/AppData/Roaming/Code/User/globalStorage/bmd.stm32-for-vscode/@xpack-dev-tools/arm-none-eabi-gcc/13.2.1-1.1.1/.content/bin/../lib/gcc/arm-none-eabi/13.2.1/../../../../arm-none-eabi/lib/thumb/v7e-m+fp/hard/crt0.o (exit)
c:/Users/Sive/AppData/Roaming/Code/User/globalStorage/bmd.stm32-for-vscode/@xpack-dev-tools/arm-none-eabi-gcc/13.2.1-1.1.1/.content/bin/../lib/gcc/arm-none-eabi/13.2.1/../../../../arm-none-eabi/lib/thumb/v7e-m+fp/hard\libc_nano.a(libc_a-malloc.o)
                              build/bsp_can.o (malloc)
c:/Users/Sive/AppData/Roaming/Code/User/globalStorage/bmd.stm32-for-vscode/@xpack-dev-tools/arm-none-eabi-gcc/13.2.1-1.1.1/.content/bin/../lib/gcc/arm-none-eabi/13.2.1/../../../../arm-none-eabi/lib/thumb/v7e-m+fp/hard\libc_nano.a(libc_a-mallocr.o)
                              c:/Users/Sive/AppData/Roaming/Code/User/globalStorage/bmd.stm32-for-vscode/@xpack-dev-tools/arm-none-eabi-gcc/13.2.1-1.1.1/.content/bin/../lib/gcc/arm-none-eabi/13.2.1/../../../../arm-none-eabi/lib/thumb/v7e-m+fp/hard\libc_nano.a(libc_a-malloc.o) (_malloc_r)
c:/Users/Sive/AppData/Roaming/Code/User/globalStorage/bmd.stm32-for-vscode/@xpack-dev-tools/arm-none-eabi-gcc/13.2.1-1.1.1/.content/bin/../lib/gcc/arm-none-eabi/13.2.1/../../../../arm-none-eabi/lib/thumb/v7e-m+fp/hard\libc_nano.a(libc_a-mlock.o)
                              c:/Users/Sive/AppData/Roaming/Code/User/globalStorage/bmd.stm32-for-vscode/@xpack-dev-tools/arm-none-eabi-gcc/13.2.1-1.1.1/.content/bin/../lib/gcc/arm-none-eabi/13.2.1/../../../../arm-none-eabi/lib/thumb/v7e-m+fp/hard\libc_nano.a(libc_a-mallocr.o) (__malloc_lock)
c:/Users/Sive/AppData/Roaming/Code/User/globalStorage/bmd.stm32-for-vscode/@xpack-dev-tools/arm-none-eabi-gcc/13.2.1-1.1.1/.content/bin/../lib/gcc/arm-none-eabi/13.2.1/../../../../arm-none-eabi/lib/thumb/v7e-m+fp/hard\libc_nano.a(libc_a-findfp.o)
                              c:/Users/Sive/AppData/Roaming/Code/User/globalStorage/bmd.stm32-for-vscode/@xpack-dev-tools/arm-none-eabi-gcc/13.2.1-1.1.1/.content/bin/../lib/gcc/arm-none-eabi/13.2.1/../../../../arm-none-eabi/lib/thumb/v7e-m+fp/hard\libc_nano.a(libc_a-exit.o) (__stdio_exit_handler)
c:/Users/Sive/AppData/Roaming/Code/User/globalStorage/bmd.stm32-for-vscode/@xpack-dev-tools/arm-none-eabi-gcc/13.2.1-1.1.1/.content/bin/../lib/gcc/arm-none-eabi/13.2.1/../../../../arm-none-eabi/lib/thumb/v7e-m+fp/hard\libc_nano.a(libc_a-fwalk.o)
                              c:/Users/Sive/AppData/Roaming/Code/User/globalStorage/bmd.stm32-for-vscode/@xpack-dev-tools/arm-none-eabi-gcc/13.2.1-1.1.1/.content/bin/../lib/gcc/arm-none-eabi/13.2.1/../../../../arm-none-eabi/lib/thumb/v7e-m+fp/hard\libc_nano.a(libc_a-findfp.o) (_fwalk_sglue)
c:/Users/Sive/AppData/Roaming/Code/User/globalStorage/bmd.stm32-for-vscode/@xpack-dev-tools/arm-none-eabi-gcc/13.2.1-1.1.1/.content/bin/../lib/gcc/arm-none-eabi/13.2.1/../../../../arm-none-eabi/lib/thumb/v7e-m+fp/hard\libc_nano.a(libc_a-sprintf.o)
                              build/bsp_log.o (sprintf)
c:/Users/Sive/AppData/Roaming/Code/User/globalStorage/bmd.stm32-for-vscode/@xpack-dev-tools/arm-none-eabi-gcc/13.2.1-1.1.1/.content/bin/../lib/gcc/arm-none-eabi/13.2.1/../../../../arm-none-eabi/lib/thumb/v7e-m+fp/hard\libc_nano.a(libc_a-sscanf.o)
                              build/distance.o (sscanf)
[...]
Memory Configuration

Name             Origin             Length             Attributes
RAM              0x20000000         0x00020000         xrw
CCMRAM           0x10000000         0x00010000         xrw
FLASH            0x08000000         0x00100000         xr
*default*        0x00000000         0xffffffff

Linker script and memory map

LOAD c:/Users/Sive/AppData/Roaming/Code/User/globalStorage/bmd.stm32-for-vscode/@xpack-dev-tools/arm-none-eabi-gcc/13.2.1-1.1.1/.content/bin/../lib/gcc/arm-none-eabi/13.2.1/thumb/v7e-m+fp/hard/crti.o
LOAD c:/Users/Sive/AppData/Roaming/Code/User/globalStorage/bmd.stm32-for-vscode/@xpack-dev-tools/arm-none-eabi-gcc/13.2.1-1.1.1/.content/bin/../lib/gcc/arm-none-eabi/13.2.1/thumb/v7e-m+fp/hard/crtbegin.o
LOAD c:/Users/Sive/AppData/Roaming/Code/User/globalStorage/bmd.stm32-for-vscode/@xpack-dev-tools/arm-none-eabi-gcc/13.2.1-1.1.1/.content/bin/../lib/gcc/arm-none-eabi/13.2.1/../../../../arm-none-eabi/lib/thumb/v7e-m+fp/hard/crt0.o
LOAD build/can.o
LOAD build/dma.o
LOAD build/freertos.o
LOAD build/gpio.o
LOAD build/i2c.o
LOAD build/main.o
LOAD build/spi.o
LOAD build/stm32f4xx_hal_msp.o
LOAD build/stm32f4xx_it.o
LOAD build/system_stm32f4xx.o
LOAD build/tim.o
LOAD build/usart.o
LOAD build/stm32f4xx_hal.o
LOAD build/stm32f4xx_hal_can.o
LOAD build/stm32f4xx_hal_cortex.o
LOAD build/stm32f4xx_hal_dma.o
LOAD build/stm32f4xx_hal_dma_ex.o
LOAD build/stm32f4xx_hal_exti.o
LOAD build/stm32f4xx_hal_flash.o
LOAD build/stm32f4xx_hal_flash_ex.o
LOAD build/stm32f4xx_hal_flash_ramfunc.o
LOAD build/stm32f4xx_hal_gpio.o
LOAD build/stm32f4xx_hal_i2c.o
LOAD build/stm32f4xx_hal_i2c_ex.o
LOAD build/stm32f4xx_hal_pwr.o
LOAD build/stm32f4xx_hal_pwr_ex.o
LOAD build/stm32f4xx_hal_rcc.o
LOAD build/stm32f4xx_hal_rcc_ex.o
LOAD build/stm32f4xx_hal_spi.o
LOAD build/stm32f4xx_hal_tim.o
LOAD build/stm32f4xx_hal_tim_ex.o
LOAD build/stm32f4xx_hal_uart.o
LOAD build/cmsis_os.o
LOAD build/croutine.o
LOAD build/event_groups.o
LOAD build/list.o
LOAD build/port.o
LOAD build/heap_4.o
LOAD build/queue.o
LOAD build/stream_buffer.o
LOAD build/tasks.o
LOAD build/timers.o
LOAD build/SEGGER_RTT.o
LOAD build/SEGGER_RTT_printf.o
LOAD build/chassis.o
LOAD build/robot_cmd.o
LOAD build/paw.o
LOAD build/robot.o
LOAD build/shoot.o
LOAD build/bsp_delay.o
LOAD build/bsp_spi.o
LOAD build/bsp_can.o
LOAD build/bsp_dwt.o
LOAD build/bsp_log.o
LOAD build/bsp_pwm.o
LOAD build/bsp_usart.o
LOAD build/buzzer.o
LOAD build/MahonyAHRS.o
LOAD build/QuaternionEKF.o
LOAD build/controller.o
LOAD build/kalman_filter.o
LOAD build/pid.o
LOAD build/user_lib.o
LOAD build/daemon.o
LOAD build/distance.o
LOAD build/BMI088Middleware.o
LOAD build/BMI088driver.o
LOAD build/ins_task.o
LOAD build/message_center.o
LOAD build/dji_motor.o
LOAD build/MImotor.o
LOAD build/motor_task.o
LOAD build/remote_control.o
LOAD build/SEGGER_RTT_ASM_ARMv7M.o
LOAD build/startup_stm32f407xx.o
LOAD Middlewares/ST/ARM/DSP/Lib/libCMSISDSP.a
LOAD c:/Users/Sive/AppData/Roaming/Code/User/globalStorage/bmd.stm32-for-vscode/@xpack-dev-tools/arm-none-eabi-gcc/13.2.1-1.1.1/.content/bin/../lib/gcc/arm-none-eabi/13.2.1/../../../../arm-none-eabi/lib/thumb/v7e-m+fp/hard\libc_nano.a
LOAD c:/Users/Sive/AppData/Roaming/Code/User/globalStorage/bmd.stm32-for-vscode/@xpack-dev-tools/arm-none-eabi-gcc/13.2.1-1.1.1/.content/bin/../lib/gcc/arm-none-eabi/13.2.1/../../../../arm-none-eabi/lib/thumb/v7e-m+fp/hard\libm.a
LOAD c:/Users/Sive/AppData/Roaming/Code/User/globalStorage/bmd.stm32-for-vscode/@xpack-dev-tools/arm-none-eabi-gcc/13.2.1-1.1.1/.content/bin/../lib/gcc/arm-none-eabi/13.2.1/../../../../arm-none-eabi/lib/thumb/v7e-m+fp/hard\libnosys.a
START GROUP
LOAD c:/Users/Sive/AppData/Roaming/Code/User/globalStorage/bmd.stm32-for-vscode/@xpack-dev-tools/arm-none-eabi-gcc/13.2.1-1.1.1/.content/bin/../lib/gcc/arm-none-eabi/13.2.1/thumb/v7e-m+fp/hard\libgcc.a
LOAD c:/Users/Sive/AppData/Roaming/Code/User/globalStorage/bmd.stm32-for-vscode/@xpack-dev-tools/arm-none-eabi-gcc/13.2.1-1.1.1/.content/bin/../lib/gcc/arm-none-eabi/13.2.1/../../../../arm-none-eabi/lib/thumb/v7e-m+fp/hard\libc_nano.a
END GROUP
START GROUP
LOAD c:/Users/Sive/AppData/Roaming/Code/User/globalStorage/bmd.stm32-for-vscode/@xpack-dev-tools/arm-none-eabi-gcc/13.2.1-1.1.1/.content/bin/../lib/gcc/arm-none-eabi/13.2.1/thumb/v7e-m+fp/hard\libgcc.a
LOAD c:/Users/Sive/AppData/Roaming/Code/User/globalStorage/bmd.stm32-for-vscode/@xpack-dev-tools/arm-none-eabi-gcc/13.2.1-1.1.1/.content/bin/../lib/gcc/arm-none-eabi/13.2.1/../../../../arm-none-eabi/lib/thumb/v7e-m+fp/hard\libc_nano.a
END GROUP
LOAD c:/Users/Sive/AppData/Roaming/Code/User/globalStorage/bmd.stm32-for-vscode/@xpack-dev-tools/arm-none-eabi-gcc/13.2.1-1.1.1/.content/bin/../lib/gcc/arm-none-eabi/13.2.1/thumb/v7e-m+fp/hard/crtend.o
LOAD c:/Users/Sive/AppData/Roaming/Code/User/globalStorage/bmd.stm32-for-vscode/@xpack-dev-tools/arm-none-eabi-gcc/13.2.1-1.1.1/.content/bin/../lib/gcc/arm-none-eabi/13.2.1/thumb/v7e-m+fp/hard/crtn.o
                0x20020000                        _estack = (ORIGIN (RAM) + LENGTH (RAM))
                0x00000200                        _Min_Heap_Size = 0x200
                0x00000400                        _Min_Stack_Size = 0x400

.isr_vector     0x08000000      0x188
                0x08000000                        . = ALIGN (0x4)
 *(.isr_vector)
 .isr_vector    0x08000000      0x188 build/startup_stm32f407xx.o
                0x08000000                g_pfnVectors
                0x08000188                        . = ALIGN (0x4)

.text           0x08000190     0xdc70
                0x08000190                        . = ALIGN (0x4)
 *(.text)
 .text          0x08000190       0x14 c:/Users/Sive/AppData/Roaming/Code/User/globalStorage/bmd.stm32-for-vscode/@xpack-dev-tools/arm-none-eabi-gcc/13.2.1-1.1.1/.content/bin/../lib/gcc/arm-none-eabi/13.2.1/../../../../arm-none-eabi/lib/thumb/v7e-m+fp/hard\libc_nano.a(libc_a-strcmp.o)
                0x08000190                strcmp
 .text          0x080001a4       0x10 c:/Users/Sive/AppData/Roaming/Code/User/globalStorage/bmd.stm32-for-vscode/@xpack-dev-tools/arm-none-eabi-gcc/13.2.1-1.1.1/.content/bin/../lib/gcc/arm-none-eabi/13.2.1/../../../../arm-none-eabi/lib/thumb/v7e-m+fp/hard\libc_nano.a(libc_a-strlen.o)
                0x080001a4                strlen
 *fill*         0x080001b4        0xc 
 .text          0x080001c0       0xa0 c:/Users/Sive/AppData/Roaming/Code/User/globalStorage/bmd.stm32-for-vscode/@xpack-dev-tools/arm-none-eabi-gcc/13.2.1-1.1.1/.content/bin/../lib/gcc/arm-none-eabi/13.2.1/../../../../arm-none-eabi/lib/thumb/v7e-m+fp/hard\libc_nano.a(libc_a-memchr.o)
                0x080001c0                memchr
 .text          0x08000260      0x378 c:/Users/Sive/AppData/Roaming/Code/User/globalStorage/bmd.stm32-for-vscode/@xpack-dev-tools/arm-none-eabi-gcc/13.2.1-1.1.1/.content/bin/../lib/gcc/arm-none-eabi/13.2.1/thumb/v7e-m+fp/hard\libgcc.a(_arm_addsubdf3.o)
                0x08000260                __aeabi_drsub
                0x08000268                __aeabi_dsub
                0x08000268                __subdf3
                0x0800026c                __aeabi_dadd
                0x0800026c                __adddf3
                0x080004e4                __floatunsidf
                0x080004e4                __aeabi_ui2d
                0x08000504                __floatsidf
                0x08000504                __aeabi_i2d
                0x08000528                __aeabi_f2d
                0x08000528                __extendsfdf2
                0x0800056c                __floatundidf
                0x0800056c                __aeabi_ul2d
                0x0800057c                __floatdidf
                0x0800057c                __aeabi_l2d
 .text          0x080005d8      0x424 c:/Users/Sive/AppData/Roaming/Code/User/globalStorage/bmd.stm32-for-vscode/@xpack-dev-tools/arm-none-eabi-gcc/13.2.1-1.1.1/.content/bin/../lib/gcc/arm-none-eabi/13.2.1/thumb/v7e-m+fp/hard\libgcc.a(_arm_muldivdf3.o)
                0x080005d8                __aeabi_dmul
                0x080005d8                __muldf3
                0x0800082c                __divdf3
                0x0800082c                __aeabi_ddiv
 .text          0x080009fc       0x50 c:/Users/Sive/AppData/Roaming/Code/User/globalStorage/bmd.stm32-for-vscode/@xpack-dev-tools/arm-none-eabi-gcc/13.2.1-1.1.1/.content/bin/../lib/gcc/arm-none-eabi/13.2.1/thumb/v7e-m+fp/hard\libgcc.a(_arm_fixdfsi.o)
                0x080009fc                __aeabi_d2iz
                0x080009fc                __fixdfsi
 .text          0x08000a4c       0xa0 c:/Users/Sive/AppData/Roaming/Code/User/globalStorage/bmd.stm32-for-vscode/@xpack-dev-tools/arm-none-eabi-gcc/13.2.1-1.1.1/.content/bin/../lib/gcc/arm-none-eabi/13.2.1/thumb/v7e-m+fp/hard\libgcc.a(_arm_truncdfsf2.o)
                0x08000a4c                __truncdfsf2
                0x08000a4c                __aeabi_d2f
 .text          0x08000aec       0x30 c:/Users/Sive/AppData/Roaming/Code/User/globalStorage/bmd.stm32-for-vscode/@xpack-dev-tools/arm-none-eabi-gcc/13.2.1-1.1.1/.content/bin/../lib/gcc/arm-none-eabi/13.2.1/thumb/v7e-m+fp/hard\libgcc.a(_aeabi_uldivmod.o)
                0x08000aec                __aeabi_uldivmod
 .text          0x08000b1c        0x4 c:/Users/Sive/AppData/Roaming/Code/User/globalStorage/bmd.stm32-for-vscode/@xpack-dev-tools/arm-none-eabi-gcc/13.2.1-1.1.1/.content/bin/../lib/gcc/arm-none-eabi/13.2.1/thumb/v7e-m+fp/hard\libgcc.a(_dvmd_tls.o)
                0x08000b1c                __aeabi_idiv0
                0x08000b1c                __aeabi_ldiv0
 *(.text*)
 .text.__do_global_dtors_aux
                0x08000b20       0x24 c:/Users/Sive/AppData/Roaming/Code/User/globalStorage/bmd.stm32-for-vscode/@xpack-dev-tools/arm-none-eabi-gcc/13.2.1-1.1.1/.content/bin/../lib/gcc/arm-none-eabi/13.2.1/thumb/v7e-m+fp/hard/crtbegin.o
 .text.frame_dummy
                0x08000b44       0x1c c:/Users/Sive/AppData/Roaming/Code/User/globalStorage/bmd.stm32-for-vscode/@xpack-dev-tools/arm-none-eabi-gcc/13.2.1-1.1.1/.content/bin/../lib/gcc/arm-none-eabi/13.2.1/thumb/v7e-m+fp/hard/crtbegin.o
 .text.MX_CAN1_Init
                0x08000b60       0x40 build/can.o
                0x08000b60                MX_CAN1_Init
 .text.MX_CAN2_Init
                0x08000ba0       0x40 build/can.o
                0x08000ba0                MX_CAN2_Init
 .text.HAL_CAN_MspInit
                0x08000be0      0x180 build/can.o
                0x08000be0                HAL_CAN_MspInit
 .text.MX_DMA_Init
                0x08000d60       0xa8 build/dma.o
                0x08000d60                MX_DMA_Init
 .text.vApplicationGetIdleTaskMemory
                0x08000e08       0x18 build/freertos.o
                0x08000e08                vApplicationGetIdleTaskMemory
 .text.vApplicationGetTimerTaskMemory
                0x08000e20       0x18 build/freertos.o
                0x08000e20                vApplicationGetTimerTaskMemory
 .text.MX_FREERTOS_Init
                0x08000e38        0x2 build/freertos.o
                0x08000e38                MX_FREERTOS_Init
 *fill*         0x08000e3a        0x2 
 .text.MX_GPIO_Init
                0x08000e3c      0x184 build/gpio.o
                0x08000e3c                MX_GPIO_Init
 .text.MX_I2C3_Init
                0x08000fc0       0x3c build/i2c.o
                0x08000fc0                MX_I2C3_Init
 .text.HAL_I2C_MspInit
                0x08000ffc       0xa8 build/i2c.o
                0x08000ffc                HAL_I2C_MspInit
 .text.Error_Handler
                0x080010a4        0x4 build/main.o
                0x080010a4                Error_Handler
 .text.SystemClock_Config
                0x080010a8       0xa8 build/main.o
                0x080010a8                SystemClock_Config
 .text.main     0x08001150       0x4c build/main.o
                0x08001150                main
 .text.MX_SPI1_Init
                0x0800119c       0x48 build/spi.o
                0x0800119c                MX_SPI1_Init
 .text.HAL_SPI_MspInit
                0x080011e4      0x130 build/spi.o
                0x080011e4                HAL_SPI_MspInit
 .text.HAL_MspInit
                0x08001314       0x44 build/stm32f4xx_hal_msp.o
                0x08001314                HAL_MspInit
 .text.NMI_Handler
                0x08001358        0x2 build/stm32f4xx_it.o
                0x08001358                NMI_Handler
 .text.HardFault_Handler
                0x0800135a        0x2 build/stm32f4xx_it.o
                0x0800135a                HardFault_Handler
 .text.MemManage_Handler
                0x0800135c        0x2 build/stm32f4xx_it.o
                0x0800135c                MemManage_Handler
 .text.BusFault_Handler
                0x0800135e        0x2 build/stm32f4xx_it.o
                0x0800135e                BusFault_Handler
 .text.UsageFault_Handler
                0x08001360        0x2 build/stm32f4xx_it.o
                0x08001360                UsageFault_Handler
 .text.DebugMon_Handler
                0x08001362        0x2 build/stm32f4xx_it.o
                0x08001362                DebugMon_Handler
 .text.SysTick_Handler
                0x08001364       0x16 build/stm32f4xx_it.o
                0x08001364                SysTick_Handler
 .text.EXTI0_IRQHandler
                0x0800137a        0xa build/stm32f4xx_it.o
                0x0800137a                EXTI0_IRQHandler
 .text.EXTI3_IRQHandler
                0x08001384        0xa build/stm32f4xx_it.o
                0x08001384                EXTI3_IRQHandler
 .text.EXTI4_IRQHandler
                0x0800138e        0xa build/stm32f4xx_it.o
                0x0800138e                EXTI4_IRQHandler
 .text.DMA1_Stream1_IRQHandler
                0x08001398       0x10 build/stm32f4xx_it.o
                0x08001398                DMA1_Stream1_IRQHandler
 .text.CAN1_TX_IRQHandler
                0x080013a8       0x10 build/stm32f4xx_it.o
                0x080013a8                CAN1_TX_IRQHandler
 .text.CAN1_RX0_IRQHandler
                0x080013b8       0x10 build/stm32f4xx_it.o
                0x080013b8                CAN1_RX0_IRQHandler
 .text.CAN1_RX1_IRQHandler
                0x080013c8       0x10 build/stm32f4xx_it.o
                0x080013c8                CAN1_RX1_IRQHandler
 .text.CAN1_SCE_IRQHandler
                0x080013d8       0x10 build/stm32f4xx_it.o
                0x080013d8                CAN1_SCE_IRQHandler
 .text.EXTI9_5_IRQHandler
                0x080013e8        0xa build/stm32f4xx_it.o
                0x080013e8                EXTI9_5_IRQHandler
 *fill*         0x080013f2        0x2 
 .text.USART1_IRQHandler
                0x080013f4       0x10 build/stm32f4xx_it.o
                0x080013f4                USART1_IRQHandler
 .text.USART3_IRQHandler
                0x08001404       0x10 build/stm32f4xx_it.o
                0x08001404                USART3_IRQHandler
 .text.DMA2_Stream1_IRQHandler
                0x08001414       0x10 build/stm32f4xx_it.o
                0x08001414                DMA2_Stream1_IRQHandler
 .text.DMA2_Stream2_IRQHandler
                0x08001424       0x10 build/stm32f4xx_it.o
                0x08001424                DMA2_Stream2_IRQHandler
 .text.DMA2_Stream3_IRQHandler
                0x08001434       0x10 build/stm32f4xx_it.o
                0x08001434                DMA2_Stream3_IRQHandler
 .text.CAN2_TX_IRQHandler
                0x08001444       0x10 build/stm32f4xx_it.o
                0x08001444                CAN2_TX_IRQHandler
 .text.CAN2_RX0_IRQHandler
                0x08001454       0x10 build/stm32f4xx_it.o
                0x08001454                CAN2_RX0_IRQHandler
 .text.CAN2_RX1_IRQHandler
                0x08001464       0x10 build/stm32f4xx_it.o
                0x08001464                CAN2_RX1_IRQHandler
 .text.CAN2_SCE_IRQHandler
                0x08001474       0x10 build/stm32f4xx_it.o
                0x08001474                CAN2_SCE_IRQHandler
 .text.DMA2_Stream5_IRQHandler
                0x08001484       0x10 build/stm32f4xx_it.o
                0x08001484                DMA2_Stream5_IRQHandler
 .text.DMA2_Stream6_IRQHandler
                0x08001494       0x10 build/stm32f4xx_it.o
                0x08001494                DMA2_Stream6_IRQHandler
 .text.DMA2_Stream7_IRQHandler
                0x080014a4       0x10 build/stm32f4xx_it.o
                0x080014a4                DMA2_Stream7_IRQHandler
 .text.USART6_IRQHandler
                0x080014b4       0x10 build/stm32f4xx_it.o
                0x080014b4                USART6_IRQHandler
 .text.SystemInit
                0x080014c4       0x14 build/system_stm32f4xx.o
                0x080014c4                SystemInit
 .text.HAL_TIM_Base_MspInit
                0x080014d8       0x78 build/tim.o
                0x080014d8                HAL_TIM_Base_MspInit
 .text.HAL_TIM_MspPostInit
                0x08001550       0xe0 build/tim.o
                0x08001550                HAL_TIM_MspPostInit
 .text.MX_TIM4_Init
                0x08001630       0xb0 build/tim.o
                0x08001630                MX_TIM4_Init
 .text.MX_TIM5_Init
                0x080016e0       0xd4 build/tim.o
                0x080016e0                MX_TIM5_Init
 .text.MX_TIM10_Init
                0x080017b4       0x74 build/tim.o
                0x080017b4                MX_TIM10_Init
 .text.MX_USART1_UART_Init
                0x08001828       0x34 build/usart.o
                0x08001828                MX_USART1_UART_Init
 .text.MX_USART3_UART_Init
                0x0800185c       0x3c build/usart.o
                0x0800185c                MX_USART3_UART_Init
 .text.MX_USART6_UART_Init
                0x08001898       0x34 build/usart.o
                0x08001898                MX_USART6_UART_Init
 .text.HAL_UART_MspInit
                0x080018cc      0x2c8 build/usart.o
                0x080018cc                HAL_UART_MspInit
 .text.HAL_InitTick
                0x08001b94       0x4c build/stm32f4xx_hal.o
                0x08001b94                HAL_InitTick
 .text.HAL_Init
                0x08001be0       0x34 build/stm32f4xx_hal.o
                0x08001be0                HAL_Init
 .text.HAL_IncTick
                0x08001c14       0x18 build/stm32f4xx_hal.o
                0x08001c14                HAL_IncTick
 .text.HAL_GetTick
                0x08001c2c        0xc build/stm32f4xx_hal.o
                0x08001c2c                HAL_GetTick
 .text.HAL_CAN_Init
                0x08001c38      0x14c build/stm32f4xx_hal_can.o
                0x08001c38                HAL_CAN_Init
 .text.HAL_CAN_ConfigFilter
                0x08001d84      0x138 build/stm32f4xx_hal_can.o
                0x08001d84                HAL_CAN_ConfigFilter
 .text.HAL_CAN_Start
                0x08001ebc       0x5c build/stm32f4xx_hal_can.o
                0x08001ebc                HAL_CAN_Start
 .text.HAL_CAN_AddTxMessage
                0x08001f18       0xea build/stm32f4xx_hal_can.o
                0x08001f18                HAL_CAN_AddTxMessage
 .text.HAL_CAN_GetTxMailboxesFreeLevel
                0x08002002       0x32 build/stm32f4xx_hal_can.o
                0x08002002                HAL_CAN_GetTxMailboxesFreeLevel
 .text.HAL_CAN_GetRxMessage
                0x08002034      0x16a build/stm32f4xx_hal_can.o
                0x08002034                HAL_CAN_GetRxMessage
 .text.HAL_CAN_GetRxFifoFillLevel
                0x0800219e       0x26 build/stm32f4xx_hal_can.o
                0x0800219e                HAL_CAN_GetRxFifoFillLevel
 .text.HAL_CAN_ActivateNotification
                0x080021c4       0x24 build/stm32f4xx_hal_can.o
                0x080021c4                HAL_CAN_ActivateNotification
 .text.HAL_CAN_TxMailbox0CompleteCallback
                0x080021e8        0x2 build/stm32f4xx_hal_can.o
                0x080021e8                HAL_CAN_TxMailbox0CompleteCallback
 .text.HAL_CAN_TxMailbox1CompleteCallback
                0x080021ea        0x2 build/stm32f4xx_hal_can.o
                0x080021ea                HAL_CAN_TxMailbox1CompleteCallback
 .text.HAL_CAN_TxMailbox2CompleteCallback
                0x080021ec        0x2 build/stm32f4xx_hal_can.o
                0x080021ec                HAL_CAN_TxMailbox2CompleteCallback
 .text.HAL_CAN_TxMailbox0AbortCallback
                0x080021ee        0x2 build/stm32f4xx_hal_can.o
                0x080021ee                HAL_CAN_TxMailbox0AbortCallback
 .text.HAL_CAN_TxMailbox1AbortCallback
                0x080021f0        0x2 build/stm32f4xx_hal_can.o
                0x080021f0                HAL_CAN_TxMailbox1AbortCallback
 .text.HAL_CAN_TxMailbox2AbortCallback
                0x080021f2        0x2 build/stm32f4xx_hal_can.o
                0x080021f2                HAL_CAN_TxMailbox2AbortCallback
 .text.HAL_CAN_RxFifo0FullCallback
                0x080021f4        0x2 build/stm32f4xx_hal_can.o
                0x080021f4                HAL_CAN_RxFifo0FullCallback
 .text.HAL_CAN_RxFifo1FullCallback
                0x080021f6        0x2 build/stm32f4xx_hal_can.o
                0x080021f6                HAL_CAN_RxFifo1FullCallback
 .text.HAL_CAN_SleepCallback
                0x080021f8        0x2 build/stm32f4xx_hal_can.o
                0x080021f8                HAL_CAN_SleepCallback
 .text.HAL_CAN_WakeUpFromRxMsgCallback
                0x080021fa        0x2 build/stm32f4xx_hal_can.o
                0x080021fa                HAL_CAN_WakeUpFromRxMsgCallback
 .text.HAL_CAN_ErrorCallback
                0x080021fc        0x2 build/stm32f4xx_hal_can.o
                0x080021fc                HAL_CAN_ErrorCallback
 .text.HAL_CAN_IRQHandler
                0x080021fe      0x250 build/stm32f4xx_hal_can.o
                0x080021fe                HAL_CAN_IRQHandler
 *fill*         0x0800244e        0x2 
 .text.__NVIC_EnableIRQ
                0x08002450       0x1c build/stm32f4xx_hal_cortex.o
 .text.__NVIC_SetPriority
                0x0800246c       0x28 build/stm32f4xx_hal_cortex.o
 .text.NVIC_EncodePriority
                0x08002494       0x3e build/stm32f4xx_hal_cortex.o
 *fill*         0x080024d2        0x2 
 .text.HAL_NVIC_SetPriorityGrouping
                0x080024d4       0x24 build/stm32f4xx_hal_cortex.o
                0x080024d4                HAL_NVIC_SetPriorityGrouping
 .text.HAL_NVIC_SetPriority
                0x080024f8       0x20 build/stm32f4xx_hal_cortex.o
                0x080024f8                HAL_NVIC_SetPriority
 .text.HAL_NVIC_EnableIRQ
                0x08002518        0x8 build/stm32f4xx_hal_cortex.o
                0x08002518                HAL_NVIC_EnableIRQ
 .text.HAL_SYSTICK_Config
                0x08002520       0x28 build/stm32f4xx_hal_cortex.o
                0x08002520                HAL_SYSTICK_Config
 .text.DMA_CalcBaseAndBitshift
                0x08002548       0x3c build/stm32f4xx_hal_dma.o
 .text.DMA_CheckFifoParam
                0x08002584       0x8e build/stm32f4xx_hal_dma.o
 *fill*         0x08002612        0x2 
 .text.HAL_DMA_Init
                0x08002614       0xcc build/stm32f4xx_hal_dma.o
                0x08002614                HAL_DMA_Init
 .text.HAL_DMA_Abort
                0x080026e0       0x94 build/stm32f4xx_hal_dma.o
                0x080026e0                HAL_DMA_Abort
 .text.HAL_DMA_Abort_IT
                0x08002774       0x26 build/stm32f4xx_hal_dma.o
                0x08002774                HAL_DMA_Abort_IT
 *fill*         0x0800279a        0x2 
 .text.HAL_DMA_IRQHandler
                0x0800279c      0x1dc build/stm32f4xx_hal_dma.o
                0x0800279c                HAL_DMA_IRQHandler
 .text.HAL_GPIO_Init
                0x08002978      0x1ec build/stm32f4xx_hal_gpio.o
                0x08002978                HAL_GPIO_Init
 .text.HAL_GPIO_WritePin
                0x08002b64        0xc build/stm32f4xx_hal_gpio.o
                0x08002b64                HAL_GPIO_WritePin
 .text.HAL_GPIO_EXTI_Callback
                0x08002b70        0x2 build/stm32f4xx_hal_gpio.o
                0x08002b70                HAL_GPIO_EXTI_Callback
 *fill*         0x08002b72        0x2 
 .text.HAL_GPIO_EXTI_IRQHandler
                0x08002b74       0x1c build/stm32f4xx_hal_gpio.o
                0x08002b74                HAL_GPIO_EXTI_IRQHandler
 .text.HAL_I2C_Init
                0x08002b90      0x1bc build/stm32f4xx_hal_i2c.o
                0x08002b90                HAL_I2C_Init
 .text.HAL_RCC_OscConfig
                0x08002d4c      0x3f8 build/stm32f4xx_hal_rcc.o
                0x08002d4c                HAL_RCC_OscConfig
 .text.HAL_RCC_GetSysClockFreq
                0x08003144       0xa8 build/stm32f4xx_hal_rcc.o
                0x08003144                HAL_RCC_GetSysClockFreq
 .text.HAL_RCC_ClockConfig
                0x080031ec      0x160 build/stm32f4xx_hal_rcc.o
                0x080031ec                HAL_RCC_ClockConfig
 .text.HAL_RCC_GetHCLKFreq
                0x0800334c        0xc build/stm32f4xx_hal_rcc.o
                0x0800334c                HAL_RCC_GetHCLKFreq
 .text.HAL_RCC_GetPCLK1Freq
                0x08003358       0x20 build/stm32f4xx_hal_rcc.o
                0x08003358                HAL_RCC_GetPCLK1Freq
 .text.HAL_RCC_GetPCLK2Freq
                0x08003378       0x20 build/stm32f4xx_hal_rcc.o
                0x08003378                HAL_RCC_GetPCLK2Freq
 .text.SPI_WaitFlagStateUntilTimeout
                0x08003398       0xc8 build/stm32f4xx_hal_spi.o
 .text.SPI_EndRxTxTransaction
                0x08003460       0x80 build/stm32f4xx_hal_spi.o
 .text.HAL_SPI_Init
                0x080034e0       0xbe build/stm32f4xx_hal_spi.o
                0x080034e0                HAL_SPI_Init
 .text.HAL_SPI_TransmitReceive
                0x0800359e      0x244 build/stm32f4xx_hal_spi.o
                0x0800359e                HAL_SPI_TransmitReceive
 *fill*         0x080037e2        0x2 
 .text.TIM_OC1_SetConfig
                0x080037e4       0x70 build/stm32f4xx_hal_tim.o
 .text.TIM_OC3_SetConfig
                0x08003854       0x70 build/stm32f4xx_hal_tim.o
 .text.TIM_OC4_SetConfig
                0x080038c4       0x50 build/stm32f4xx_hal_tim.o
 .text.TIM_TI1_ConfigInputStage
                0x08003914       0x26 build/stm32f4xx_hal_tim.o
 .text.TIM_TI2_ConfigInputStage
                0x0800393a       0x28 build/stm32f4xx_hal_tim.o
 .text.TIM_ITRx_SetConfig
                0x08003962       0x10 build/stm32f4xx_hal_tim.o
 .text.HAL_TIM_PWM_MspInit
                0x08003972        0x2 build/stm32f4xx_hal_tim.o
                0x08003972                HAL_TIM_PWM_MspInit
 .text.TIM_Base_SetConfig
                0x08003974       0xd8 build/stm32f4xx_hal_tim.o
                0x08003974                TIM_Base_SetConfig
 .text.HAL_TIM_Base_Init
                0x08003a4c       0x58 build/stm32f4xx_hal_tim.o
                0x08003a4c                HAL_TIM_Base_Init
 .text.HAL_TIM_PWM_Init
                0x08003aa4       0x58 build/stm32f4xx_hal_tim.o
                0x08003aa4                HAL_TIM_PWM_Init
 .text.TIM_OC2_SetConfig
                0x08003afc       0x70 build/stm32f4xx_hal_tim.o
                0x08003afc                TIM_OC2_SetConfig
 .text.HAL_TIM_PWM_ConfigChannel
                0x08003b6c       0xdc build/stm32f4xx_hal_tim.o
                0x08003b6c                HAL_TIM_PWM_ConfigChannel
 .text.TIM_ETR_SetConfig
                0x08003c48       0x1a build/stm32f4xx_hal_tim.o
                0x08003c48                TIM_ETR_SetConfig
 .text.HAL_TIM_ConfigClockSource
                0x08003c62       0xfe build/stm32f4xx_hal_tim.o
                0x08003c62                HAL_TIM_ConfigClockSource
 .text.TIM_CCxChannelCmd
                0x08003d60       0x1e build/stm32f4xx_hal_tim.o
                0x08003d60                TIM_CCxChannelCmd
 *fill*         0x08003d7e        0x2 
 .text.HAL_TIM_PWM_Start
                0x08003d80      0x104 build/stm32f4xx_hal_tim.o
                0x08003d80                HAL_TIM_PWM_Start
 .text.HAL_TIMEx_MasterConfigSynchronization
                0x08003e84       0x8c build/stm32f4xx_hal_tim_ex.o
                0x08003e84                HAL_TIMEx_MasterConfigSynchronization
 .text.UART_EndRxTransfer
                0x08003f10       0x5c build/stm32f4xx_hal_uart.o
 .text.UART_Transmit_IT
                0x08003f6c       0x60 build/stm32f4xx_hal_uart.o
 .text.UART_SetConfig
                0x08003fcc      0x110 build/stm32f4xx_hal_uart.o
 .text.HAL_UART_Init
                0x080040dc       0x60 build/stm32f4xx_hal_uart.o
                0x080040dc                HAL_UART_Init
 .text.HAL_UART_TxCpltCallback
                0x0800413c        0x2 build/stm32f4xx_hal_uart.o
                0x0800413c                HAL_UART_TxCpltCallback
 .text.UART_EndTransmit_IT
                0x0800413e       0x1a build/stm32f4xx_hal_uart.o
 .text.HAL_UART_RxCpltCallback
                0x08004158        0x2 build/stm32f4xx_hal_uart.o
                0x08004158                HAL_UART_RxCpltCallback
 .text.UART_DMAAbortOnError
                0x0800415a       0x10 build/stm32f4xx_hal_uart.o
 .text.UART_Receive_IT
                0x0800416a       0xe6 build/stm32f4xx_hal_uart.o
 .text.HAL_UART_IRQHandler
                0x08004250      0x284 build/stm32f4xx_hal_uart.o
                0x08004250                HAL_UART_IRQHandler
 .text.UART_Start_Receive_IT
                0x080044d4       0x36 build/stm32f4xx_hal_uart.o
                0x080044d4                UART_Start_Receive_IT
 .text.HAL_UARTEx_ReceiveToIdle_IT
                0x0800450a       0x66 build/stm32f4xx_hal_uart.o
                0x0800450a                HAL_UARTEx_ReceiveToIdle_IT
 .text.makeFreeRtosPriority
                0x08004570        0xc build/cmsis_os.o
 .text.osKernelStart
                0x0800457c        0xa build/cmsis_os.o
                0x0800457c                osKernelStart
 .text.osThreadCreate
                0x08004586       0x66 build/cmsis_os.o
                0x08004586                osThreadCreate
 .text.osDelay  0x080045ec        0xe build/cmsis_os.o
                0x080045ec                osDelay
 .text.vListInitialise
                0x080045fa       0x16 build/list.o
                0x080045fa                vListInitialise
 .text.vListInitialiseItem
                0x08004610        0x6 build/list.o
                0x08004610                vListInitialiseItem
 .text.vListInsertEnd
                0x08004616       0x16 build/list.o
                0x08004616                vListInsertEnd
 .text.vListInsert
                0x0800462c       0x32 build/list.o
                0x0800462c                vListInsert
 .text.uxListRemove
                0x0800465e       0x26 build/list.o
                0x0800465e                uxListRemove
 .text.prvTaskExitError
                0x08004684       0x40 build/port.o
 .text.prvPortStartFirstTask
                0x080046c4       0x28 build/port.o
 .text.vPortEnableVFP
                0x080046ec       0x14 build/port.o
 .text.pxPortInitialiseStack
                0x08004700       0x2c build/port.o
                0x08004700                pxPortInitialiseStack
 *fill*         0x0800472c        0x4 
 .text.SVC_Handler
                0x08004730       0x24 build/port.o
                0x08004730                SVC_Handler
 .text.vPortEnterCritical
                0x08004754       0x44 build/port.o
                0x08004754                vPortEnterCritical
 .text.vPortExitCritical
                0x08004798       0x2c build/port.o
                0x08004798                vPortExitCritical
 *fill*         0x080047c4        0xc 
 .text.PendSV_Handler
                0x080047d0       0x64 build/port.o
                0x080047d0                PendSV_Handler
 .text.xPortSysTickHandler
                0x08004834       0x2c build/port.o
                0x08004834                xPortSysTickHandler
 .text.vPortSetupTimerInterrupt
                0x08004860       0x28 build/port.o
                0x08004860                vPortSetupTimerInterrupt
 .text.xPortStartScheduler
                0x08004888      0x118 build/port.o
                0x08004888                xPortStartScheduler
 .text.vPortValidateInterruptPriority
                0x080049a0       0x5c build/port.o
                0x080049a0                vPortValidateInterruptPriority
 .text.prvHeapInit
                0x080049fc       0x64 build/heap_4.o
 .text.prvInsertBlockIntoFreeList
                0x08004a60       0x64 build/heap_4.o
 .text.pvPortMalloc
                0x08004ac4      0x104 build/heap_4.o
                0x08004ac4                pvPortMalloc
 .text.vPortFree
                0x08004bc8       0x7c build/heap_4.o
                0x08004bc8                vPortFree
 .text.prvIsQueueFull
                0x08004c44       0x1e build/queue.o
 .text.prvIsQueueEmpty
                0x08004c62       0x1a build/queue.o
 .text.prvCopyDataToQueue
                0x08004c7c       0x76 build/queue.o
 .text.prvCopyDataFromQueue
                0x08004cf2       0x24 build/queue.o
 .text.prvUnlockQueue
                0x08004d16       0x6e build/queue.o
 .text.xQueueGenericReset
                0x08004d84       0x84 build/queue.o
                0x08004d84                xQueueGenericReset
 .text.prvInitialiseNewQueue
                0x08004e08       0x1c build/queue.o
 .text.xQueueGenericCreateStatic
                0x08004e24       0x94 build/queue.o
                0x08004e24                xQueueGenericCreateStatic
 .text.xQueueGenericSend
                0x08004eb8      0x188 build/queue.o
                0x08004eb8                xQueueGenericSend
 .text.xQueueGenericSendFromISR
                0x08005040       0xce build/queue.o
                0x08005040                xQueueGenericSendFromISR
 .text.xQueueReceive
                0x0800510e      0x15e build/queue.o
                0x0800510e                xQueueReceive
 .text.vQueueAddToRegistry
                0x0800526c       0x28 build/queue.o
                0x0800526c                vQueueAddToRegistry
 .text.vQueueWaitForMessageRestricted
                0x08005294       0x52 build/queue.o
                0x08005294                vQueueWaitForMessageRestricted
 *fill*         0x080052e6        0x2 
 .text.prvResetNextTaskUnblockTime
                0x080052e8       0x2c build/tasks.o
 .text.prvInitialiseNewTask
                0x08005314       0xa6 build/tasks.o
 *fill*         0x080053ba        0x2 
 .text.prvInitialiseTaskLists
                0x080053bc       0x68 build/tasks.o
 .text.prvAddNewTaskToReadyList
                0x08005424       0xa8 build/tasks.o
 .text.prvDeleteTCB
                0x080054cc       0x38 build/tasks.o
 .text.prvCheckTasksWaitingTermination
                0x08005504       0x4c build/tasks.o
 .text.prvIdleTask
                0x08005550       0x28 build/tasks.o
 .text.prvAddCurrentTaskToDelayedList
                0x08005578       0xa0 build/tasks.o
 .text.xTaskCreateStatic
                0x08005618       0x76 build/tasks.o
                0x08005618                xTaskCreateStatic
 .text.xTaskCreate
                0x0800568e       0x64 build/tasks.o
                0x0800568e                xTaskCreate
 *fill*         0x080056f2        0x2 
 .text.vTaskStartScheduler
                0x080056f4       0x98 build/tasks.o
                0x080056f4                vTaskStartScheduler
 .text.vTaskSuspendAll
                0x0800578c       0x10 build/tasks.o
                0x0800578c                vTaskSuspendAll
 .text.xTaskGetTickCount
                0x0800579c        0xc build/tasks.o
                0x0800579c                xTaskGetTickCount
 .text.xTaskIncrementTick
                0x080057a8      0x118 build/tasks.o
                0x080057a8                xTaskIncrementTick
 .text.xTaskResumeAll
                0x080058c0       0xf8 build/tasks.o
                0x080058c0                xTaskResumeAll
 .text.vTaskDelay
                0x080059b8       0x4c build/tasks.o
                0x080059b8                vTaskDelay
 .text.vTaskSwitchContext
                0x08005a04       0x98 build/tasks.o
                0x08005a04                vTaskSwitchContext
 .text.vTaskPlaceOnEventList
                0x08005a9c       0x30 build/tasks.o
                0x08005a9c                vTaskPlaceOnEventList
 .text.vTaskPlaceOnEventListRestricted
                0x08005acc       0x38 build/tasks.o
                0x08005acc                vTaskPlaceOnEventListRestricted
 .text.xTaskRemoveFromEventList
                0x08005b04       0x8c build/tasks.o
                0x08005b04                xTaskRemoveFromEventList
 .text.vTaskInternalSetTimeOutState
                0x08005b90       0x18 build/tasks.o
                0x08005b90                vTaskInternalSetTimeOutState
 .text.xTaskCheckForTimeOut
                0x08005ba8       0xa0 build/tasks.o
                0x08005ba8                xTaskCheckForTimeOut
 .text.vTaskMissedYield
                0x08005c48        0xc build/tasks.o
                0x08005c48                vTaskMissedYield
 .text.xTaskGetSchedulerState
                0x08005c54       0x20 build/tasks.o
                0x08005c54                xTaskGetSchedulerState
 .text.xTaskPriorityDisinherit
                0x08005c74       0xb0 build/tasks.o
                0x08005c74                xTaskPriorityDisinherit
 .text.prvGetNextExpireTime
                0x08005d24       0x20 build/timers.o
 .text.prvInsertTimerInActiveList
                0x08005d44       0x48 build/timers.o
 .text.prvCheckForValidListAndQueue
                0x08005d8c       0x70 build/timers.o
 .text.xTimerCreateTimerTask
                0x08005dfc       0x64 build/timers.o
                0x08005dfc                xTimerCreateTimerTask
 .text.xTimerGenericCommand
                0x08005e60       0x6c build/timers.o
                0x08005e60                xTimerGenericCommand
 .text.prvSwitchTimerLists
                0x08005ecc       0x7c build/timers.o
 .text.prvSampleTimeNow
                0x08005f48       0x2c build/timers.o
 .text.prvProcessExpiredTimer
                0x08005f74       0x6c build/timers.o
 .text.prvProcessTimerOrBlockTask
                0x08005fe0       0x74 build/timers.o
 .text.prvProcessReceivedCommands
                0x08006054      0x10c build/timers.o
 .text.prvTimerTask
                0x08006160       0x16 build/timers.o
 *fill*         0x08006176        0x2 
 .text._DoInit  0x08006178       0x6c build/SEGGER_RTT.o
 .text.SEGGER_RTT_Init
                0x080061e4        0x8 build/SEGGER_RTT.o
                0x080061e4                SEGGER_RTT_Init
 .text.MecanumCalculate
                0x080061ec       0x6c build/chassis.o
 .text.EstimateChassisAngle
                0x08006258       0x18 build/chassis.o
 .text.EstimateChassisDistance
                0x08006270       0x18 build/chassis.o
 .text.LimitChassisOutput
                0x08006288       0x5c build/chassis.o
 .text.ChassisInit
                0x080062e4      0x17c build/chassis.o
                0x080062e4                ChassisInit
 .text.ChassisTask
                0x08006460      0x100 build/chassis.o
                0x08006460                ChassisTask
 .text.EmergencyHandler
                0x08006560       0x5c build/robot_cmd.o
 .text.CalcOffsetAngleDistance
                0x080065bc       0x28 build/robot_cmd.o
 .text.RemoteControlSet
                0x080065e4      0x128 build/robot_cmd.o
 .text.RobotCMDInit
                0x0800670c       0xac build/robot_cmd.o
                0x0800670c                RobotCMDInit
 .text.RobotCMDTask
                0x080067b8       0x6c build/robot_cmd.o
                0x080067b8                RobotCMDTask
 .text.PawInit  0x08006824      0x144 build/paw.o
                0x08006824                PawInit
 .text.PawTask  0x08006968      0x160 build/paw.o
                0x08006968                PawTask
 .text.StartINSTASK
                0x08006ac8       0x38 build/robot.o
                0x08006ac8                StartINSTASK
 .text.StartMOTORTASK
                0x08006b00       0x34 build/robot.o
                0x08006b00                StartMOTORTASK
 .text.StartDAEMONTASK
                0x08006b34       0x3c build/robot.o
                0x08006b34                StartDAEMONTASK
 .text.OSTaskInit
                0x08006b70       0xac build/robot.o
                0x08006b70                OSTaskInit
 .text.BSPInit  0x08006c1c        0xe build/robot.o
                0x08006c1c                BSPInit
 .text.RobotInit
                0x08006c2a       0x20 build/robot.o
                0x08006c2a                RobotInit
 .text.RobotTask
                0x08006c4a       0x14 build/robot.o
                0x08006c4a                RobotTask
 *fill*         0x08006c5e        0x2 
 .text.StartROBOTTASK
                0x08006c60       0x34 build/robot.o
                0x08006c60                StartROBOTTASK
 .text.ShootInit
                0x08006c94      0x124 build/shoot.o
                0x08006c94                ShootInit
 .text.ShootTask
                0x08006db8      0x170 build/shoot.o
                0x08006db8                ShootTask
 .text.delay_init
                0x08006f28       0x34 build/bsp_delay.o
                0x08006f28                delay_init
 .text.CANServiceInit
                0x08006f5c       0x3c build/bsp_can.o
 .text.EXTCANAddFilter
                0x08006f98       0x68 build/bsp_can.o
 .text.CANAddFilter
                0x08007000       0x60 build/bsp_can.o
 .text.CANFIFOxCallback
                0x08007060       0xbc build/bsp_can.o
 .text.CANRegister
                0x0800711c       0xac build/bsp_can.o
                0x0800711c                CANRegister
 .text.CANTransmit
                0x080071c8       0x78 build/bsp_can.o
                0x080071c8                CANTransmit
 .text.HAL_CAN_RxFifo0MsgPendingCallback
                0x08007240        0xa build/bsp_can.o
                0x08007240                HAL_CAN_RxFifo0MsgPendingCallback
 .text.HAL_CAN_RxFifo1MsgPendingCallback
                0x0800724a        0xa build/bsp_can.o
                0x0800724a                HAL_CAN_RxFifo1MsgPendingCallback
 .text.DWT_CNT_Update
                0x08007254       0x4c build/bsp_dwt.o
 .text.DWT_Init
                0x080072a0       0x70 build/bsp_dwt.o
                0x080072a0                DWT_Init
 .text.DWT_GetDeltaT
                0x08007310       0x48 build/bsp_dwt.o
                0x08007310                DWT_GetDeltaT
 .text.DWT_SysTimeUpdate
                0x08007358       0xd4 build/bsp_dwt.o
                0x08007358                DWT_SysTimeUpdate
 .text.DWT_GetTimeline_s
                0x0800742c       0x4c build/bsp_dwt.o
                0x0800742c                DWT_GetTimeline_s
 .text.DWT_GetTimeline_ms
                0x08007478       0x3c build/bsp_dwt.o
                0x08007478                DWT_GetTimeline_ms
 .text.DWT_Delay
                0x080074b4       0x34 build/bsp_dwt.o
                0x080074b4                DWT_Delay
 .text.BSPLogInit
                0x080074e8        0x8 build/bsp_log.o
                0x080074e8                BSPLogInit
 .text.PWMSelectTclk
                0x080074f0       0x74 build/bsp_pwm.o
 .text.PWMSetPeriod
                0x08007564       0x44 build/bsp_pwm.o
                0x08007564                PWMSetPeriod
 .text.PWMSetDutyRatio
                0x080075a8       0x74 build/bsp_pwm.o
                0x080075a8                PWMSetDutyRatio
 .text.PWMRegister
                0x0800761c       0x7c build/bsp_pwm.o
                0x0800761c                PWMRegister
 .text.USARTServiceInit
                0x08007698       0x12 build/bsp_usart.o
                0x08007698                USARTServiceInit
 *fill*         0x080076aa        0x2 
 .text.USARTRegister
                0x080076ac       0x70 build/bsp_usart.o
                0x080076ac                USARTRegister
 .text.HAL_UARTEx_RxEventCallback
                0x0800771c       0x58 build/bsp_usart.o
                0x0800771c                HAL_UARTEx_RxEventCallback
 .text.HAL_UART_ErrorCallback
                0x08007774       0x34 build/bsp_usart.o
                0x08007774                HAL_UART_ErrorCallback
 .text.BuzzerInit
                0x080077a8       0x3c build/buzzer.o
                0x080077a8                BuzzerInit
 .text.BuzzerTask
                0x080077e4       0xd4 build/buzzer.o
                0x080077e4                BuzzerTask
 .text.invSqrt  0x080078b8       0x30 build/QuaternionEKF.o
 .text.IMU_QuaternionEKF_F_Linearization_P_Fading
                0x080078e8      0x1a0 build/QuaternionEKF.o
 .text.IMU_QuaternionEKF_Observe
                0x08007a88       0x38 build/QuaternionEKF.o
 .text.IMU_QuaternionEKF_xhatUpdate
                0x08007ac0      0x444 build/QuaternionEKF.o
 .text.IMU_QuaternionEKF_SetH
                0x08007f04       0xe4 build/QuaternionEKF.o
 .text.IMU_QuaternionEKF_Init
                0x08007fe8       0xe4 build/QuaternionEKF.o
                0x08007fe8                IMU_QuaternionEKF_Init
 .text.IMU_QuaternionEKF_Update
                0x080080cc      0x420 build/QuaternionEKF.o
                0x080080cc                IMU_QuaternionEKF_Update
 .text.f_Trapezoid_Intergral
                0x080084ec       0x2a build/controller.o
 .text.f_Changing_Integration_Rate
                0x08008516       0x66 build/controller.o
 .text.f_Integral_Limit
                0x0800857c       0x94 build/controller.o
 .text.f_Derivative_On_Measurement
                0x08008610       0x22 build/controller.o
 .text.f_Derivative_Filter
                0x08008632       0x2e build/controller.o
 .text.f_Output_Filter
                0x08008660       0x2e build/controller.o
 .text.f_Output_Limit
                0x0800868e       0x2e build/controller.o
 .text.f_PID_ErrorHandle
                0x080086bc       0x90 build/controller.o
 .text.PIDInit  0x0800874c       0x4a build/controller.o
                0x0800874c                PIDInit
 .text.PIDCalculate
                0x08008796      0x140 build/controller.o
                0x08008796                PIDCalculate
 *fill*         0x080088d6        0x2 
 .text.H_K_R_Adjustment
                0x080088d8      0x114 build/kalman_filter.o
 .text.Kalman_Filter_Init
                0x080089ec      0x42c build/kalman_filter.o
                0x080089ec                Kalman_Filter_Init
 .text.Kalman_Filter_Measure
                0x08008e18       0x4c build/kalman_filter.o
                0x08008e18                Kalman_Filter_Measure
 .text.Kalman_Filter_xhatMinusUpdate
                0x08008e64       0x76 build/kalman_filter.o
                0x08008e64                Kalman_Filter_xhatMinusUpdate
 .text.Kalman_Filter_PminusUpdate
                0x08008eda       0x68 build/kalman_filter.o
                0x08008eda                Kalman_Filter_PminusUpdate
 .text.Kalman_Filter_SetK
                0x08008f42       0xcc build/kalman_filter.o
                0x08008f42                Kalman_Filter_SetK
 .text.Kalman_Filter_xhatUpdate
                0x0800900e       0x82 build/kalman_filter.o
                0x0800900e                Kalman_Filter_xhatUpdate
 .text.Kalman_Filter_P_Update
                0x08009090       0x64 build/kalman_filter.o
                0x08009090                Kalman_Filter_P_Update
 .text.Kalman_Filter_Update
                0x080090f4       0xf8 build/kalman_filter.o
                0x080090f4                Kalman_Filter_Update
 .text.Sqrt     0x080091ec       0x5c build/user_lib.o
                0x080091ec                Sqrt
 .text.float_constrain
                0x08009248       0x20 build/user_lib.o
                0x08009248                float_constrain
 .text.float_rounding
                0x08009268       0x40 build/user_lib.o
                0x08009268                float_rounding
 .text.Norm3d   0x080092a8       0x4c build/user_lib.o
                0x080092a8                Norm3d
 .text.Cross3d  0x080092f4       0x62 build/user_lib.o
                0x080092f4                Cross3d
 .text.Dot3d    0x08009356       0x2e build/user_lib.o
                0x08009356                Dot3d
 .text.DaemonRegister
                0x08009384       0x48 build/daemon.o
                0x08009384                DaemonRegister
 .text.DaemonReload
                0x080093cc        0x6 build/daemon.o
                0x080093cc                DaemonReload
 *fill*         0x080093d2        0x2 
 .text.DaemonTask
                0x080093d4       0x34 build/daemon.o
                0x080093d4                DaemonTask
 .text.dtLostCallback
                0x08009408       0x20 build/distance.o
 .text.data_to_distance
                0x08009428       0x2c build/distance.o
 .text.dtRxCallback
                0x08009454       0x1c build/distance.o
 .text.dtInit   0x08009470       0x5c build/distance.o
                0x08009470                dtInit
 .text.BMI088_ACCEL_NS_L
                0x080094cc       0x14 build/BMI088Middleware.o
                0x080094cc                BMI088_ACCEL_NS_L
 .text.BMI088_ACCEL_NS_H
                0x080094e0       0x14 build/BMI088Middleware.o
                0x080094e0                BMI088_ACCEL_NS_H
 .text.BMI088_GYRO_NS_L
                0x080094f4       0x14 build/BMI088Middleware.o
                0x080094f4                BMI088_GYRO_NS_L
 .text.BMI088_GYRO_NS_H
                0x08009508       0x14 build/BMI088Middleware.o
                0x08009508                BMI088_GYRO_NS_H
 .text.BMI088_read_write_byte
                0x0800951c       0x30 build/BMI088Middleware.o
                0x0800951c                BMI088_read_write_byte
 .text.BMI088_read_muli_reg
                0x0800954c       0x24 build/BMI088driver.o
 .text.BMI088_write_single_reg
                0x08009570       0x10 build/BMI088driver.o
 .text.BMI088_read_single_reg
                0x08009580       0x16 build/BMI088driver.o
 *fill*         0x08009596        0x2 
 .text.Calibrate_MPU_Offset
                0x08009598      0x480 build/BMI088driver.o
 .text.bmi088_accel_init
                0x08009a18      0x168 build/BMI088driver.o
                0x08009a18                bmi088_accel_init
 .text.bmi088_gyro_init
                0x08009b80      0x13c build/BMI088driver.o
                0x08009b80                bmi088_gyro_init
 .text.BMI088Init
                0x08009cbc       0x6c build/BMI088driver.o
                0x08009cbc                BMI088Init
 .text.BMI088_Read
                0x08009d28      0x1f0 build/BMI088driver.o
                0x08009d28                BMI088_Read
 .text.IMUPWMSet
                0x08009f18        0xc build/ins_task.o
 .text.InitQuaternion
                0x08009f24      0x108 build/ins_task.o
 .text.IMU_Param_Correction
                0x0800a02c      0x2c8 build/ins_task.o
 .text.IMU_Temperature_Ctrl
                0x0800a2f4       0x54 build/ins_task.o
 .text.INS_Init
                0x0800a348      0x104 build/ins_task.o
                0x0800a348                INS_Init
 .text.BodyFrameToEarthFrame
                0x0800a44c      0x126 build/ins_task.o
                0x0800a44c                BodyFrameToEarthFrame
 .text.EarthFrameToBodyFrame
                0x0800a572      0x126 build/ins_task.o
                0x0800a572                EarthFrameToBodyFrame
 .text.INS_Task
                0x0800a698      0x20c build/ins_task.o
                0x0800a698                INS_Task
 .text.CheckLen
                0x0800a8a4        0x8 build/message_center.o
 .text.CheckName
                0x0800a8ac       0x10 build/message_center.o
 .text.PubRegister
                0x0800a8bc       0x60 build/message_center.o
                0x0800a8bc                PubRegister
 .text.SubRegister
                0x0800a91c       0x42 build/message_center.o
                0x0800a91c                SubRegister
 .text.SubGetMessage
                0x0800a95e       0x2e build/message_center.o
                0x0800a95e                SubGetMessage
 .text.PubPushMessage
                0x0800a98c       0x4c build/message_center.o
                0x0800a98c                PubPushMessage
 .text.MotorSenderGrouping
                0x0800a9d8      0x118 build/dji_motor.o
 .text.DJIMotorLostCallback
                0x0800aaf0        0x2 build/dji_motor.o
 *fill*         0x0800aaf2        0x2 
 .text.DecodeDJIMotor
                0x0800aaf4      0x10c build/dji_motor.o
 .text.DJIMotorStop
                0x0800ac00        0x8 build/dji_motor.o
                0x0800ac00                DJIMotorStop
 .text.DJIMotorEnable
                0x0800ac08        0x8 build/dji_motor.o
                0x0800ac08                DJIMotorEnable
 .text.DJIMotorInit
                0x0800ac10       0xd8 build/dji_motor.o
                0x0800ac10                DJIMotorInit
 .text.DJIMotorOuterLoop
                0x0800ace8        0x6 build/dji_motor.o
                0x0800ace8                DJIMotorOuterLoop
 .text.DJIMotorSetRef
                0x0800acee        0x6 build/dji_motor.o
                0x0800acee                DJIMotorSetRef
 .text.DJIMotorControl
                0x0800acf4      0x184 build/dji_motor.o
                0x0800acf4                DJIMotorControl
 .text.MIMotorLostCallback
                0x0800ae78        0x2 build/MImotor.o
 *fill*         0x0800ae7a        0x6 
 .text.MI_motor_RxDecode
                0x0800ae80       0xf0 build/MImotor.o
                0x0800ae80                MI_motor_RxDecode
 .text.DecodeMIMotor
                0x0800af70       0xac build/MImotor.o
 .text.MIMotorEnable
                0x0800b01c        0x8 build/MImotor.o
                0x0800b01c                MIMotorEnable
 .text.MIMotorInit
                0x0800b024       0xc0 build/MImotor.o
                0x0800b024                MIMotorInit
 .text.MotorControlTask
                0x0800b0e4        0x8 build/motor_task.o
                0x0800b0e4                MotorControlTask
 *fill*         0x0800b0ec        0x4 
 .text.RectifyRCjoystick
                0x0800b0f0       0x6c build/remote_control.o
 .text.sbus_to_rc
                0x0800b15c      0x1a4 build/remote_control.o
 .text.RCLostCallback
                0x0800b300       0x20 build/remote_control.o
 .text.RemoteControlRxCallback
                0x0800b320       0x48 build/remote_control.o
 .text.RemoteControlInit
                0x0800b368       0x5c build/remote_control.o
                0x0800b368                RemoteControlInit
 .text.Reset_Handler
                0x0800b3c4       0x50 build/startup_stm32f407xx.o
                0x0800b3c4                Reset_Handler
 .text.Default_Handler
                0x0800b414        0x2 build/startup_stm32f407xx.o
                0x0800b414                RTC_Alarm_IRQHandler
                0x0800b414                HASH_RNG_IRQHandler
                0x0800b414                EXTI2_IRQHandler
                0x0800b414                TIM8_CC_IRQHandler
                0x0800b414                TIM1_CC_IRQHandler
                0x0800b414                DMA1_Stream5_IRQHandler
                0x0800b414                PVD_IRQHandler
                0x0800b414                SDIO_IRQHandler
                0x0800b414                TAMP_STAMP_IRQHandler
                0x0800b414                TIM8_TRG_COM_TIM14_IRQHandler
                0x0800b414                TIM1_UP_TIM10_IRQHandler
                0x0800b414                TIM8_UP_TIM13_IRQHandler
                0x0800b414                I2C3_ER_IRQHandler
                0x0800b414                I2C2_EV_IRQHandler
                0x0800b414                DMA1_Stream2_IRQHandler
                0x0800b414                FPU_IRQHandler
                0x0800b414                OTG_HS_WKUP_IRQHandler
                0x0800b414                SPI1_IRQHandler
                0x0800b414                TIM6_DAC_IRQHandler
                0x0800b414                TIM1_BRK_TIM9_IRQHandler
                0x0800b414                DCMI_IRQHandler
                0x0800b414                UART5_IRQHandler
                0x0800b414                DMA2_Stream0_IRQHandler
                0x0800b414                TIM4_IRQHandler
                0x0800b414                I2C1_EV_IRQHandler
                0x0800b414                DMA1_Stream6_IRQHandler
                0x0800b414                UART4_IRQHandler
                0x0800b414                TIM3_IRQHandler
                0x0800b414                RCC_IRQHandler
                0x0800b414                TIM8_BRK_TIM12_IRQHandler
                0x0800b414                Default_Handler
                0x0800b414                EXTI15_10_IRQHandler
                0x0800b414                ADC_IRQHandler
                0x0800b414                DMA1_Stream7_IRQHandler
                0x0800b414                TIM7_IRQHandler
                0x0800b414                TIM5_IRQHandler
                0x0800b414                I2C3_EV_IRQHandler
                0x0800b414                RTC_WKUP_IRQHandler
                0x0800b414                ETH_WKUP_IRQHandler
                0x0800b414                SPI2_IRQHandler
                0x0800b414                OTG_HS_EP1_IN_IRQHandler
                0x0800b414                DMA1_Stream0_IRQHandler
                0x0800b414                FSMC_IRQHandler
                0x0800b414                ETH_IRQHandler
                0x0800b414                OTG_HS_EP1_OUT_IRQHandler
                0x0800b414                WWDG_IRQHandler
                0x0800b414                TIM2_IRQHandler
                0x0800b414                OTG_FS_WKUP_IRQHandler
                0x0800b414                TIM1_TRG_COM_TIM11_IRQHandler
                0x0800b414                OTG_HS_IRQHandler
                0x0800b414                EXTI1_IRQHandler
                0x0800b414                USART2_IRQHandler
                0x0800b414                I2C2_ER_IRQHandler
                0x0800b414                FLASH_IRQHandler
                0x0800b414                DMA2_Stream4_IRQHandler
                0x0800b414                OTG_FS_IRQHandler
                0x0800b414                SPI3_IRQHandler
                0x0800b414                DMA1_Stream4_IRQHandler
                0x0800b414                I2C1_ER_IRQHandler
                0x0800b414                DMA1_Stream3_IRQHandler
 *fill*         0x0800b416        0x2 
 .text.arm_mat_add_f32
                0x0800b418       0x2c Middlewares/ST/ARM/DSP/Lib/libCMSISDSP.a(MatrixFunctions.c.o)
                0x0800b418                arm_mat_add_f32
 .text.arm_mat_init_f32
                0x0800b444        0x8 Middlewares/ST/ARM/DSP/Lib/libCMSISDSP.a(MatrixFunctions.c.o)
                0x0800b444                arm_mat_init_f32
 .text.arm_mat_inverse_f32
                0x0800b44c      0x2ec Middlewares/ST/ARM/DSP/Lib/libCMSISDSP.a(MatrixFunctions.c.o)
                0x0800b44c                arm_mat_inverse_f32
 .text.arm_mat_mult_f32
                0x0800b738       0xa8 Middlewares/ST/ARM/DSP/Lib/libCMSISDSP.a(MatrixFunctions.c.o)
                0x0800b738                arm_mat_mult_f32
 .text.arm_mat_sub_f32
                0x0800b7e0       0x2c Middlewares/ST/ARM/DSP/Lib/libCMSISDSP.a(MatrixFunctions.c.o)
                0x0800b7e0                arm_mat_sub_f32
 .text.arm_mat_trans_f32
                0x0800b80c       0x5c Middlewares/ST/ARM/DSP/Lib/libCMSISDSP.a(MatrixFunctions.c.o)
                0x0800b80c                arm_mat_trans_f32
 .text.arm_cos_f32
                0x0800b868       0xa4 Middlewares/ST/ARM/DSP/Lib/libCMSISDSP.a(FastMathFunctions.c.o)
                0x0800b868                arm_cos_f32
 .text.arm_sin_f32
                0x0800b90c       0x98 Middlewares/ST/ARM/DSP/Lib/libCMSISDSP.a(FastMathFunctions.c.o)
                0x0800b90c                arm_sin_f32
 .text.malloc   0x0800b9a4       0x10 c:/Users/Sive/AppData/Roaming/Code/User/globalStorage/bmd.stm32-for-vscode/@xpack-dev-tools/arm-none-eabi-gcc/13.2.1-1.1.1/.content/bin/../lib/gcc/arm-none-eabi/13.2.1/../../../../arm-none-eabi/lib/thumb/v7e-m+fp/hard\libc_nano.a(libc_a-malloc.o)
                0x0800b9a4                malloc
 .text.sbrk_aligned
                0x0800b9b4       0x44 c:/Users/Sive/AppData/Roaming/Code/User/globalStorage/bmd.stm32-for-vscode/@xpack-dev-tools/arm-none-eabi-gcc/13.2.1-1.1.1/.content/bin/../lib/gcc/arm-none-eabi/13.2.1/../../../../arm-none-eabi/lib/thumb/v7e-m+fp/hard\libc_nano.a(libc_a-mallocr.o)
 .text._malloc_r
                0x0800b9f8      0x100 c:/Users/Sive/AppData/Roaming/Code/User/globalStorage/bmd.stm32-for-vscode/@xpack-dev-tools/arm-none-eabi-gcc/13.2.1-1.1.1/.content/bin/../lib/gcc/arm-none-eabi/13.2.1/../../../../arm-none-eabi/lib/thumb/v7e-m+fp/hard\libc_nano.a(libc_a-mallocr.o)
                0x0800b9f8                _malloc_r
 .text.__malloc_lock
                0x0800baf8        0xc c:/Users/Sive/AppData/Roaming/Code/User/globalStorage/bmd.stm32-for-vscode/@xpack-dev-tools/arm-none-eabi-gcc/13.2.1-1.1.1/.content/bin/../lib/gcc/arm-none-eabi/13.2.1/../../../../arm-none-eabi/lib/thumb/v7e-m+fp/hard\libc_nano.a(libc_a-mlock.o)
                0x0800baf8                __malloc_lock
 .text.__malloc_unlock
                0x0800bb04        0xc c:/Users/Sive/AppData/Roaming/Code/User/globalStorage/bmd.stm32-for-vscode/@xpack-dev-tools/arm-none-eabi-gcc/13.2.1-1.1.1/.content/bin/../lib/gcc/arm-none-eabi/13.2.1/../../../../arm-none-eabi/lib/thumb/v7e-m+fp/hard\libc_nano.a(libc_a-mlock.o)
                0x0800bb04                __malloc_unlock
 .text.sscanf   0x0800bb10       0x54 c:/Users/Sive/AppData/Roaming/Code/User/globalStorage/bmd.stm32-for-vscode/@xpack-dev-tools/arm-none-eabi-gcc/13.2.1-1.1.1/.content/bin/../lib/gcc/arm-none-eabi/13.2.1/../../../../arm-none-eabi/lib/thumb/v7e-m+fp/hard\libc_nano.a(libc_a-sscanf.o)
                0x0800bb10                siscanf
                0x0800bb10                sscanf
 .text.__seofread
                0x0800bb64        0x4 c:/Users/Sive/AppData/Roaming/Code/User/globalStorage/bmd.stm32-for-vscode/@xpack-dev-tools/arm-none-eabi-gcc/13.2.1-1.1.1/.content/bin/../lib/gcc/arm-none-eabi/13.2.1/../../../../arm-none-eabi/lib/thumb/v7e-m+fp/hard\libc_nano.a(libc_a-stdio.o)
                0x0800bb64                __seofread
 .text.memset   0x0800bb68       0x10 c:/Users/Sive/AppData/Roaming/Code/User/globalStorage/bmd.stm32-for-vscode/@xpack-dev-tools/arm-none-eabi-gcc/13.2.1-1.1.1/.content/bin/../lib/gcc/arm-none-eabi/13.2.1/../../../../arm-none-eabi/lib/thumb/v7e-m+fp/hard\libc_nano.a(libc_a-memset.o)
                0x0800bb68                memset
 .text.strnlen  0x0800bb78       0x18 c:/Users/Sive/AppData/Roaming/Code/User/globalStorage/bmd.stm32-for-vscode/@xpack-dev-tools/arm-none-eabi-gcc/13.2.1-1.1.1/.content/bin/../lib/gcc/arm-none-eabi/13.2.1/../../../../arm-none-eabi/lib/thumb/v7e-m+fp/hard\libc_nano.a(libc_a-strnlen.o)
                0x0800bb78                strnlen
 .text._sbrk_r  0x0800bb90       0x20 c:/Users/Sive/AppData/Roaming/Code/User/globalStorage/bmd.stm32-for-vscode/@xpack-dev-tools/arm-none-eabi-gcc/13.2.1-1.1.1/.content/bin/../lib/gcc/arm-none-eabi/13.2.1/../../../../arm-none-eabi/lib/thumb/v7e-m+fp/hard\libc_nano.a(libc_a-sbrkr.o)
                0x0800bb90                _sbrk_r
 .text.__libc_init_array
                0x0800bbb0       0x48 c:/Users/Sive/AppData/Roaming/Code/User/globalStorage/bmd.stm32-for-vscode/@xpack-dev-tools/arm-none-eabi-gcc/13.2.1-1.1.1/.content/bin/../lib/gcc/arm-none-eabi/13.2.1/../../../../arm-none-eabi/lib/thumb/v7e-m+fp/hard\libc_nano.a(libc_a-init.o)
                0x0800bbb0                __libc_init_array
 .text.__retarget_lock_acquire_recursive
                0x0800bbf8        0x2 c:/Users/Sive/AppData/Roaming/Code/User/globalStorage/bmd.stm32-for-vscode/@xpack-dev-tools/arm-none-eabi-gcc/13.2.1-1.1.1/.content/bin/../lib/gcc/arm-none-eabi/13.2.1/../../../../arm-none-eabi/lib/thumb/v7e-m+fp/hard\libc_nano.a(libc_a-lock.o)
                0x0800bbf8                __retarget_lock_acquire_recursive
 .text.__retarget_lock_release_recursive
                0x0800bbfa        0x2 c:/Users/Sive/AppData/Roaming/Code/User/globalStorage/bmd.stm32-for-vscode/@xpack-dev-tools/arm-none-eabi-gcc/13.2.1-1.1.1/.content/bin/../lib/gcc/arm-none-eabi/13.2.1/../../../../arm-none-eabi/lib/thumb/v7e-m+fp/hard\libc_nano.a(libc_a-lock.o)
                0x0800bbfa                __retarget_lock_release_recursive
 .text.strcpy   0x0800bbfc       0x10 c:/Users/Sive/AppData/Roaming/Code/User/globalStorage/bmd.stm32-for-vscode/@xpack-dev-tools/arm-none-eabi-gcc/13.2.1-1.1.1/.content/bin/../lib/gcc/arm-none-eabi/13.2.1/../../../../arm-none-eabi/lib/thumb/v7e-m+fp/hard\libc_nano.a(libc_a-strcpy.o)
                0x0800bbfc                strcpy
 .text.memcpy   0x0800bc0c       0x1c c:/Users/Sive/AppData/Roaming/Code/User/globalStorage/bmd.stm32-for-vscode/@xpack-dev-tools/arm-none-eabi-gcc/13.2.1-1.1.1/.content/bin/../lib/gcc/arm-none-eabi/13.2.1/../../../../arm-none-eabi/lib/thumb/v7e-m+fp/hard\libc_nano.a(libc_a-memcpy-stub.o)
                0x0800bc0c                memcpy
 .text._free_r  0x0800bc28       0x94 c:/Users/Sive/AppData/Roaming/Code/User/globalStorage/bmd.stm32-for-vscode/@xpack-dev-tools/arm-none-eabi-gcc/13.2.1-1.1.1/.content/bin/../lib/gcc/arm-none-eabi/13.2.1/../../../../arm-none-eabi/lib/thumb/v7e-m+fp/hard\libc_nano.a(libc_a-freer.o)
                0x0800bc28                _free_r
 .text._sungetc_r
                0x0800bcbc       0x7a c:/Users/Sive/AppData/Roaming/Code/User/globalStorage/bmd.stm32-for-vscode/@xpack-dev-tools/arm-none-eabi-gcc/13.2.1-1.1.1/.content/bin/../lib/gcc/arm-none-eabi/13.2.1/../../../../arm-none-eabi/lib/thumb/v7e-m+fp/hard\libc_nano.a(libc_a-nano-svfscanf.o)
                0x0800bcbc                _sungetc_r
 .text.__ssrefill_r
                0x0800bd36       0x3a c:/Users/Sive/AppData/Roaming/Code/User/globalStorage/bmd.stm32-for-vscode/@xpack-dev-tools/arm-none-eabi-gcc/13.2.1-1.1.1/.content/bin/../lib/gcc/arm-none-eabi/13.2.1/../../../../arm-none-eabi/lib/thumb/v7e-m+fp/hard\libc_nano.a(libc_a-nano-svfscanf.o)
                0x0800bd36                __ssrefill_r
 .text.__ssvfscanf_r
                0x0800bd70      0x2ec c:/Users/Sive/AppData/Roaming/Code/User/globalStorage/bmd.stm32-for-vscode/@xpack-dev-tools/arm-none-eabi-gcc/13.2.1-1.1.1/.content/bin/../lib/gcc/arm-none-eabi/13.2.1/../../../../arm-none-eabi/lib/thumb/v7e-m+fp/hard\libc_nano.a(libc_a-nano-svfscanf.o)
                0x0800bd70                __ssvfiscanf_r
                0x0800bd70                __ssvfscanf_r
 .text._scanf_chars
                0x0800c05c       0xb4 c:/Users/Sive/AppData/Roaming/Code/User/globalStorage/bmd.stm32-for-vscode/@xpack-dev-tools/arm-none-eabi-gcc/13.2.1-1.1.1/.content/bin/../lib/gcc/arm-none-eabi/13.2.1/../../../../arm-none-eabi/lib/thumb/v7e-m+fp/hard\libc_nano.a(libc_a-nano-vfscanf_i.o)
                0x0800c05c                _scanf_chars
 .text._scanf_i
                0x0800c110      0x1e8 c:/Users/Sive/AppData/Roaming/Code/User/globalStorage/bmd.stm32-for-vscode/@xpack-dev-tools/arm-none-eabi-gcc/13.2.1-1.1.1/.content/bin/../lib/gcc/arm-none-eabi/13.2.1/../../../../arm-none-eabi/lib/thumb/v7e-m+fp/hard\libc_nano.a(libc_a-nano-vfscanf_i.o)
                0x0800c110                _scanf_i
 .text.__sccl   0x0800c2f8       0x72 c:/Users/Sive/AppData/Roaming/Code/User/globalStorage/bmd.stm32-for-vscode/@xpack-dev-tools/arm-none-eabi-gcc/13.2.1-1.1.1/.content/bin/../lib/gcc/arm-none-eabi/13.2.1/../../../../arm-none-eabi/lib/thumb/v7e-m+fp/hard\libc_nano.a(libc_a-sccl.o)
                0x0800c2f8                __sccl
 .text.__submore
                0x0800c36a       0x74 c:/Users/Sive/AppData/Roaming/Code/User/globalStorage/bmd.stm32-for-vscode/@xpack-dev-tools/arm-none-eabi-gcc/13.2.1-1.1.1/.content/bin/../lib/gcc/arm-none-eabi/13.2.1/../../../../arm-none-eabi/lib/thumb/v7e-m+fp/hard\libc_nano.a(libc_a-ungetc.o)
                0x0800c36a                __submore
 .text._realloc_r
                0x0800c3de       0x5c c:/Users/Sive/AppData/Roaming/Code/User/globalStorage/bmd.stm32-for-vscode/@xpack-dev-tools/arm-none-eabi-gcc/13.2.1-1.1.1/.content/bin/../lib/gcc/arm-none-eabi/13.2.1/../../../../arm-none-eabi/lib/thumb/v7e-m+fp/hard\libc_nano.a(libc_a-reallocr.o)
                0x0800c3de                _realloc_r
 *fill*         0x0800c43a        0x2 
 .text._strtol_l.isra.0
                0x0800c43c       0xf4 c:/Users/Sive/AppData/Roaming/Code/User/globalStorage/bmd.stm32-for-vscode/@xpack-dev-tools/arm-none-eabi-gcc/13.2.1-1.1.1/.content/bin/../lib/gcc/arm-none-eabi/13.2.1/../../../../arm-none-eabi/lib/thumb/v7e-m+fp/hard\libc_nano.a(libc_a-strtol.o)
 .text._strtol_r
                0x0800c530        0x4 c:/Users/Sive/AppData/Roaming/Code/User/globalStorage/bmd.stm32-for-vscode/@xpack-dev-tools/arm-none-eabi-gcc/13.2.1-1.1.1/.content/bin/../lib/gcc/arm-none-eabi/13.2.1/../../../../arm-none-eabi/lib/thumb/v7e-m+fp/hard\libc_nano.a(libc_a-strtol.o)
                0x0800c530                _strtol_r
 .text._strtoul_l.isra.0
                0x0800c534       0xdc c:/Users/Sive/AppData/Roaming/Code/User/globalStorage/bmd.stm32-for-vscode/@xpack-dev-tools/arm-none-eabi-gcc/13.2.1-1.1.1/.content/bin/../lib/gcc/arm-none-eabi/13.2.1/../../../../arm-none-eabi/lib/thumb/v7e-m+fp/hard\libc_nano.a(libc_a-strtoul.o)
 .text._strtoul_r
                0x0800c610        0x4 c:/Users/Sive/AppData/Roaming/Code/User/globalStorage/bmd.stm32-for-vscode/@xpack-dev-tools/arm-none-eabi-gcc/13.2.1-1.1.1/.content/bin/../lib/gcc/arm-none-eabi/13.2.1/../../../../arm-none-eabi/lib/thumb/v7e-m+fp/hard\libc_nano.a(libc_a-strtoul.o)
                0x0800c610                _strtoul_r
 .text.__errno  0x0800c614        0xc c:/Users/Sive/AppData/Roaming/Code/User/globalStorage/bmd.stm32-for-vscode/@xpack-dev-tools/arm-none-eabi-gcc/13.2.1-1.1.1/.content/bin/../lib/gcc/arm-none-eabi/13.2.1/../../../../arm-none-eabi/lib/thumb/v7e-m+fp/hard\libc_nano.a(libc_a-errno.o)
                0x0800c614                __errno
 .text._malloc_usable_size_r
                0x0800c620       0x10 c:/Users/Sive/AppData/Roaming/Code/User/globalStorage/bmd.stm32-for-vscode/@xpack-dev-tools/arm-none-eabi-gcc/13.2.1-1.1.1/.content/bin/../lib/gcc/arm-none-eabi/13.2.1/../../../../arm-none-eabi/lib/thumb/v7e-m+fp/hard\libc_nano.a(libc_a-msizer.o)
                0x0800c620                _malloc_usable_size_r
 .text.acosf    0x0800c630       0x58 c:/Users/Sive/AppData/Roaming/Code/User/globalStorage/bmd.stm32-for-vscode/@xpack-dev-tools/arm-none-eabi-gcc/13.2.1-1.1.1/.content/bin/../lib/gcc/arm-none-eabi/13.2.1/../../../../arm-none-eabi/lib/thumb/v7e-m+fp/hard\libm.a(libm_a-wf_acos.o)
                0x0800c630                acosf
 .text.asinf    0x0800c688       0x58 c:/Users/Sive/AppData/Roaming/Code/User/globalStorage/bmd.stm32-for-vscode/@xpack-dev-tools/arm-none-eabi-gcc/13.2.1-1.1.1/.content/bin/../lib/gcc/arm-none-eabi/13.2.1/../../../../arm-none-eabi/lib/thumb/v7e-m+fp/hard\libm.a(libm_a-wf_asin.o)
                0x0800c688                asinf
 .text.atan2f   0x0800c6e0        0x4 c:/Users/Sive/AppData/Roaming/Code/User/globalStorage/bmd.stm32-for-vscode/@xpack-dev-tools/arm-none-eabi-gcc/13.2.1-1.1.1/.content/bin/../lib/gcc/arm-none-eabi/13.2.1/../../../../arm-none-eabi/lib/thumb/v7e-m+fp/hard\libm.a(libm_a-wf_atan2.o)
                0x0800c6e0                atan2f
 .text.sqrtf    0x0800c6e4       0x44 c:/Users/Sive/AppData/Roaming/Code/User/globalStorage/bmd.stm32-for-vscode/@xpack-dev-tools/arm-none-eabi-gcc/13.2.1-1.1.1/.content/bin/../lib/gcc/arm-none-eabi/13.2.1/../../../../arm-none-eabi/lib/thumb/v7e-m+fp/hard\libm.a(libm_a-wf_sqrt.o)
                0x0800c6e4                sqrtf
 .text.cosf     0x0800c728       0x70 c:/Users/Sive/AppData/Roaming/Code/User/globalStorage/bmd.stm32-for-vscode/@xpack-dev-tools/arm-none-eabi-gcc/13.2.1-1.1.1/.content/bin/../lib/gcc/arm-none-eabi/13.2.1/../../../../arm-none-eabi/lib/thumb/v7e-m+fp/hard\libm.a(libm_a-sf_cos.o)
                0x0800c728                cosf
 .text.fabsf    0x0800c798       0x10 c:/Users/Sive/AppData/Roaming/Code/User/globalStorage/bmd.stm32-for-vscode/@xpack-dev-tools/arm-none-eabi-gcc/13.2.1-1.1.1/.content/bin/../lib/gcc/arm-none-eabi/13.2.1/../../../../arm-none-eabi/lib/thumb/v7e-m+fp/hard\libm.a(libm_a-sf_fabs.o)
                0x0800c798                fabsf
 .text.sinf     0x0800c7a8       0x74 c:/Users/Sive/AppData/Roaming/Code/User/globalStorage/bmd.stm32-for-vscode/@xpack-dev-tools/arm-none-eabi-gcc/13.2.1-1.1.1/.content/bin/../lib/gcc/arm-none-eabi/13.2.1/../../../../arm-none-eabi/lib/thumb/v7e-m+fp/hard\libm.a(libm_a-sf_sin.o)
                0x0800c7a8                sinf
 .text.nanf     0x0800c81c        0xc c:/Users/Sive/AppData/Roaming/Code/User/globalStorage/bmd.stm32-for-vscode/@xpack-dev-tools/arm-none-eabi-gcc/13.2.1-1.1.1/.content/bin/../lib/gcc/arm-none-eabi/13.2.1/../../../../arm-none-eabi/lib/thumb/v7e-m+fp/hard\libm.a(libm_a-sf_nan.o)
                0x0800c81c                nanf
 .text.__ieee754_sqrtf
                0x0800c828        0x8 c:/Users/Sive/AppData/Roaming/Code/User/globalStorage/bmd.stm32-for-vscode/@xpack-dev-tools/arm-none-eabi-gcc/13.2.1-1.1.1/.content/bin/../lib/gcc/arm-none-eabi/13.2.1/../../../../arm-none-eabi/lib/thumb/v7e-m+fp/hard\libm.a(libm_a-ef_sqrt.o)
                0x0800c828                __ieee754_sqrtf
 .text.__kernel_cosf
                0x0800c830      0x104 c:/Users/Sive/AppData/Roaming/Code/User/globalStorage/bmd.stm32-for-vscode/@xpack-dev-tools/arm-none-eabi-gcc/13.2.1-1.1.1/.content/bin/../lib/gcc/arm-none-eabi/13.2.1/../../../../arm-none-eabi/lib/thumb/v7e-m+fp/hard\libm.a(libm_a-kf_cos.o)
                0x0800c830                __kernel_cosf
 .text.__kernel_sinf
                0x0800c934       0x90 c:/Users/Sive/AppData/Roaming/Code/User/globalStorage/bmd.stm32-for-vscode/@xpack-dev-tools/arm-none-eabi-gcc/13.2.1-1.1.1/.content/bin/../lib/gcc/arm-none-eabi/13.2.1/../../../../arm-none-eabi/lib/thumb/v7e-m+fp/hard\libm.a(libm_a-kf_sin.o)
                0x0800c934                __kernel_sinf
 .text.__ieee754_acosf
                0x0800c9c4      0x244 c:/Users/Sive/AppData/Roaming/Code/User/globalStorage/bmd.stm32-for-vscode/@xpack-dev-tools/arm-none-eabi-gcc/13.2.1-1.1.1/.content/bin/../lib/gcc/arm-none-eabi/13.2.1/../../../../arm-none-eabi/lib/thumb/v7e-m+fp/hard\libm.a(libm_a-ef_acos.o)
                0x0800c9c4                __ieee754_acosf
 .text.__ieee754_asinf
                0x0800cc08      0x1f8 c:/Users/Sive/AppData/Roaming/Code/User/globalStorage/bmd.stm32-for-vscode/@xpack-dev-tools/arm-none-eabi-gcc/13.2.1-1.1.1/.content/bin/../lib/gcc/arm-none-eabi/13.2.1/../../../../arm-none-eabi/lib/thumb/v7e-m+fp/hard\libm.a(libm_a-ef_asin.o)
                0x0800cc08                __ieee754_asinf
 .text.__ieee754_atan2f
                0x0800ce00      0x150 c:/Users/Sive/AppData/Roaming/Code/User/globalStorage/bmd.stm32-for-vscode/@xpack-dev-tools/arm-none-eabi-gcc/13.2.1-1.1.1/.content/bin/../lib/gcc/arm-none-eabi/13.2.1/../../../../arm-none-eabi/lib/thumb/v7e-m+fp/hard\libm.a(libm_a-ef_atan2.o)
                0x0800ce00                __ieee754_atan2f
 .text.__ieee754_rem_pio2f
                0x0800cf50      0x260 c:/Users/Sive/AppData/Roaming/Code/User/globalStorage/bmd.stm32-for-vscode/@xpack-dev-tools/arm-none-eabi-gcc/13.2.1-1.1.1/.content/bin/../lib/gcc/arm-none-eabi/13.2.1/../../../../arm-none-eabi/lib/thumb/v7e-m+fp/hard\libm.a(libm_a-ef_rem_pio2.o)
                0x0800cf50                __ieee754_rem_pio2f
 .text.atanf    0x0800d1b0      0x1ac c:/Users/Sive/AppData/Roaming/Code/User/globalStorage/bmd.stm32-for-vscode/@xpack-dev-tools/arm-none-eabi-gcc/13.2.1-1.1.1/.content/bin/../lib/gcc/arm-none-eabi/13.2.1/../../../../arm-none-eabi/lib/thumb/v7e-m+fp/hard\libm.a(libm_a-sf_atan.o)
                0x0800d1b0                atanf
 .text.__kernel_rem_pio2f
                0x0800d35c      0x63c c:/Users/Sive/AppData/Roaming/Code/User/globalStorage/bmd.stm32-for-vscode/@xpack-dev-tools/arm-none-eabi-gcc/13.2.1-1.1.1/.content/bin/../lib/gcc/arm-none-eabi/13.2.1/../../../../arm-none-eabi/lib/thumb/v7e-m+fp/hard\libm.a(libm_a-kf_rem_pio2.o)
                0x0800d35c                __kernel_rem_pio2f
 .text.scalbnf  0x0800d998       0xe4 c:/Users/Sive/AppData/Roaming/Code/User/globalStorage/bmd.stm32-for-vscode/@xpack-dev-tools/arm-none-eabi-gcc/13.2.1-1.1.1/.content/bin/../lib/gcc/arm-none-eabi/13.2.1/../../../../arm-none-eabi/lib/thumb/v7e-m+fp/hard\libm.a(libm_a-sf_scalbn.o)
                0x0800d998                scalbnf
 .text.floorf   0x0800da7c       0x94 c:/Users/Sive/AppData/Roaming/Code/User/globalStorage/bmd.stm32-for-vscode/@xpack-dev-tools/arm-none-eabi-gcc/13.2.1-1.1.1/.content/bin/../lib/gcc/arm-none-eabi/13.2.1/../../../../arm-none-eabi/lib/thumb/v7e-m+fp/hard\libm.a(libm_a-sf_floor.o)
                0x0800da7c                floorf
 .text._sbrk    0x0800db10       0x1c c:/Users/Sive/AppData/Roaming/Code/User/globalStorage/bmd.stm32-for-vscode/@xpack-dev-tools/arm-none-eabi-gcc/13.2.1-1.1.1/.content/bin/../lib/gcc/arm-none-eabi/13.2.1/../../../../arm-none-eabi/lib/thumb/v7e-m+fp/hard\libnosys.a(sbrk.o)
                0x0800db10                _sbrk
 .text.__udivmoddi4
                0x0800db2c      0x2bc c:/Users/Sive/AppData/Roaming/Code/User/globalStorage/bmd.stm32-for-vscode/@xpack-dev-tools/arm-none-eabi-gcc/13.2.1-1.1.1/.content/bin/../lib/gcc/arm-none-eabi/13.2.1/thumb/v7e-m+fp/hard\libgcc.a(_udivmoddi4.o)
                0x0800db2c                __udivmoddi4
 *(.glue_7)
 .glue_7        0x0800dde8        0x0 linker stubs
 *(.glue_7t)
 .glue_7t       0x0800dde8        0x0 linker stubs
 *(.eh_frame)
 .eh_frame      0x0800dde8        0x0 c:/Users/Sive/AppData/Roaming/Code/User/globalStorage/bmd.stm32-for-vscode/@xpack-dev-tools/arm-none-eabi-gcc/13.2.1-1.1.1/.content/bin/../lib/gcc/arm-none-eabi/13.2.1/thumb/v7e-m+fp/hard/crtbegin.o
 *(.init)
 .init          0x0800dde8        0x4 c:/Users/Sive/AppData/Roaming/Code/User/globalStorage/bmd.stm32-for-vscode/@xpack-dev-tools/arm-none-eabi-gcc/13.2.1-1.1.1/.content/bin/../lib/gcc/arm-none-eabi/13.2.1/thumb/v7e-m+fp/hard/crti.o
                0x0800dde8                _init
 .init          0x0800ddec        0x8 c:/Users/Sive/AppData/Roaming/Code/User/globalStorage/bmd.stm32-for-vscode/@xpack-dev-tools/arm-none-eabi-gcc/13.2.1-1.1.1/.content/bin/../lib/gcc/arm-none-eabi/13.2.1/thumb/v7e-m+fp/hard/crtn.o
 *(.fini)
 .fini          0x0800ddf4        0x4 c:/Users/Sive/AppData/Roaming/Code/User/globalStorage/bmd.stm32-for-vscode/@xpack-dev-tools/arm-none-eabi-gcc/13.2.1-1.1.1/.content/bin/../lib/gcc/arm-none-eabi/13.2.1/thumb/v7e-m+fp/hard/crti.o
                0x0800ddf4                _fini
 .fini          0x0800ddf8        0x8 c:/Users/Sive/AppData/Roaming/Code/User/globalStorage/bmd.stm32-for-vscode/@xpack-dev-tools/arm-none-eabi-gcc/13.2.1-1.1.1/.content/bin/../lib/gcc/arm-none-eabi/13.2.1/thumb/v7e-m+fp/hard/crtn.o
                0x0800de00                        . = ALIGN (0x4)
                0x0800de00                        _etext = .

.vfp11_veneer   0x0800de00        0x0
 .vfp11_veneer  0x0800de00        0x0 linker stubs

.v4_bx          0x0800de00        0x0
 .v4_bx         0x0800de00        0x0 linker stubs

.iplt           0x0800de00        0x0
 .iplt          0x0800de00        0x0 c:/Users/Sive/AppData/Roaming/Code/User/globalStorage/bmd.stm32-for-vscode/@xpack-dev-tools/arm-none-eabi-gcc/13.2.1-1.1.1/.content/bin/../lib/gcc/arm-none-eabi/13.2.1/thumb/v7e-m+fp/hard/crtbegin.o

.rodata         0x0800de00      0xf5c
                0x0800de00                        . = ALIGN (0x4)
 *(.rodata)
 .rodata        0x0800de00       0x70 build/robot.o
 .rodata        0x0800de70        0xc c:/Users/Sive/AppData/Roaming/Code/User/globalStorage/bmd.stm32-for-vscode/@xpack-dev-tools/arm-none-eabi-gcc/13.2.1-1.1.1/.content/bin/../lib/gcc/arm-none-eabi/13.2.1/../../../../arm-none-eabi/lib/thumb/v7e-m+fp/hard\libc_nano.a(libc_a-nano-vfscanf_i.o)
 *(.rodata*)
 .rodata.APBPrescTable
                0x0800de7c        0x8 build/system_stm32f4xx.o
                0x0800de7c                APBPrescTable
 .rodata.AHBPrescTable
                0x0800de84       0x10 build/system_stm32f4xx.o
                0x0800de84                AHBPrescTable
 .rodata.flagBitshiftOffset.0
                0x0800de94        0x8 build/stm32f4xx_hal_dma.o
 .rodata.vTaskStartScheduler.str1.4
                0x0800de9c       0xa2 build/tasks.o
                                  0x5 (size before relaxing)
 .rodata.prvCheckForValidListAndQueue.str1.4
                0x0800df3e        0x5 build/timers.o
 .rodata.xTimerCreateTimerTask.str1.4
                0x0800df3e        0x8 build/timers.o
 .rodata._DoInit.str1.4
                0x0800df3e        0x9 build/SEGGER_RTT.o
 *fill*         0x0800df3e        0x2 
 .rodata._aInitStr.0
                0x0800df40       0x11 build/SEGGER_RTT.o
 .rodata.ChassisInit.str1.4
                0x0800df51       0x19 build/chassis.o
 .rodata.RobotCMDInit.str1.4
                0x0800df51       0x45 build/robot_cmd.o
 .rodata.PawInit.str1.4
                0x0800df51       0x14 build/paw.o
 .rodata.str1.4
                0x0800df51       0x2c build/robot.o
 .rodata.ShootInit.str1.4
                0x0800df51       0x16 build/shoot.o
 *fill*         0x0800df51        0x3 
 .rodata.IMU_QuaternionEKF_F
                0x0800df54       0x90 build/QuaternionEKF.o
                0x0800df54                IMU_QuaternionEKF_F
 .rodata.data_to_distance.str1.4
                0x0800dfe4        0xa build/distance.o
 .rodata.BMI088_Gyro_Init_Table
                0x0800dfe4       0x12 build/BMI088driver.o
 *fill*         0x0800dff6        0x2 
 .rodata.BMI088_Accel_Init_Table
                0x0800dff8       0x12 build/BMI088driver.o
 *fill*         0x0800e00a        0x2 
 .rodata.zb     0x0800e00c        0xc build/ins_task.o
                0x0800e00c                zb
 .rodata.yb     0x0800e018        0xc build/ins_task.o
                0x0800e018                yb
 .rodata.xb     0x0800e024        0xc build/ins_task.o
                0x0800e024                xb
 .rodata.sinTable_f32
                0x0800e030      0x804 Middlewares/ST/ARM/DSP/Lib/libCMSISDSP.a(CommonTables.c.o)
                0x0800e030                sinTable_f32
 .rodata.__ssvfscanf_r.str1.1
                0x0800e834       0x1f c:/Users/Sive/AppData/Roaming/Code/User/globalStorage/bmd.stm32-for-vscode/@xpack-dev-tools/arm-none-eabi-gcc/13.2.1-1.1.1/.content/bin/../lib/gcc/arm-none-eabi/13.2.1/../../../../arm-none-eabi/lib/thumb/v7e-m+fp/hard\libc_nano.a(libc_a-nano-svfscanf.o)
                                  0x4 (size before relaxing)
 .rodata._scanf_i.str1.1
                0x0800e853       0x12 c:/Users/Sive/AppData/Roaming/Code/User/globalStorage/bmd.stm32-for-vscode/@xpack-dev-tools/arm-none-eabi-gcc/13.2.1-1.1.1/.content/bin/../lib/gcc/arm-none-eabi/13.2.1/../../../../arm-none-eabi/lib/thumb/v7e-m+fp/hard\libc_nano.a(libc_a-nano-vfscanf_i.o)
 .rodata.str1.1
                0x0800e853        0x9 c:/Users/Sive/AppData/Roaming/Code/User/globalStorage/bmd.stm32-for-vscode/@xpack-dev-tools/arm-none-eabi-gcc/13.2.1-1.1.1/.content/bin/../lib/gcc/arm-none-eabi/13.2.1/../../../../arm-none-eabi/lib/thumb/v7e-m+fp/hard\libc_nano.a(libc_a-nano-vfscanf_i.o)
 .rodata._ctype_
                0x0800e853      0x101 c:/Users/Sive/AppData/Roaming/Code/User/globalStorage/bmd.stm32-for-vscode/@xpack-dev-tools/arm-none-eabi-gcc/13.2.1-1.1.1/.content/bin/../lib/gcc/arm-none-eabi/13.2.1/../../../../arm-none-eabi/lib/thumb/v7e-m+fp/hard\libc_nano.a(libc_a-ctype_.o)
                0x0800e853                _ctype_
 .rodata.acosf.str1.4
                0x0800e954        0x1 c:/Users/Sive/AppData/Roaming/Code/User/globalStorage/bmd.stm32-for-vscode/@xpack-dev-tools/arm-none-eabi-gcc/13.2.1-1.1.1/.content/bin/../lib/gcc/arm-none-eabi/13.2.1/../../../../arm-none-eabi/lib/thumb/v7e-m+fp/hard\libm.a(libm_a-wf_acos.o)
 .rodata.asinf.str1.4
                0x0800e954        0x1 c:/Users/Sive/AppData/Roaming/Code/User/globalStorage/bmd.stm32-for-vscode/@xpack-dev-tools/arm-none-eabi-gcc/13.2.1-1.1.1/.content/bin/../lib/gcc/arm-none-eabi/13.2.1/../../../../arm-none-eabi/lib/thumb/v7e-m+fp/hard\libm.a(libm_a-wf_asin.o)
 .rodata.CSWTCH.9
                0x0800e954        0xc c:/Users/Sive/AppData/Roaming/Code/User/globalStorage/bmd.stm32-for-vscode/@xpack-dev-tools/arm-none-eabi-gcc/13.2.1-1.1.1/.content/bin/../lib/gcc/arm-none-eabi/13.2.1/../../../../arm-none-eabi/lib/thumb/v7e-m+fp/hard\libm.a(libm_a-ef_atan2.o)
 .rodata.CSWTCH.8
                0x0800e960        0xc c:/Users/Sive/AppData/Roaming/Code/User/globalStorage/bmd.stm32-for-vscode/@xpack-dev-tools/arm-none-eabi-gcc/13.2.1-1.1.1/.content/bin/../lib/gcc/arm-none-eabi/13.2.1/../../../../arm-none-eabi/lib/thumb/v7e-m+fp/hard\libm.a(libm_a-ef_atan2.o)
 .rodata.npio2_hw
                0x0800e96c       0x80 c:/Users/Sive/AppData/Roaming/Code/User/globalStorage/bmd.stm32-for-vscode/@xpack-dev-tools/arm-none-eabi-gcc/13.2.1-1.1.1/.content/bin/../lib/gcc/arm-none-eabi/13.2.1/../../../../arm-none-eabi/lib/thumb/v7e-m+fp/hard\libm.a(libm_a-ef_rem_pio2.o)
 .rodata.two_over_pi
                0x0800e9ec      0x318 c:/Users/Sive/AppData/Roaming/Code/User/globalStorage/bmd.stm32-for-vscode/@xpack-dev-tools/arm-none-eabi-gcc/13.2.1-1.1.1/.content/bin/../lib/gcc/arm-none-eabi/13.2.1/../../../../arm-none-eabi/lib/thumb/v7e-m+fp/hard\libm.a(libm_a-ef_rem_pio2.o)
 .rodata.atanlo
                0x0800ed04       0x10 c:/Users/Sive/AppData/Roaming/Code/User/globalStorage/bmd.stm32-for-vscode/@xpack-dev-tools/arm-none-eabi-gcc/13.2.1-1.1.1/.content/bin/../lib/gcc/arm-none-eabi/13.2.1/../../../../arm-none-eabi/lib/thumb/v7e-m+fp/hard\libm.a(libm_a-sf_atan.o)
 .rodata.atanhi
                0x0800ed14       0x10 c:/Users/Sive/AppData/Roaming/Code/User/globalStorage/bmd.stm32-for-vscode/@xpack-dev-tools/arm-none-eabi-gcc/13.2.1-1.1.1/.content/bin/../lib/gcc/arm-none-eabi/13.2.1/../../../../arm-none-eabi/lib/thumb/v7e-m+fp/hard\libm.a(libm_a-sf_atan.o)
 .rodata.PIo2   0x0800ed24       0x2c c:/Users/Sive/AppData/Roaming/Code/User/globalStorage/bmd.stm32-for-vscode/@xpack-dev-tools/arm-none-eabi-gcc/13.2.1-1.1.1/.content/bin/../lib/gcc/arm-none-eabi/13.2.1/../../../../arm-none-eabi/lib/thumb/v7e-m+fp/hard\libm.a(libm_a-kf_rem_pio2.o)
 .rodata.init_jk
                0x0800ed50        0xc c:/Users/Sive/AppData/Roaming/Code/User/globalStorage/bmd.stm32-for-vscode/@xpack-dev-tools/arm-none-eabi-gcc/13.2.1-1.1.1/.content/bin/../lib/gcc/arm-none-eabi/13.2.1/../../../../arm-none-eabi/lib/thumb/v7e-m+fp/hard\libm.a(libm_a-kf_rem_pio2.o)
                0x0800ed5c                        . = ALIGN (0x4)

.ARM.extab
 *(.ARM.extab* .gnu.linkonce.armextab.*)

.ARM            0x0800ed5c        0x8
                0x0800ed5c                        __exidx_start = .
 *(.ARM.exidx*)
 .ARM.exidx     0x0800ed5c        0x8 c:/Users/Sive/AppData/Roaming/Code/User/globalStorage/bmd.stm32-for-vscode/@xpack-dev-tools/arm-none-eabi-gcc/13.2.1-1.1.1/.content/bin/../lib/gcc/arm-none-eabi/13.2.1/../../../../arm-none-eabi/lib/thumb/v7e-m+fp/hard\libc_nano.a(libc_a-strcmp.o)
 .ARM.exidx     0x0800ed64        0x0 c:/Users/Sive/AppData/Roaming/Code/User/globalStorage/bmd.stm32-for-vscode/@xpack-dev-tools/arm-none-eabi-gcc/13.2.1-1.1.1/.content/bin/../lib/gcc/arm-none-eabi/13.2.1/../../../../arm-none-eabi/lib/thumb/v7e-m+fp/hard\libc_nano.a(libc_a-strlen.o)
                                  0x8 (size before relaxing)
 .ARM.exidx     0x0800ed64        0x0 c:/Users/Sive/AppData/Roaming/Code/User/globalStorage/bmd.stm32-for-vscode/@xpack-dev-tools/arm-none-eabi-gcc/13.2.1-1.1.1/.content/bin/../lib/gcc/arm-none-eabi/13.2.1/../../../../arm-none-eabi/lib/thumb/v7e-m+fp/hard\libc_nano.a(libc_a-memchr.o)
                                  0x8 (size before relaxing)
 .ARM.exidx.text.__udivmoddi4
                0x0800ed64        0x0 c:/Users/Sive/AppData/Roaming/Code/User/globalStorage/bmd.stm32-for-vscode/@xpack-dev-tools/arm-none-eabi-gcc/13.2.1-1.1.1/.content/bin/../lib/gcc/arm-none-eabi/13.2.1/thumb/v7e-m+fp/hard\libgcc.a(_udivmoddi4.o)
                                  0x8 (size before relaxing)
                0x0800ed64                        __exidx_end = .

.rel.dyn        0x0800ed64        0x0
 .rel.iplt      0x0800ed64        0x0 c:/Users/Sive/AppData/Roaming/Code/User/globalStorage/bmd.stm32-for-vscode/@xpack-dev-tools/arm-none-eabi-gcc/13.2.1-1.1.1/.content/bin/../lib/gcc/arm-none-eabi/13.2.1/thumb/v7e-m+fp/hard/crtbegin.o

.preinit_array  0x0800ed64        0x0
                0x0800ed64                        PROVIDE (__preinit_array_start = .)
 *(.preinit_array*)
                0x0800ed64                        PROVIDE (__preinit_array_end = .)

.init_array     0x0800ed64        0x4
                0x0800ed64                        PROVIDE (__init_array_start = .)
 *(SORT_BY_NAME(.init_array.*))
 *(.init_array*)
 .init_array    0x0800ed64        0x4 c:/Users/Sive/AppData/Roaming/Code/User/globalStorage/bmd.stm32-for-vscode/@xpack-dev-tools/arm-none-eabi-gcc/13.2.1-1.1.1/.content/bin/../lib/gcc/arm-none-eabi/13.2.1/thumb/v7e-m+fp/hard/crtbegin.o
                0x0800ed68                        PROVIDE (__init_array_end = .)

.fini_array     0x0800ed68        0x4
                0x0800ed68                        PROVIDE (__fini_array_start = .)
 *(SORT_BY_NAME(.fini_array.*))
 *(.fini_array*)
 .fini_array    0x0800ed68        0x4 c:/Users/Sive/AppData/Roaming/Code/User/globalStorage/bmd.stm32-for-vscode/@xpack-dev-tools/arm-none-eabi-gcc/13.2.1-1.1.1/.content/bin/../lib/gcc/arm-none-eabi/13.2.1/thumb/v7e-m+fp/hard/crtbegin.o
                0x0800ed6c                        PROVIDE (__fini_array_end = .)
                0x0800ed6c                        _sidata = LOADADDR (.data)

.data           0x20000000      0x360 load address 0x0800ed6c
                0x20000000                        . = ALIGN (0x4)
                0x20000000                        _sdata = .
 *(.data)
 *(.data*)
 .data.SystemCoreClock
                0x20000000        0x4 build/system_stm32f4xx.o
                0x20000000                SystemCoreClock
 .data.uwTickFreq
                0x20000004        0x1 build/stm32f4xx_hal.o
                0x20000004                uwTickFreq
 *fill*         0x20000005        0x3 
 .data.uwTickPrio
                0x20000008        0x4 build/stm32f4xx_hal.o
                0x20000008                uwTickPrio
 .data.uxCriticalNesting
                0x2000000c        0x4 build/port.o
 .data.can2_filter_idx.3
                0x20000010        0x1 build/bsp_can.o
 .data.can2_filter_idx.5
                0x20000011        0x1 build/bsp_can.o
 .data.can1_filter_idx.6
                0x20000012        0x1 build/bsp_can.o
 *fill*         0x20000013        0x1 
 .data.IMU_QuaternionEKF_P
                0x20000014       0x90 build/QuaternionEKF.o
                0x20000014                IMU_QuaternionEKF_P
 .data.caliOffset
                0x200000a4        0x1 build/BMI088driver.o
                0x200000a4                caliOffset
 *fill*         0x200000a5        0x3 
 .data.BMI088_GYRO_SEN
                0x200000a8        0x4 build/BMI088driver.o
                0x200000a8                BMI088_GYRO_SEN
 .data.BMI088_ACCEL_SEN
                0x200000ac        0x4 build/BMI088driver.o
                0x200000ac                BMI088_ACCEL_SEN
 .data.message_center
                0x200000b0       0x30 build/message_center.o
 .data.sender_assignment
                0x200000e0      0x22e build/dji_motor.o
 *fill*         0x2000030e        0x2 
 .data._impure_ptr
                0x20000310        0x4 c:/Users/Sive/AppData/Roaming/Code/User/globalStorage/bmd.stm32-for-vscode/@xpack-dev-tools/arm-none-eabi-gcc/13.2.1-1.1.1/.content/bin/../lib/gcc/arm-none-eabi/13.2.1/../../../../arm-none-eabi/lib/thumb/v7e-m+fp/hard\libc_nano.a(libc_a-impure.o)
                0x20000310                _impure_ptr
 .data._impure_data
                0x20000314       0x4c c:/Users/Sive/AppData/Roaming/Code/User/globalStorage/bmd.stm32-for-vscode/@xpack-dev-tools/arm-none-eabi-gcc/13.2.1-1.1.1/.content/bin/../lib/gcc/arm-none-eabi/13.2.1/../../../../arm-none-eabi/lib/thumb/v7e-m+fp/hard\libc_nano.a(libc_a-impure.o)
                0x20000314                _impure_data
                0x20000360                        . = ALIGN (0x4)
                0x20000360                        _edata = .
                0x0800f0cc                        _siccmram = LOADADDR (.ccmram)

.igot.plt       0x20000360        0x0 load address 0x0800f0cc
 .igot.plt      0x20000360        0x0 c:/Users/Sive/AppData/Roaming/Code/User/globalStorage/bmd.stm32-for-vscode/@xpack-dev-tools/arm-none-eabi-gcc/13.2.1-1.1.1/.content/bin/../lib/gcc/arm-none-eabi/13.2.1/thumb/v7e-m+fp/hard/crtbegin.o

.ccmram         0x10000000        0x0 load address 0x0800f0cc
                0x10000000                        . = ALIGN (0x4)
                0x10000000                        _sccmram = .
 *(.ccmram)
 *(.ccmram*)
                0x10000000                        . = ALIGN (0x4)
                0x10000000                        _eccmram = .
                0x10000000                        . = ALIGN (0x4)

.bss            0x20000360     0x5a78
                0x20000360                        _sbss = .
                0x20000360                        __bss_start__ = _sbss
 *(.bss)
 *(.bss*)
 .bss.completed.1
                0x20000360        0x1 c:/Users/Sive/AppData/Roaming/Code/User/globalStorage/bmd.stm32-for-vscode/@xpack-dev-tools/arm-none-eabi-gcc/13.2.1-1.1.1/.content/bin/../lib/gcc/arm-none-eabi/13.2.1/thumb/v7e-m+fp/hard/crtbegin.o
 *fill*         0x20000361        0x3 
 .bss.object.0  0x20000364       0x18 c:/Users/Sive/AppData/Roaming/Code/User/globalStorage/bmd.stm32-for-vscode/@xpack-dev-tools/arm-none-eabi-gcc/13.2.1-1.1.1/.content/bin/../lib/gcc/arm-none-eabi/13.2.1/thumb/v7e-m+fp/hard/crtbegin.o
 .bss.HAL_RCC_CAN1_CLK_ENABLED
                0x2000037c        0x4 build/can.o
 .bss.hcan2     0x20000380       0x28 build/can.o
                0x20000380                hcan2
 .bss.hcan1     0x200003a8       0x28 build/can.o
                0x200003a8                hcan1
 .bss.xTimerStack
                0x200003d0      0x400 build/freertos.o
 .bss.xTimerTaskTCBBuffer
                0x200007d0       0x54 build/freertos.o
 .bss.xIdleStack
                0x20000824      0x200 build/freertos.o
 .bss.xIdleTaskTCBBuffer
                0x20000a24       0x54 build/freertos.o